VM-0-4-tencentos:148:1332 [7] NCCL INFO Channel 05/0 : 7[9e000] -> 5[b8000] via P2P/IPC comm 0x563efdda8ec0 nRanks 08
VM-0-4-tencentos:148:1332 [7] NCCL INFO Channel 06/0 : 7[9e000] -> 5[b8000] via P2P/IPC comm 0x563efdda8ec0 nRanks 08
VM-0-4-tencentos:148:1332 [7] NCCL INFO Channel 07/0 : 7[9e000] -> 5[b8000] via P2P/IPC comm 0x563efdda8ec0 nRanks 08
VM-0-4-tencentos:148:1332 [7] NCCL INFO Channel 08/0 : 7[9e000] -> 5[b8000] via P2P/IPC comm 0x563efdda8ec0 nRanks 08
VM-0-4-tencentos:148:1332 [7] NCCL INFO Channel 09/0 : 7[9e000] -> 5[b8000] via P2P/IPC comm 0x563efdda8ec0 nRanks 08
VM-0-4-tencentos:142:1331 [1] NCCL INFO Channel 12/0 : 1[2b000] -> 3[1c000] via P2P/IPC comm 0x5579cd8f9170 nRanks 08
VM-0-4-tencentos:148:1332 [7] NCCL INFO Channel 10/0 : 7[9e000] -> 5[b8000] via P2P/IPC comm 0x563efdda8ec0 nRanks 08
VM-0-4-tencentos:146:1327 [5] NCCL INFO Channel 08/0 : 5[b8000] -> 6[bf000] via P2P/IPC comm 0x5610dbffedf0 nRanks 08
VM-0-4-tencentos:148:1332 [7] NCCL INFO Channel 11/0 : 7[9e000] -> 5[b8000] via P2P/IPC comm 0x563efdda8ec0 nRanks 08
VM-0-4-tencentos:142:1331 [1] NCCL INFO Channel 13/0 : 1[2b000] -> 3[1c000] via P2P/IPC comm 0x5579cd8f9170 nRanks 08
VM-0-4-tencentos:146:1327 [5] NCCL INFO Channel 09/0 : 5[b8000] -> 6[bf000] via P2P/IPC comm 0x5610dbffedf0 nRanks 08
VM-0-4-tencentos:142:1331 [1] NCCL INFO Channel 14/0 : 1[2b000] -> 3[1c000] via P2P/IPC comm 0x5579cd8f9170 nRanks 08
VM-0-4-tencentos:148:1332 [7] NCCL INFO Channel 12/0 : 7[9e000] -> 5[b8000] via P2P/IPC comm 0x563efdda8ec0 nRanks 08
VM-0-4-tencentos:146:1327 [5] NCCL INFO Channel 10/0 : 5[b8000] -> 6[bf000] via P2P/IPC comm 0x5610dbffedf0 nRanks 08
VM-0-4-tencentos:142:1331 [1] NCCL INFO Channel 15/0 : 1[2b000] -> 3[1c000] via P2P/IPC comm 0x5579cd8f9170 nRanks 08
VM-0-4-tencentos:148:1332 [7] NCCL INFO Channel 13/0 : 7[9e000] -> 5[b8000] via P2P/IPC comm 0x563efdda8ec0 nRanks 08
VM-0-4-tencentos:146:1327 [5] NCCL INFO Channel 11/0 : 5[b8000] -> 6[bf000] via P2P/IPC comm 0x5610dbffedf0 nRanks 08
VM-0-4-tencentos:142:1331 [1] NCCL INFO Channel 16/0 : 1[2b000] -> 3[1c000] via P2P/IPC comm 0x5579cd8f9170 nRanks 08
VM-0-4-tencentos:148:1332 [7] NCCL INFO Channel 14/0 : 7[9e000] -> 5[b8000] via P2P/IPC comm 0x563efdda8ec0 nRanks 08
VM-0-4-tencentos:146:1327 [5] NCCL INFO Channel 12/0 : 5[b8000] -> 6[bf000] via P2P/IPC comm 0x5610dbffedf0 nRanks 08
VM-0-4-tencentos:142:1331 [1] NCCL INFO Channel 17/0 : 1[2b000] -> 3[1c000] via P2P/IPC comm 0x5579cd8f9170 nRanks 08
VM-0-4-tencentos:148:1332 [7] NCCL INFO Channel 15/0 : 7[9e000] -> 5[b8000] via P2P/IPC comm 0x563efdda8ec0 nRanks 08
VM-0-4-tencentos:146:1327 [5] NCCL INFO Channel 13/0 : 5[b8000] -> 6[bf000] via P2P/IPC comm 0x5610dbffedf0 nRanks 08
VM-0-4-tencentos:142:1331 [1] NCCL INFO Channel 18/0 : 1[2b000] -> 3[1c000] via P2P/IPC comm 0x5579cd8f9170 nRanks 08
VM-0-4-tencentos:146:1327 [5] NCCL INFO Channel 14/0 : 5[b8000] -> 6[bf000] via P2P/IPC comm 0x5610dbffedf0 nRanks 08
VM-0-4-tencentos:142:1331 [1] NCCL INFO Channel 19/0 : 1[2b000] -> 3[1c000] via P2P/IPC comm 0x5579cd8f9170 nRanks 08
VM-0-4-tencentos:148:1332 [7] NCCL INFO Channel 16/0 : 7[9e000] -> 5[b8000] via P2P/IPC comm 0x563efdda8ec0 nRanks 08
VM-0-4-tencentos:146:1327 [5] NCCL INFO Channel 15/0 : 5[b8000] -> 6[bf000] via P2P/IPC comm 0x5610dbffedf0 nRanks 08
VM-0-4-tencentos:142:1331 [1] NCCL INFO Channel 20/0 : 1[2b000] -> 3[1c000] via P2P/IPC comm 0x5579cd8f9170 nRanks 08
VM-0-4-tencentos:148:1332 [7] NCCL INFO Channel 17/0 : 7[9e000] -> 5[b8000] via P2P/IPC comm 0x563efdda8ec0 nRanks 08
VM-0-4-tencentos:146:1327 [5] NCCL INFO Channel 16/0 : 5[b8000] -> 6[bf000] via P2P/IPC comm 0x5610dbffedf0 nRanks 08
VM-0-4-tencentos:142:1331 [1] NCCL INFO Channel 21/0 : 1[2b000] -> 3[1c000] via P2P/IPC comm 0x5579cd8f9170 nRanks 08
VM-0-4-tencentos:148:1332 [7] NCCL INFO Channel 18/0 : 7[9e000] -> 5[b8000] via P2P/IPC comm 0x563efdda8ec0 nRanks 08
VM-0-4-tencentos:146:1327 [5] NCCL INFO Channel 17/0 : 5[b8000] -> 6[bf000] via P2P/IPC comm 0x5610dbffedf0 nRanks 08
VM-0-4-tencentos:142:1331 [1] NCCL INFO Channel 22/0 : 1[2b000] -> 3[1c000] via P2P/IPC comm 0x5579cd8f9170 nRanks 08
VM-0-4-tencentos:146:1327 [5] NCCL INFO Channel 18/0 : 5[b8000] -> 6[bf000] via P2P/IPC comm 0x5610dbffedf0 nRanks 08
VM-0-4-tencentos:142:1331 [1] NCCL INFO Channel 23/0 : 1[2b000] -> 3[1c000] via P2P/IPC comm 0x5579cd8f9170 nRanks 08
VM-0-4-tencentos:146:1327 [5] NCCL INFO Channel 19/0 : 5[b8000] -> 6[bf000] via P2P/IPC comm 0x5610dbffedf0 nRanks 08
VM-0-4-tencentos:142:1331 [1] NCCL INFO Channel 24/0 : 1[2b000] -> 3[1c000] via P2P/IPC comm 0x5579cd8f9170 nRanks 08
VM-0-4-tencentos:146:1327 [5] NCCL INFO Channel 20/0 : 5[b8000] -> 6[bf000] via P2P/IPC comm 0x5610dbffedf0 nRanks 08
VM-0-4-tencentos:142:1331 [1] NCCL INFO Channel 25/0 : 1[2b000] -> 3[1c000] via P2P/IPC comm 0x5579cd8f9170 nRanks 08
VM-0-4-tencentos:146:1327 [5] NCCL INFO Channel 21/0 : 5[b8000] -> 6[bf000] via P2P/IPC comm 0x5610dbffedf0 nRanks 08
VM-0-4-tencentos:142:1331 [1] NCCL INFO Channel 26/0 : 1[2b000] -> 3[1c000] via P2P/IPC comm 0x5579cd8f9170 nRanks 08
VM-0-4-tencentos:146:1327 [5] NCCL INFO Channel 22/0 : 5[b8000] -> 6[bf000] via P2P/IPC comm 0x5610dbffedf0 nRanks 08
VM-0-4-tencentos:142:1331 [1] NCCL INFO Channel 27/0 : 1[2b000] -> 3[1c000] via P2P/IPC comm 0x5579cd8f9170 nRanks 08
VM-0-4-tencentos:146:1327 [5] NCCL INFO Channel 23/0 : 5[b8000] -> 6[bf000] via P2P/IPC comm 0x5610dbffedf0 nRanks 08
VM-0-4-tencentos:142:1331 [1] NCCL INFO Channel 28/0 : 1[2b000] -> 3[1c000] via P2P/IPC comm 0x5579cd8f9170 nRanks 08
VM-0-4-tencentos:146:1327 [5] NCCL INFO Channel 24/0 : 5[b8000] -> 6[bf000] via P2P/IPC comm 0x5610dbffedf0 nRanks 08
VM-0-4-tencentos:142:1331 [1] NCCL INFO Channel 29/0 : 1[2b000] -> 3[1c000] via P2P/IPC comm 0x5579cd8f9170 nRanks 08
VM-0-4-tencentos:148:1332 [7] NCCL INFO Channel 19/0 : 7[9e000] -> 5[b8000] via P2P/IPC comm 0x563efdda8ec0 nRanks 08
VM-0-4-tencentos:146:1327 [5] NCCL INFO Channel 25/0 : 5[b8000] -> 6[bf000] via P2P/IPC comm 0x5610dbffedf0 nRanks 08
VM-0-4-tencentos:142:1331 [1] NCCL INFO Channel 30/0 : 1[2b000] -> 3[1c000] via P2P/IPC comm 0x5579cd8f9170 nRanks 08
VM-0-4-tencentos:148:1332 [7] NCCL INFO Channel 20/0 : 7[9e000] -> 5[b8000] via P2P/IPC comm 0x563efdda8ec0 nRanks 08
VM-0-4-tencentos:146:1327 [5] NCCL INFO Channel 26/0 : 5[b8000] -> 6[bf000] via P2P/IPC comm 0x5610dbffedf0 nRanks 08
VM-0-4-tencentos:142:1331 [1] NCCL INFO Channel 31/0 : 1[2b000] -> 3[1c000] via P2P/IPC comm 0x5579cd8f9170 nRanks 08
VM-0-4-tencentos:148:1332 [7] NCCL INFO Channel 21/0 : 7[9e000] -> 5[b8000] via P2P/IPC comm 0x563efdda8ec0 nRanks 08
VM-0-4-tencentos:146:1327 [5] NCCL INFO Channel 27/0 : 5[b8000] -> 6[bf000] via P2P/IPC comm 0x5610dbffedf0 nRanks 08
VM-0-4-tencentos:144:1330 [3] NCCL INFO Channel 00/0 : 3[1c000] -> 0[5000] via P2P/IPC comm 0x55f715378e30 nRanks 08
VM-0-4-tencentos:146:1327 [5] NCCL INFO Channel 28/0 : 5[b8000] -> 6[bf000] via P2P/IPC comm 0x5610dbffedf0 nRanks 08
VM-0-4-tencentos:148:1332 [7] NCCL INFO Channel 22/0 : 7[9e000] -> 5[b8000] via P2P/IPC comm 0x563efdda8ec0 nRanks 08
VM-0-4-tencentos:144:1330 [3] NCCL INFO Channel 01/0 : 3[1c000] -> 0[5000] via P2P/IPC comm 0x55f715378e30 nRanks 08
VM-0-4-tencentos:146:1327 [5] NCCL INFO Channel 29/0 : 5[b8000] -> 6[bf000] via P2P/IPC comm 0x5610dbffedf0 nRanks 08
VM-0-4-tencentos:148:1332 [7] NCCL INFO Channel 23/0 : 7[9e000] -> 5[b8000] via P2P/IPC comm 0x563efdda8ec0 nRanks 08
VM-0-4-tencentos:144:1330 [3] NCCL INFO Channel 02/0 : 3[1c000] -> 0[5000] via P2P/IPC comm 0x55f715378e30 nRanks 08
VM-0-4-tencentos:146:1327 [5] NCCL INFO Channel 30/0 : 5[b8000] -> 6[bf000] via P2P/IPC comm 0x5610dbffedf0 nRanks 08
VM-0-4-tencentos:148:1332 [7] NCCL INFO Channel 24/0 : 7[9e000] -> 5[b8000] via P2P/IPC comm 0x563efdda8ec0 nRanks 08
VM-0-4-tencentos:144:1330 [3] NCCL INFO Channel 03/0 : 3[1c000] -> 0[5000] via P2P/IPC comm 0x55f715378e30 nRanks 08
VM-0-4-tencentos:146:1327 [5] NCCL INFO Channel 31/0 : 5[b8000] -> 6[bf000] via P2P/IPC comm 0x5610dbffedf0 nRanks 08
VM-0-4-tencentos:144:1330 [3] NCCL INFO Channel 04/0 : 3[1c000] -> 0[5000] via P2P/IPC comm 0x55f715378e30 nRanks 08
VM-0-4-tencentos:148:1332 [7] NCCL INFO Channel 25/0 : 7[9e000] -> 5[b8000] via P2P/IPC comm 0x563efdda8ec0 nRanks 08
VM-0-4-tencentos:145:1326 [4] NCCL INFO Channel 00/0 : 4[86000] -> 2[14000] via P2P/IPC comm 0x55ec88b0fde0 nRanks 08
VM-0-4-tencentos:144:1330 [3] NCCL INFO Channel 05/0 : 3[1c000] -> 0[5000] via P2P/IPC comm 0x55f715378e30 nRanks 08
VM-0-4-tencentos:148:1332 [7] NCCL INFO Channel 26/0 : 7[9e000] -> 5[b8000] via P2P/IPC comm 0x563efdda8ec0 nRanks 08
VM-0-4-tencentos:144:1330 [3] NCCL INFO Channel 06/0 : 3[1c000] -> 0[5000] via P2P/IPC comm 0x55f715378e30 nRanks 08
VM-0-4-tencentos:145:1326 [4] NCCL INFO Channel 01/0 : 4[86000] -> 2[14000] via P2P/IPC comm 0x55ec88b0fde0 nRanks 08
VM-0-4-tencentos:148:1332 [7] NCCL INFO Channel 27/0 : 7[9e000] -> 5[b8000] via P2P/IPC comm 0x563efdda8ec0 nRanks 08
VM-0-4-tencentos:144:1330 [3] NCCL INFO Channel 07/0 : 3[1c000] -> 0[5000] via P2P/IPC comm 0x55f715378e30 nRanks 08
VM-0-4-tencentos:145:1326 [4] NCCL INFO Channel 02/0 : 4[86000] -> 2[14000] via P2P/IPC comm 0x55ec88b0fde0 nRanks 08
VM-0-4-tencentos:144:1330 [3] NCCL INFO Channel 08/0 : 3[1c000] -> 0[5000] via P2P/IPC comm 0x55f715378e30 nRanks 08
VM-0-4-tencentos:148:1332 [7] NCCL INFO Channel 28/0 : 7[9e000] -> 5[b8000] via P2P/IPC comm 0x563efdda8ec0 nRanks 08
VM-0-4-tencentos:145:1326 [4] NCCL INFO Channel 03/0 : 4[86000] -> 2[14000] via P2P/IPC comm 0x55ec88b0fde0 nRanks 08
VM-0-4-tencentos:144:1330 [3] NCCL INFO Channel 09/0 : 3[1c000] -> 0[5000] via P2P/IPC comm 0x55f715378e30 nRanks 08
VM-0-4-tencentos:148:1332 [7] NCCL INFO Channel 29/0 : 7[9e000] -> 5[b8000] via P2P/IPC comm 0x563efdda8ec0 nRanks 08
VM-0-4-tencentos:145:1326 [4] NCCL INFO Channel 04/0 : 4[86000] -> 2[14000] via P2P/IPC comm 0x55ec88b0fde0 nRanks 08
VM-0-4-tencentos:144:1330 [3] NCCL INFO Channel 10/0 : 3[1c000] -> 0[5000] via P2P/IPC comm 0x55f715378e30 nRanks 08
VM-0-4-tencentos:145:1326 [4] NCCL INFO Channel 05/0 : 4[86000] -> 2[14000] via P2P/IPC comm 0x55ec88b0fde0 nRanks 08
VM-0-4-tencentos:148:1332 [7] NCCL INFO Channel 30/0 : 7[9e000] -> 5[b8000] via P2P/IPC comm 0x563efdda8ec0 nRanks 08
VM-0-4-tencentos:144:1330 [3] NCCL INFO Channel 11/0 : 3[1c000] -> 0[5000] via P2P/IPC comm 0x55f715378e30 nRanks 08
VM-0-4-tencentos:145:1326 [4] NCCL INFO Channel 06/0 : 4[86000] -> 2[14000] via P2P/IPC comm 0x55ec88b0fde0 nRanks 08
VM-0-4-tencentos:144:1330 [3] NCCL INFO Channel 12/0 : 3[1c000] -> 0[5000] via P2P/IPC comm 0x55f715378e30 nRanks 08
VM-0-4-tencentos:148:1332 [7] NCCL INFO Channel 31/0 : 7[9e000] -> 5[b8000] via P2P/IPC comm 0x563efdda8ec0 nRanks 08
VM-0-4-tencentos:145:1326 [4] NCCL INFO Channel 07/0 : 4[86000] -> 2[14000] via P2P/IPC comm 0x55ec88b0fde0 nRanks 08
VM-0-4-tencentos:144:1330 [3] NCCL INFO Channel 13/0 : 3[1c000] -> 0[5000] via P2P/IPC comm 0x55f715378e30 nRanks 08
VM-0-4-tencentos:147:1329 [6] NCCL INFO Channel 00/0 : 6[bf000] -> 4[86000] via P2P/IPC comm 0x56087ed7fe60 nRanks 08
VM-0-4-tencentos:145:1326 [4] NCCL INFO Channel 08/0 : 4[86000] -> 2[14000] via P2P/IPC comm 0x55ec88b0fde0 nRanks 08
VM-0-4-tencentos:144:1330 [3] NCCL INFO Channel 14/0 : 3[1c000] -> 0[5000] via P2P/IPC comm 0x55f715378e30 nRanks 08
VM-0-4-tencentos:147:1329 [6] NCCL INFO Channel 01/0 : 6[bf000] -> 4[86000] via P2P/IPC comm 0x56087ed7fe60 nRanks 08
VM-0-4-tencentos:145:1326 [4] NCCL INFO Channel 09/0 : 4[86000] -> 2[14000] via P2P/IPC comm 0x55ec88b0fde0 nRanks 08
VM-0-4-tencentos:144:1330 [3] NCCL INFO Channel 15/0 : 3[1c000] -> 0[5000] via P2P/IPC comm 0x55f715378e30 nRanks 08
VM-0-4-tencentos:147:1329 [6] NCCL INFO Channel 02/0 : 6[bf000] -> 4[86000] via P2P/IPC comm 0x56087ed7fe60 nRanks 08
VM-0-4-tencentos:145:1326 [4] NCCL INFO Channel 10/0 : 4[86000] -> 2[14000] via P2P/IPC comm 0x55ec88b0fde0 nRanks 08
VM-0-4-tencentos:144:1330 [3] NCCL INFO Channel 16/0 : 3[1c000] -> 0[5000] via P2P/IPC comm 0x55f715378e30 nRanks 08
VM-0-4-tencentos:147:1329 [6] NCCL INFO Channel 03/0 : 6[bf000] -> 4[86000] via P2P/IPC comm 0x56087ed7fe60 nRanks 08
VM-0-4-tencentos:145:1326 [4] NCCL INFO Channel 11/0 : 4[86000] -> 2[14000] via P2P/IPC comm 0x55ec88b0fde0 nRanks 08
VM-0-4-tencentos:144:1330 [3] NCCL INFO Channel 17/0 : 3[1c000] -> 0[5000] via P2P/IPC comm 0x55f715378e30 nRanks 08
VM-0-4-tencentos:147:1329 [6] NCCL INFO Channel 04/0 : 6[bf000] -> 4[86000] via P2P/IPC comm 0x56087ed7fe60 nRanks 08
VM-0-4-tencentos:144:1330 [3] NCCL INFO Channel 18/0 : 3[1c000] -> 0[5000] via P2P/IPC comm 0x55f715378e30 nRanks 08
VM-0-4-tencentos:145:1326 [4] NCCL INFO Channel 12/0 : 4[86000] -> 2[14000] via P2P/IPC comm 0x55ec88b0fde0 nRanks 08
VM-0-4-tencentos:147:1329 [6] NCCL INFO Channel 05/0 : 6[bf000] -> 4[86000] via P2P/IPC comm 0x56087ed7fe60 nRanks 08
VM-0-4-tencentos:144:1330 [3] NCCL INFO Channel 19/0 : 3[1c000] -> 0[5000] via P2P/IPC comm 0x55f715378e30 nRanks 08
VM-0-4-tencentos:145:1326 [4] NCCL INFO Channel 13/0 : 4[86000] -> 2[14000] via P2P/IPC comm 0x55ec88b0fde0 nRanks 08
VM-0-4-tencentos:147:1329 [6] NCCL INFO Channel 06/0 : 6[bf000] -> 4[86000] via P2P/IPC comm 0x56087ed7fe60 nRanks 08
VM-0-4-tencentos:144:1330 [3] NCCL INFO Channel 20/0 : 3[1c000] -> 0[5000] via P2P/IPC comm 0x55f715378e30 nRanks 08
VM-0-4-tencentos:145:1326 [4] NCCL INFO Channel 14/0 : 4[86000] -> 2[14000] via P2P/IPC comm 0x55ec88b0fde0 nRanks 08
VM-0-4-tencentos:147:1329 [6] NCCL INFO Channel 07/0 : 6[bf000] -> 4[86000] via P2P/IPC comm 0x56087ed7fe60 nRanks 08
VM-0-4-tencentos:144:1330 [3] NCCL INFO Channel 21/0 : 3[1c000] -> 0[5000] via P2P/IPC comm 0x55f715378e30 nRanks 08
VM-0-4-tencentos:145:1326 [4] NCCL INFO Channel 15/0 : 4[86000] -> 2[14000] via P2P/IPC comm 0x55ec88b0fde0 nRanks 08
VM-0-4-tencentos:147:1329 [6] NCCL INFO Channel 08/0 : 6[bf000] -> 4[86000] via P2P/IPC comm 0x56087ed7fe60 nRanks 08
VM-0-4-tencentos:144:1330 [3] NCCL INFO Channel 22/0 : 3[1c000] -> 0[5000] via P2P/IPC comm 0x55f715378e30 nRanks 08
VM-0-4-tencentos:145:1326 [4] NCCL INFO Channel 16/0 : 4[86000] -> 2[14000] via P2P/IPC comm 0x55ec88b0fde0 nRanks 08
VM-0-4-tencentos:147:1329 [6] NCCL INFO Channel 09/0 : 6[bf000] -> 4[86000] via P2P/IPC comm 0x56087ed7fe60 nRanks 08
VM-0-4-tencentos:144:1330 [3] NCCL INFO Channel 23/0 : 3[1c000] -> 0[5000] via P2P/IPC comm 0x55f715378e30 nRanks 08
VM-0-4-tencentos:145:1326 [4] NCCL INFO Channel 17/0 : 4[86000] -> 2[14000] via P2P/IPC comm 0x55ec88b0fde0 nRanks 08
VM-0-4-tencentos:147:1329 [6] NCCL INFO Channel 10/0 : 6[bf000] -> 4[86000] via P2P/IPC comm 0x56087ed7fe60 nRanks 08
VM-0-4-tencentos:144:1330 [3] NCCL INFO Channel 24/0 : 3[1c000] -> 0[5000] via P2P/IPC comm 0x55f715378e30 nRanks 08
VM-0-4-tencentos:145:1326 [4] NCCL INFO Channel 18/0 : 4[86000] -> 2[14000] via P2P/IPC comm 0x55ec88b0fde0 nRanks 08
VM-0-4-tencentos:147:1329 [6] NCCL INFO Channel 11/0 : 6[bf000] -> 4[86000] via P2P/IPC comm 0x56087ed7fe60 nRanks 08
VM-0-4-tencentos:144:1330 [3] NCCL INFO Channel 25/0 : 3[1c000] -> 0[5000] via P2P/IPC comm 0x55f715378e30 nRanks 08
VM-0-4-tencentos:145:1326 [4] NCCL INFO Channel 19/0 : 4[86000] -> 2[14000] via P2P/IPC comm 0x55ec88b0fde0 nRanks 08
VM-0-4-tencentos:147:1329 [6] NCCL INFO Channel 12/0 : 6[bf000] -> 4[86000] via P2P/IPC comm 0x56087ed7fe60 nRanks 08
VM-0-4-tencentos:144:1330 [3] NCCL INFO Channel 26/0 : 3[1c000] -> 0[5000] via P2P/IPC comm 0x55f715378e30 nRanks 08
VM-0-4-tencentos:145:1326 [4] NCCL INFO Channel 20/0 : 4[86000] -> 2[14000] via P2P/IPC comm 0x55ec88b0fde0 nRanks 08
VM-0-4-tencentos:147:1329 [6] NCCL INFO Channel 13/0 : 6[bf000] -> 4[86000] via P2P/IPC comm 0x56087ed7fe60 nRanks 08
VM-0-4-tencentos:144:1330 [3] NCCL INFO Channel 27/0 : 3[1c000] -> 0[5000] via P2P/IPC comm 0x55f715378e30 nRanks 08
VM-0-4-tencentos:145:1326 [4] NCCL INFO Channel 21/0 : 4[86000] -> 2[14000] via P2P/IPC comm 0x55ec88b0fde0 nRanks 08
VM-0-4-tencentos:147:1329 [6] NCCL INFO Channel 14/0 : 6[bf000] -> 4[86000] via P2P/IPC comm 0x56087ed7fe60 nRanks 08
VM-0-4-tencentos:144:1330 [3] NCCL INFO Channel 28/0 : 3[1c000] -> 0[5000] via P2P/IPC comm 0x55f715378e30 nRanks 08
VM-0-4-tencentos:145:1326 [4] NCCL INFO Channel 22/0 : 4[86000] -> 2[14000] via P2P/IPC comm 0x55ec88b0fde0 nRanks 08
VM-0-4-tencentos:147:1329 [6] NCCL INFO Channel 15/0 : 6[bf000] -> 4[86000] via P2P/IPC comm 0x56087ed7fe60 nRanks 08
VM-0-4-tencentos:144:1330 [3] NCCL INFO Channel 29/0 : 3[1c000] -> 0[5000] via P2P/IPC comm 0x55f715378e30 nRanks 08
VM-0-4-tencentos:145:1326 [4] NCCL INFO Channel 23/0 : 4[86000] -> 2[14000] via P2P/IPC comm 0x55ec88b0fde0 nRanks 08
VM-0-4-tencentos:147:1329 [6] NCCL INFO Channel 16/0 : 6[bf000] -> 4[86000] via P2P/IPC comm 0x56087ed7fe60 nRanks 08
VM-0-4-tencentos:144:1330 [3] NCCL INFO Channel 30/0 : 3[1c000] -> 0[5000] via P2P/IPC comm 0x55f715378e30 nRanks 08
VM-0-4-tencentos:145:1326 [4] NCCL INFO Channel 24/0 : 4[86000] -> 2[14000] via P2P/IPC comm 0x55ec88b0fde0 nRanks 08
VM-0-4-tencentos:147:1329 [6] NCCL INFO Channel 17/0 : 6[bf000] -> 4[86000] via P2P/IPC comm 0x56087ed7fe60 nRanks 08
VM-0-4-tencentos:144:1330 [3] NCCL INFO Channel 31/0 : 3[1c000] -> 0[5000] via P2P/IPC comm 0x55f715378e30 nRanks 08
VM-0-4-tencentos:145:1326 [4] NCCL INFO Channel 25/0 : 4[86000] -> 2[14000] via P2P/IPC comm 0x55ec88b0fde0 nRanks 08
VM-0-4-tencentos:147:1329 [6] NCCL INFO Channel 18/0 : 6[bf000] -> 4[86000] via P2P/IPC comm 0x56087ed7fe60 nRanks 08
VM-0-4-tencentos:145:1326 [4] NCCL INFO Channel 26/0 : 4[86000] -> 2[14000] via P2P/IPC comm 0x55ec88b0fde0 nRanks 08
VM-0-4-tencentos:147:1329 [6] NCCL INFO Channel 19/0 : 6[bf000] -> 4[86000] via P2P/IPC comm 0x56087ed7fe60 nRanks 08
VM-0-4-tencentos:145:1326 [4] NCCL INFO Channel 27/0 : 4[86000] -> 2[14000] via P2P/IPC comm 0x55ec88b0fde0 nRanks 08
VM-0-4-tencentos:147:1329 [6] NCCL INFO Channel 20/0 : 6[bf000] -> 4[86000] via P2P/IPC comm 0x56087ed7fe60 nRanks 08
VM-0-4-tencentos:145:1326 [4] NCCL INFO Channel 28/0 : 4[86000] -> 2[14000] via P2P/IPC comm 0x55ec88b0fde0 nRanks 08
VM-0-4-tencentos:147:1329 [6] NCCL INFO Channel 21/0 : 6[bf000] -> 4[86000] via P2P/IPC comm 0x56087ed7fe60 nRanks 08
VM-0-4-tencentos:145:1326 [4] NCCL INFO Channel 29/0 : 4[86000] -> 2[14000] via P2P/IPC comm 0x55ec88b0fde0 nRanks 08
VM-0-4-tencentos:147:1329 [6] NCCL INFO Channel 22/0 : 6[bf000] -> 4[86000] via P2P/IPC comm 0x56087ed7fe60 nRanks 08
VM-0-4-tencentos:145:1326 [4] NCCL INFO Channel 30/0 : 4[86000] -> 2[14000] via P2P/IPC comm 0x55ec88b0fde0 nRanks 08
VM-0-4-tencentos:147:1329 [6] NCCL INFO Channel 23/0 : 6[bf000] -> 4[86000] via P2P/IPC comm 0x56087ed7fe60 nRanks 08
VM-0-4-tencentos:145:1326 [4] NCCL INFO Channel 31/0 : 4[86000] -> 2[14000] via P2P/IPC comm 0x55ec88b0fde0 nRanks 08
VM-0-4-tencentos:147:1329 [6] NCCL INFO Channel 24/0 : 6[bf000] -> 4[86000] via P2P/IPC comm 0x56087ed7fe60 nRanks 08
VM-0-4-tencentos:147:1329 [6] NCCL INFO Channel 25/0 : 6[bf000] -> 4[86000] via P2P/IPC comm 0x56087ed7fe60 nRanks 08
VM-0-4-tencentos:143:1328 [2] NCCL INFO Channel 00/0 : 2[14000] -> 1[2b000] via P2P/IPC comm 0x55f1f2318210 nRanks 08
VM-0-4-tencentos:147:1329 [6] NCCL INFO Channel 26/0 : 6[bf000] -> 4[86000] via P2P/IPC comm 0x56087ed7fe60 nRanks 08
VM-0-4-tencentos:143:1328 [2] NCCL INFO Channel 01/0 : 2[14000] -> 1[2b000] via P2P/IPC comm 0x55f1f2318210 nRanks 08
VM-0-4-tencentos:147:1329 [6] NCCL INFO Channel 27/0 : 6[bf000] -> 4[86000] via P2P/IPC comm 0x56087ed7fe60 nRanks 08
VM-0-4-tencentos:143:1328 [2] NCCL INFO Channel 02/0 : 2[14000] -> 1[2b000] via P2P/IPC comm 0x55f1f2318210 nRanks 08
VM-0-4-tencentos:147:1329 [6] NCCL INFO Channel 28/0 : 6[bf000] -> 4[86000] via P2P/IPC comm 0x56087ed7fe60 nRanks 08
VM-0-4-tencentos:143:1328 [2] NCCL INFO Channel 03/0 : 2[14000] -> 1[2b000] via P2P/IPC comm 0x55f1f2318210 nRanks 08
VM-0-4-tencentos:147:1329 [6] NCCL INFO Channel 29/0 : 6[bf000] -> 4[86000] via P2P/IPC comm 0x56087ed7fe60 nRanks 08
VM-0-4-tencentos:143:1328 [2] NCCL INFO Channel 04/0 : 2[14000] -> 1[2b000] via P2P/IPC comm 0x55f1f2318210 nRanks 08
VM-0-4-tencentos:147:1329 [6] NCCL INFO Channel 30/0 : 6[bf000] -> 4[86000] via P2P/IPC comm 0x56087ed7fe60 nRanks 08
VM-0-4-tencentos:143:1328 [2] NCCL INFO Channel 05/0 : 2[14000] -> 1[2b000] via P2P/IPC comm 0x55f1f2318210 nRanks 08
VM-0-4-tencentos:147:1329 [6] NCCL INFO Channel 31/0 : 6[bf000] -> 4[86000] via P2P/IPC comm 0x56087ed7fe60 nRanks 08
VM-0-4-tencentos:143:1328 [2] NCCL INFO Channel 06/0 : 2[14000] -> 1[2b000] via P2P/IPC comm 0x55f1f2318210 nRanks 08
VM-0-4-tencentos:143:1328 [2] NCCL INFO Channel 07/0 : 2[14000] -> 1[2b000] via P2P/IPC comm 0x55f1f2318210 nRanks 08
VM-0-4-tencentos:143:1328 [2] NCCL INFO Channel 08/0 : 2[14000] -> 1[2b000] via P2P/IPC comm 0x55f1f2318210 nRanks 08
VM-0-4-tencentos:143:1328 [2] NCCL INFO Channel 09/0 : 2[14000] -> 1[2b000] via P2P/IPC comm 0x55f1f2318210 nRanks 08
VM-0-4-tencentos:143:1328 [2] NCCL INFO Channel 10/0 : 2[14000] -> 1[2b000] via P2P/IPC comm 0x55f1f2318210 nRanks 08
VM-0-4-tencentos:143:1328 [2] NCCL INFO Channel 11/0 : 2[14000] -> 1[2b000] via P2P/IPC comm 0x55f1f2318210 nRanks 08
VM-0-4-tencentos:143:1328 [2] NCCL INFO Channel 12/0 : 2[14000] -> 1[2b000] via P2P/IPC comm 0x55f1f2318210 nRanks 08
VM-0-4-tencentos:143:1328 [2] NCCL INFO Channel 13/0 : 2[14000] -> 1[2b000] via P2P/IPC comm 0x55f1f2318210 nRanks 08
VM-0-4-tencentos:143:1328 [2] NCCL INFO Channel 14/0 : 2[14000] -> 1[2b000] via P2P/IPC comm 0x55f1f2318210 nRanks 08
VM-0-4-tencentos:143:1328 [2] NCCL INFO Channel 15/0 : 2[14000] -> 1[2b000] via P2P/IPC comm 0x55f1f2318210 nRanks 08
VM-0-4-tencentos:143:1328 [2] NCCL INFO Channel 16/0 : 2[14000] -> 1[2b000] via P2P/IPC comm 0x55f1f2318210 nRanks 08
VM-0-4-tencentos:143:1328 [2] NCCL INFO Channel 17/0 : 2[14000] -> 1[2b000] via P2P/IPC comm 0x55f1f2318210 nRanks 08
VM-0-4-tencentos:143:1328 [2] NCCL INFO Channel 18/0 : 2[14000] -> 1[2b000] via P2P/IPC comm 0x55f1f2318210 nRanks 08
VM-0-4-tencentos:143:1328 [2] NCCL INFO Channel 19/0 : 2[14000] -> 1[2b000] via P2P/IPC comm 0x55f1f2318210 nRanks 08
VM-0-4-tencentos:143:1328 [2] NCCL INFO Channel 20/0 : 2[14000] -> 1[2b000] via P2P/IPC comm 0x55f1f2318210 nRanks 08
VM-0-4-tencentos:143:1328 [2] NCCL INFO Channel 21/0 : 2[14000] -> 1[2b000] via P2P/IPC comm 0x55f1f2318210 nRanks 08
VM-0-4-tencentos:143:1328 [2] NCCL INFO Channel 22/0 : 2[14000] -> 1[2b000] via P2P/IPC comm 0x55f1f2318210 nRanks 08
VM-0-4-tencentos:143:1328 [2] NCCL INFO Channel 23/0 : 2[14000] -> 1[2b000] via P2P/IPC comm 0x55f1f2318210 nRanks 08
VM-0-4-tencentos:143:1328 [2] NCCL INFO Channel 24/0 : 2[14000] -> 1[2b000] via P2P/IPC comm 0x55f1f2318210 nRanks 08
VM-0-4-tencentos:143:1328 [2] NCCL INFO Channel 25/0 : 2[14000] -> 1[2b000] via P2P/IPC comm 0x55f1f2318210 nRanks 08
VM-0-4-tencentos:147:1329 [6] NCCL INFO Connected all trees
VM-0-4-tencentos:146:1327 [5] NCCL INFO Connected all trees
VM-0-4-tencentos:148:1332 [7] NCCL INFO Connected all trees
VM-0-4-tencentos:148:1332 [7] NCCL INFO NCCL_ALGO set by environment to Ring
VM-0-4-tencentos:147:1329 [6] NCCL INFO NCCL_ALGO set by environment to Ring
VM-0-4-tencentos:146:1327 [5] NCCL INFO NCCL_ALGO set by environment to Ring
VM-0-4-tencentos:147:1329 [6] NCCL INFO threadThresholds 8/8/64 | 64/8/64 | 256 | 256
VM-0-4-tencentos:148:1332 [7] NCCL INFO threadThresholds 8/8/64 | 64/8/64 | 256 | 256
VM-0-4-tencentos:146:1327 [5] NCCL INFO threadThresholds 8/8/64 | 64/8/64 | 256 | 256
VM-0-4-tencentos:147:1329 [6] NCCL INFO 32 coll channels, 32 collnet channels, 0 nvls channels, 32 p2p channels, 16 p2p channels per peer
VM-0-4-tencentos:148:1332 [7] NCCL INFO 32 coll channels, 32 collnet channels, 0 nvls channels, 32 p2p channels, 16 p2p channels per peer
VM-0-4-tencentos:146:1327 [5] NCCL INFO 32 coll channels, 32 collnet channels, 0 nvls channels, 32 p2p channels, 16 p2p channels per peer
VM-0-4-tencentos:143:1328 [2] NCCL INFO Channel 26/0 : 2[14000] -> 1[2b000] via P2P/IPC comm 0x55f1f2318210 nRanks 08
VM-0-4-tencentos:143:1328 [2] NCCL INFO Channel 27/0 : 2[14000] -> 1[2b000] via P2P/IPC comm 0x55f1f2318210 nRanks 08
VM-0-4-tencentos:143:1328 [2] NCCL INFO Channel 28/0 : 2[14000] -> 1[2b000] via P2P/IPC comm 0x55f1f2318210 nRanks 08
VM-0-4-tencentos:143:1328 [2] NCCL INFO Channel 29/0 : 2[14000] -> 1[2b000] via P2P/IPC comm 0x55f1f2318210 nRanks 08
VM-0-4-tencentos:143:1328 [2] NCCL INFO Channel 30/0 : 2[14000] -> 1[2b000] via P2P/IPC comm 0x55f1f2318210 nRanks 08
VM-0-4-tencentos:143:1328 [2] NCCL INFO Channel 31/0 : 2[14000] -> 1[2b000] via P2P/IPC comm 0x55f1f2318210 nRanks 08
VM-0-4-tencentos:145:1326 [4] NCCL INFO Connected all trees
VM-0-4-tencentos:145:1326 [4] NCCL INFO NCCL_ALGO set by environment to Ring
VM-0-4-tencentos:145:1326 [4] NCCL INFO threadThresholds 8/8/64 | 64/8/64 | 256 | 256
VM-0-4-tencentos:145:1326 [4] NCCL INFO 32 coll channels, 32 collnet channels, 0 nvls channels, 32 p2p channels, 16 p2p channels per peer
VM-0-4-tencentos:143:1328 [2] NCCL INFO Connected all trees
VM-0-4-tencentos:143:1328 [2] NCCL INFO NCCL_ALGO set by environment to Ring
VM-0-4-tencentos:142:1331 [1] NCCL INFO Connected all trees
VM-0-4-tencentos:143:1328 [2] NCCL INFO threadThresholds 8/8/64 | 64/8/64 | 256 | 256
VM-0-4-tencentos:144:1330 [3] NCCL INFO Connected all trees
VM-0-4-tencentos:143:1328 [2] NCCL INFO 32 coll channels, 32 collnet channels, 0 nvls channels, 32 p2p channels, 16 p2p channels per peer
VM-0-4-tencentos:144:1330 [3] NCCL INFO NCCL_ALGO set by environment to Ring
VM-0-4-tencentos:142:1331 [1] NCCL INFO NCCL_ALGO set by environment to Ring
VM-0-4-tencentos:141:1325 [0] NCCL INFO Connected all trees
VM-0-4-tencentos:144:1330 [3] NCCL INFO threadThresholds 8/8/64 | 64/8/64 | 256 | 256
VM-0-4-tencentos:142:1331 [1] NCCL INFO threadThresholds 8/8/64 | 64/8/64 | 256 | 256
VM-0-4-tencentos:144:1330 [3] NCCL INFO 32 coll channels, 32 collnet channels, 0 nvls channels, 32 p2p channels, 16 p2p channels per peer
VM-0-4-tencentos:142:1331 [1] NCCL INFO 32 coll channels, 32 collnet channels, 0 nvls channels, 32 p2p channels, 16 p2p channels per peer
VM-0-4-tencentos:141:1325 [0] NCCL INFO NCCL_ALGO set by environment to Ring
VM-0-4-tencentos:141:1325 [0] NCCL INFO threadThresholds 8/8/64 | 64/8/64 | 256 | 256
VM-0-4-tencentos:141:1325 [0] NCCL INFO 32 coll channels, 32 collnet channels, 0 nvls channels, 32 p2p channels, 16 p2p channels per peer
VM-0-4-tencentos:141:1325 [0] NCCL INFO CC Off, Multi-GPU CC Off, workFifoBytes 1048576
VM-0-4-tencentos:144:1330 [3] NCCL INFO TUNER/Plugin: Could not find: librccl-tuner.so librccl-net.so. Using internal tuner plugin.
VM-0-4-tencentos:144:1330 [3] NCCL INFO ncclCommInitRank comm 0x55f715378e30 rank 3 nranks 8 cudaDev 3 nvmlDev 3 busId 1c000 commId 0x9141efb4184e094 localSize 688 used 282117488 bytes on core 27 - Init COMPLETE
VM-0-4-tencentos:144:1330 [3] NCCL INFO Init timings: rank 3 nranks 8 total 1.50 (kernels 0.04, bootstrap 0.24, allgathers 0.05, topo 0.78, graphs 0.22, connections 0.15, rest 0.01)
VM-0-4-tencentos:146:1327 [5] NCCL INFO TUNER/Plugin: Could not find: librccl-tuner.so librccl-net.so. Using internal tuner plugin.
VM-0-4-tencentos:143:1328 [2] NCCL INFO TUNER/Plugin: Could not find: librccl-tuner.so librccl-net.so. Using internal tuner plugin.
VM-0-4-tencentos:142:1331 [1] NCCL INFO TUNER/Plugin: Could not find: librccl-tuner.so librccl-net.so. Using internal tuner plugin.
VM-0-4-tencentos:146:1327 [5] NCCL INFO ncclCommInitRank comm 0x5610dbffedf0 rank 5 nranks 8 cudaDev 5 nvmlDev 5 busId b8000 commId 0x9141efb4184e094 localSize 688 used 282117488 bytes on core 113 - Init COMPLETE
VM-0-4-tencentos:143:1328 [2] NCCL INFO ncclCommInitRank comm 0x55f1f2318210 rank 2 nranks 8 cudaDev 2 nvmlDev 2 busId 14000 commId 0x9141efb4184e094 localSize 688 used 282117488 bytes on core 257 - Init COMPLETE
VM-0-4-tencentos:145:1326 [4] NCCL INFO TUNER/Plugin: Could not find: librccl-tuner.so librccl-net.so. Using internal tuner plugin.
VM-0-4-tencentos:142:1331 [1] NCCL INFO ncclCommInitRank comm 0x5579cd8f9170 rank 1 nranks 8 cudaDev 1 nvmlDev 1 busId 2b000 commId 0x9141efb4184e094 localSize 688 used 282117488 bytes on core 79 - Init COMPLETE
VM-0-4-tencentos:147:1329 [6] NCCL INFO TUNER/Plugin: Could not find: librccl-tuner.so librccl-net.so. Using internal tuner plugin.
VM-0-4-tencentos:148:1332 [7] NCCL INFO TUNER/Plugin: Could not find: librccl-tuner.so librccl-net.so. Using internal tuner plugin.
VM-0-4-tencentos:143:1328 [2] NCCL INFO Init timings: rank 2 nranks 8 total 1.50 (kernels 0.04, bootstrap 0.24, allgathers 0.07, topo 0.78, graphs 0.20, connections 0.15, rest 0.01)
VM-0-4-tencentos:145:1326 [4] NCCL INFO ncclCommInitRank comm 0x55ec88b0fde0 rank 4 nranks 8 cudaDev 4 nvmlDev 4 busId 86000 commId 0x9141efb4184e094 localSize 688 used 282117488 bytes on core 160 - Init COMPLETE
VM-0-4-tencentos:141:1325 [0] NCCL INFO TUNER/Plugin: Could not find: librccl-tuner.so librccl-net.so. Using internal tuner plugin.
VM-0-4-tencentos:146:1327 [5] NCCL INFO Init timings: rank 5 nranks 8 total 1.50 (kernels 0.04, bootstrap 0.24, allgathers 0.07, topo 0.78, graphs 0.20, connections 0.14, rest 0.03)
VM-0-4-tencentos:148:1332 [7] NCCL INFO ncclCommInitRank comm 0x563efdda8ec0 rank 7 nranks 8 cudaDev 7 nvmlDev 7 busId 9e000 commId 0x9141efb4184e094 localSize 688 used 225363312 bytes on core 288 - Init COMPLETE
VM-0-4-tencentos:147:1329 [6] NCCL INFO ncclCommInitRank comm 0x56087ed7fe60 rank 6 nranks 8 cudaDev 6 nvmlDev 6 busId bf000 commId 0x9141efb4184e094 localSize 688 used 282117488 bytes on core 103 - Init COMPLETE
VM-0-4-tencentos:142:1331 [1] NCCL INFO Init timings: rank 1 nranks 8 total 1.49 (kernels 0.04, bootstrap 0.24, allgathers 0.07, topo 0.76, graphs 0.22, connections 0.15, rest 0.01)
VM-0-4-tencentos:141:1325 [0] NCCL INFO ncclCommInitRank comm 0x561812a227c0 rank 0 nranks 8 cudaDev 0 nvmlDev 0 busId 5000 commId 0x9141efb4184e094 localSize 688 used 215008624 bytes on core 60 - Init COMPLETE
VM-0-4-tencentos:145:1326 [4] NCCL INFO Init timings: rank 4 nranks 8 total 1.50 (kernels 0.04, bootstrap 0.25, allgathers 0.08, topo 0.77, graphs 0.20, connections 0.15, rest 0.02)
VM-0-4-tencentos:141:1325 [0] NCCL INFO Init timings: rank 0 nranks 8 total 1.50 (kernels 0.03, bootstrap 0.26, allgathers 0.03, topo 0.77, graphs 0.20, connections 0.15, rest 0.06)
VM-0-4-tencentos:147:1329 [6] NCCL INFO Init timings: rank 6 nranks 8 total 1.50 (kernels 0.04, bootstrap 0.24, allgathers 0.07, topo 0.78, graphs 0.20, connections 0.14, rest 0.03)
VM-0-4-tencentos:148:1332 [7] NCCL INFO Init timings: rank 7 nranks 8 total 1.50 (kernels 0.02, bootstrap 0.26, allgathers 0.12, topo 0.71, graphs 0.20, connections 0.14, rest 0.05)
I0428 14:55:26.168429   146 ProcessGroupNCCL.cpp:2330] [PG ID 0 PG GUID 0(default_pg) Rank 5] ProcessGroupNCCL created ncclComm_ 0x5610dbffedf0 on CUDA device: 
I0428 14:55:26.168427   144 ProcessGroupNCCL.cpp:2330] [PG ID 0 PG GUID 0(default_pg) Rank 3] ProcessGroupNCCL created ncclComm_ 0x55f715378e30 on CUDA device: 
I0428 14:55:26.168427   143 ProcessGroupNCCL.cpp:2330] [PG ID 0 PG GUID 0(default_pg) Rank 2] ProcessGroupNCCL created ncclComm_ 0x55f1f2318210 on CUDA device: 
I0428 14:55:26.168447   147 ProcessGroupNCCL.cpp:2330] [PG ID 0 PG GUID 0(default_pg) Rank 6] ProcessGroupNCCL created ncclComm_ 0x56087ed7fe60 on CUDA device: 
I0428 14:55:26.168455   144 ProcessGroupNCCL.cpp:2335] [PG ID 0 PG GUID 0(default_pg) Rank 3] NCCL_DEBUG: Info
I0428 14:55:26.168455   143 ProcessGroupNCCL.cpp:2335] [PG ID 0 PG GUID 0(default_pg) Rank 2] NCCL_DEBUG: Info
I0428 14:55:26.168455   146 ProcessGroupNCCL.cpp:2335] [PG ID 0 PG GUID 0(default_pg) Rank 5] NCCL_DEBUG: Info
I0428 14:55:26.168448   148 ProcessGroupNCCL.cpp:2330] [PG ID 0 PG GUID 0(default_pg) Rank 7] ProcessGroupNCCL created ncclComm_ 0x563efdda8ec0 on CUDA device: 
I0428 14:55:26.168458   147 ProcessGroupNCCL.cpp:2335] [PG ID 0 PG GUID 0(default_pg) Rank 6] NCCL_DEBUG: Info
I0428 14:55:26.168449   142 ProcessGroupNCCL.cpp:2330] [PG ID 0 PG GUID 0(default_pg) Rank 1] ProcessGroupNCCL created ncclComm_ 0x5579cd8f9170 on CUDA device: 
I0428 14:55:26.168452   145 ProcessGroupNCCL.cpp:2330] [PG ID 0 PG GUID 0(default_pg) Rank 4] ProcessGroupNCCL created ncclComm_ 0x55ec88b0fde0 on CUDA device: 
I0428 14:55:26.168460   148 ProcessGroupNCCL.cpp:2335] [PG ID 0 PG GUID 0(default_pg) Rank 7] NCCL_DEBUG: Info
I0428 14:55:26.168463   142 ProcessGroupNCCL.cpp:2335] [PG ID 0 PG GUID 0(default_pg) Rank 1] NCCL_DEBUG: Info
I0428 14:55:26.168465   145 ProcessGroupNCCL.cpp:2335] [PG ID 0 PG GUID 0(default_pg) Rank 4] NCCL_DEBUG: Info
I0428 14:55:26.168457   141 ProcessGroupNCCL.cpp:2330] [PG ID 0 PG GUID 0(default_pg) Rank 0] ProcessGroupNCCL created ncclComm_ 0x561812a227c0 on CUDA device:  
I0428 14:55:26.168470   141 ProcessGroupNCCL.cpp:2335] [PG ID 0 PG GUID 0(default_pg) Rank 0] NCCL_DEBUG: Info
>>> done with compiling and loading fused kernels. Compilation time: 1.530 seconds
time to initialize megatron (seconds): 11.063
[after megatron is initialized] datetime: 2026-04-28 14:55:29 
building GPT model ...
/workspace/dcu_megatron-core_v0.12.0/Megatron-LM/megatron/core/models/gpt/gpt_layer_specs.py:94: UserWarning: The fp8 argument in "get_gpt_layer_with_transformer_engine_spec" has been deprecated and will be removed soon. Please update your code accordingly.
  warnings.warn(
/workspace/dcu_megatron-core_v0.12.0/Megatron-LM/megatron/core/models/gpt/gpt_layer_specs.py:94: UserWarning: The fp8 argument in "get_gpt_layer_with_transformer_engine_spec" has been deprecated and will be removed soon. Please update your code accordingly.
  warnings.warn(
/workspace/dcu_megatron-core_v0.12.0/Megatron-LM/megatron/core/models/gpt/gpt_layer_specs.py:94: UserWarning: The fp8 argument in "get_gpt_layer_with_transformer_engine_spec" has been deprecated and will be removed soon. Please update your code accordingly.
  warnings.warn(
/workspace/dcu_megatron-core_v0.12.0/Megatron-LM/megatron/core/models/gpt/gpt_layer_specs.py:94: UserWarning: The fp8 argument in "get_gpt_layer_with_transformer_engine_spec" has been deprecated and will be removed soon. Please update your code accordingly.
  warnings.warn(
/workspace/dcu_megatron-core_v0.12.0/Megatron-LM/megatron/core/models/gpt/gpt_layer_specs.py:94: UserWarning: The fp8 argument in "get_gpt_layer_with_transformer_engine_spec" has been deprecated and will be removed soon. Please update your code accordingly.
  warnings.warn(
/workspace/dcu_megatron-core_v0.12.0/Megatron-LM/megatron/core/models/gpt/gpt_layer_specs.py:94: UserWarning: The fp8 argument in "get_gpt_layer_with_transformer_engine_spec" has been deprecated and will be removed soon. Please update your code accordingly.
  warnings.warn(
/workspace/dcu_megatron-core_v0.12.0/Megatron-LM/megatron/core/models/gpt/gpt_layer_specs.py:94: UserWarning: The fp8 argument in "get_gpt_layer_with_transformer_engine_spec" has been deprecated and will be removed soon. Please update your code accordingly.
  warnings.warn(
/workspace/dcu_megatron-core_v0.12.0/Megatron-LM/megatron/core/models/gpt/gpt_layer_specs.py:94: UserWarning: The fp8 argument in "get_gpt_layer_with_transformer_engine_spec" has been deprecated and will be removed soon. Please update your code accordingly.
  warnings.warn(
/usr/local/lib/python3.10/dist-packages/transformer_engine/pytorch/cpu_offload.py:677: DeprecationWarning: Offloading weights is deprecated. Using offload_weights=True does not have any effect.
  warnings.warn(
/usr/local/lib/python3.10/dist-packages/transformer_engine/pytorch/cpu_offload.py:677: DeprecationWarning: Offloading weights is deprecated. Using offload_weights=True does not have any effect.
  warnings.warn(
/usr/local/lib/python3.10/dist-packages/transformer_engine/pytorch/cpu_offload.py:677: DeprecationWarning: Offloading weights is deprecated. Using offload_weights=True does not have any effect.
  warnings.warn(
/usr/local/lib/python3.10/dist-packages/transformer_engine/pytorch/cpu_offload.py:677: DeprecationWarning: Offloading weights is deprecated. Using offload_weights=True does not have any effect.
  warnings.warn(
/usr/local/lib/python3.10/dist-packages/transformer_engine/pytorch/cpu_offload.py:677: DeprecationWarning: Offloading weights is deprecated. Using offload_weights=True does not have any effect.
  warnings.warn(
/usr/local/lib/python3.10/dist-packages/transformer_engine/pytorch/cpu_offload.py:677: DeprecationWarning: Offloading weights is deprecated. Using offload_weights=True does not have any effect.
  warnings.warn(
/usr/local/lib/python3.10/dist-packages/transformer_engine/pytorch/cpu_offload.py:677: DeprecationWarning: Offloading weights is deprecated. Using offload_weights=True does not have any effect.
  warnings.warn(
/usr/local/lib/python3.10/dist-packages/transformer_engine/pytorch/cpu_offload.py:677: DeprecationWarning: Offloading weights is deprecated. Using offload_weights=True does not have any effect.
  warnings.warn(
 > number of parameters on (tensor, pipeline) model parallel rank (2, 0): 2048177152
 > number of parameters on (tensor, pipeline) model parallel rank (3, 0): 2048177152
GPTModel(
  (embedding): LanguageModelEmbedding(
    (word_embeddings): VocabParallelEmbedding()
    (embedding_dropout): Dropout(p=0.0, inplace=False)
  )
  (rotary_pos_emb): RotaryEmbedding()
  (decoder): TransformerBlock(
    (layers): ModuleList(
      (0-35): 36 x TransformerLayer(
        (input_layernorm): IdentityOp()
        (self_attention): SelfAttention(
          (core_attention): TEDotProductAttention(
            (flash_attention): FlashAttention()
            (fused_attention): FusedAttention()
            (unfused_attention): UnfusedDotProductAttention(
              (scale_mask_softmax): FusedScaleMaskSoftmax()
              (attention_dropout): Dropout(p=0.0, inplace=False)
            )
          )
          (linear_proj): TERowParallelLinear(in_features=1024, out_features=4096, bias=False, TP=4)
          (linear_qkv): TELayerNormColumnParallelLinear(in_features=4096, out_features=1536, bias=False, TP=4)
          (q_layernorm): RMSNorm()
          (k_layernorm): RMSNorm()
        )
        (pre_cross_attn_layernorm): IdentityOp()
        (cross_attention): IdentityOp()
        (cross_attn_bda): IdentityFuncOp()
        (pre_mlp_layernorm): IdentityOp()
        (mlp): MLP(
          (linear_fc1): TELayerNormColumnParallelLinear(in_features=4096, out_features=6144, bias=False, TP=4)
          (linear_fc2): TERowParallelLinear(in_features=3072, out_features=4096, bias=False, TP=4)
        )
      )
    )
    (final_layernorm): RMSNorm()
  )
  (output_layer): ColumnParallelLinear(in_features=4096, out_features=152064, bias=False, TP=4)
)
 > number of parameters on (tensor, pipeline) model parallel rank (2, 0): 2048177152
 > number of parameters on (tensor, pipeline) model parallel rank (1, 0): 2048177152
 > number of parameters on (tensor, pipeline) model parallel rank (3, 0): 2048177152
 > number of parameters on (tensor, pipeline) model parallel rank (0, 0): 2048177152
 > number of parameters on (tensor, pipeline) model parallel rank (1, 0): 2048177152
 > number of parameters on (tensor, pipeline) model parallel rank (0, 0): 2048177152
WARNING: could not find the metadata file ./output/latest_checkpointed_iteration.txt
    will not load any checkpoints and will start from random
(min, max) time across ranks (ms):
    load-checkpoint ................................: (0.47, 0.62)
[after model, optimizer, and learning rate scheduler are built] datetime: 2026-04-28 14:55:37 
> building train, validation, and test datasets ...
 > datasets target sizes (minimum size):
    train:      128000
    validation: 12800
    test:       12800
> building train, validation, and test datasets for GPT ...
> finished creating GPT datasets ...
[after dataloaders are built] datetime: 2026-04-28 14:55:38 
done with setup ...
(min, max) time across ranks (ms):
    model-and-optimizer-setup ......................: (8497.93, 8500.03)
    train/valid/test-data-iterators-setup ..........: (130.43, 509.53)
training ...
Setting rerun_state_machine.current_iteration to 0...
[before the start of training step] datetime: 2026-04-28 14:55:38 
VM-0-4-tencentos:141:141 [0] NCCL INFO Kernel version: 5.4.119-19.0009.56
I0428 14:55:44.986146   141 ProcessGroupNCCL.cpp:2291] [PG ID 5 PG GUID 31(TENSOR_MODEL_PARALLEL_GROUP) Rank 0] ProcessGroupNCCL broadcast unique ID through store took 0.134318 ms
VM-0-4-tencentos:141:141 [0] NCCL INFO Kernel version: 5.4.119-19.0009.56
I0428 14:55:44.986308   144 ProcessGroupNCCL.cpp:2291] [PG ID 5 PG GUID 31(TENSOR_MODEL_PARALLEL_GROUP) Rank 3] ProcessGroupNCCL broadcast unique ID through store took 6828.63 ms
I0428 14:55:44.986305   142 ProcessGroupNCCL.cpp:2291] [PG ID 5 PG GUID 31(TENSOR_MODEL_PARALLEL_GROUP) Rank 1] ProcessGroupNCCL broadcast unique ID through store took 6828.61 ms
I0428 14:55:44.986305   143 ProcessGroupNCCL.cpp:2291] [PG ID 5 PG GUID 31(TENSOR_MODEL_PARALLEL_GROUP) Rank 2] ProcessGroupNCCL broadcast unique ID through store took 6828.61 ms
VM-0-4-tencentos:142:142 [1] NCCL INFO Kernel version: 5.4.119-19.0009.56
VM-0-4-tencentos:144:144 [3] NCCL INFO Kernel version: 5.4.119-19.0009.56
VM-0-4-tencentos:143:143 [2] NCCL INFO Kernel version: 5.4.119-19.0009.56
VM-0-4-tencentos:144:3861 [3] NCCL INFO Using network IB
VM-0-4-tencentos:142:3862 [1] NCCL INFO Using network IB
VM-0-4-tencentos:143:3860 [2] NCCL INFO Using network IB
VM-0-4-tencentos:144:3861 [3] NCCL INFO rocm_smi_lib: version 7.6.0.0
VM-0-4-tencentos:143:3860 [2] NCCL INFO rocm_smi_lib: version 7.6.0.0
VM-0-4-tencentos:142:3862 [1] NCCL INFO rocm_smi_lib: version 7.6.0.0
VM-0-4-tencentos:141:3863 [0] NCCL INFO Using network IB
VM-0-4-tencentos:141:3863 [0] NCCL INFO rocm_smi_lib: version 7.6.0.0
VM-0-4-tencentos:144:3861 [3] NCCL INFO ncclCommInitRank comm 0x55f71528c1c0 rank 3 nranks 4 cudaDev 3 nvmlDev 3 busId 1c000 commId 0x6d7c04f3e73bf639 - Init START
VM-0-4-tencentos:143:3860 [2] NCCL INFO ncclCommInitRank comm 0x55f1f27a9e60 rank 2 nranks 4 cudaDev 2 nvmlDev 2 busId 14000 commId 0x6d7c04f3e73bf639 - Init START
VM-0-4-tencentos:141:3863 [0] NCCL INFO ncclCommInitRank comm 0x561873f10a20 rank 0 nranks 4 cudaDev 0 nvmlDev 0 busId 5000 commId 0x6d7c04f3e73bf639 - Init START
VM-0-4-tencentos:142:3862 [1] NCCL INFO ncclCommInitRank comm 0x557a48bd50f0 rank 1 nranks 4 cudaDev 1 nvmlDev 1 busId 2b000 commId 0x6d7c04f3e73bf639 - Init START
VM-0-4-tencentos:141:3863 [0] NCCL INFO rank:0 get match hsa dev domain:0x0 bdf:0x500 rank busId:0x20480
VM-0-4-tencentos:142:3862 [1] NCCL INFO rank:1 get match hsa dev domain:0x0 bdf:0x2b00 rank busId:0x176128
VM-0-4-tencentos:143:3860 [2] NCCL INFO rank:2 get match hsa dev domain:0x0 bdf:0x1400 rank busId:0x81920
VM-0-4-tencentos:144:3861 [3] NCCL INFO rank:3 get match hsa dev domain:0x0 bdf:0x1c00 rank busId:0x114688
VM-0-4-tencentos:142:3862 [1] NCCL INFO XDP Switch is off with xdp_size : 0
VM-0-4-tencentos:143:3860 [2] NCCL INFO XDP Switch is off with xdp_size : 0
VM-0-4-tencentos:144:3861 [3] NCCL INFO XDP Switch is off with xdp_size : 0
VM-0-4-tencentos:141:3863 [0] NCCL INFO XDP Switch is off with xdp_size : 0
VM-0-4-tencentos:143:3860 [2] NCCL INFO rocm_smi_lib: version 7.6.0.0
VM-0-4-tencentos:144:3861 [3] NCCL INFO rocm_smi_lib: version 7.6.0.0
VM-0-4-tencentos:142:3862 [1] NCCL INFO rocm_smi_lib: version 7.6.0.0
VM-0-4-tencentos:141:3863 [0] NCCL INFO rocm_smi_lib: version 7.6.0.0
VM-0-4-tencentos:145:145 [4] NCCL INFO Kernel version: 5.4.119-19.0009.56
I0428 14:55:45.056416   145 ProcessGroupNCCL.cpp:2291] [PG ID 5 PG GUID 32(TENSOR_MODEL_PARALLEL_GROUP) Rank 0] ProcessGroupNCCL broadcast unique ID through store took 0.095079 ms
VM-0-4-tencentos:145:145 [4] NCCL INFO Kernel version: 5.4.119-19.0009.56
I0428 14:55:45.056514   147 ProcessGroupNCCL.cpp:2291] [PG ID 5 PG GUID 32(TENSOR_MODEL_PARALLEL_GROUP) Rank 2] ProcessGroupNCCL broadcast unique ID through store took 6898.82 ms
I0428 14:55:45.056543   148 ProcessGroupNCCL.cpp:2291] [PG ID 5 PG GUID 32(TENSOR_MODEL_PARALLEL_GROUP) Rank 3] ProcessGroupNCCL broadcast unique ID through store took 6898.85 ms
I0428 14:55:45.056553   146 ProcessGroupNCCL.cpp:2291] [PG ID 5 PG GUID 32(TENSOR_MODEL_PARALLEL_GROUP) Rank 1] ProcessGroupNCCL broadcast unique ID through store took 6898.82 ms
VM-0-4-tencentos:148:148 [7] NCCL INFO Kernel version: 5.4.119-19.0009.56
VM-0-4-tencentos:147:147 [6] NCCL INFO Kernel version: 5.4.119-19.0009.56
VM-0-4-tencentos:146:146 [5] NCCL INFO Kernel version: 5.4.119-19.0009.56
VM-0-4-tencentos:146:3865 [5] NCCL INFO Using network IB
VM-0-4-tencentos:146:3865 [5] NCCL INFO rocm_smi_lib: version 7.6.0.0
VM-0-4-tencentos:147:3867 [6] NCCL INFO Using network IB
VM-0-4-tencentos:147:3867 [6] NCCL INFO rocm_smi_lib: version 7.6.0.0
VM-0-4-tencentos:148:3866 [7] NCCL INFO Using network IB
VM-0-4-tencentos:148:3866 [7] NCCL INFO rocm_smi_lib: version 7.6.0.0
VM-0-4-tencentos:145:3870 [4] NCCL INFO Using network IB
VM-0-4-tencentos:145:3870 [4] NCCL INFO rocm_smi_lib: version 7.6.0.0
VM-0-4-tencentos:147:3867 [6] NCCL INFO ncclCommInitRank comm 0x56087fa46340 rank 2 nranks 4 cudaDev 6 nvmlDev 6 busId bf000 commId 0x666a4dfd7dee3c6c - Init START
VM-0-4-tencentos:146:3865 [5] NCCL INFO ncclCommInitRank comm 0x5610dcba6340 rank 1 nranks 4 cudaDev 5 nvmlDev 5 busId b8000 commId 0x666a4dfd7dee3c6c - Init START
VM-0-4-tencentos:145:3870 [4] NCCL INFO ncclCommInitRank comm 0x55ec85aa5410 rank 0 nranks 4 cudaDev 4 nvmlDev 4 busId 86000 commId 0x666a4dfd7dee3c6c - Init START
VM-0-4-tencentos:148:3866 [7] NCCL INFO ncclCommInitRank comm 0x563efe489500 rank 3 nranks 4 cudaDev 7 nvmlDev 7 busId 9e000 commId 0x666a4dfd7dee3c6c - Init START
VM-0-4-tencentos:145:3870 [4] NCCL INFO rank:0 get match hsa dev domain:0x0 bdf:0x8600 rank busId:0x548864
VM-0-4-tencentos:146:3865 [5] NCCL INFO rank:1 get match hsa dev domain:0x0 bdf:0xb800 rank busId:0x753664
VM-0-4-tencentos:147:3867 [6] NCCL INFO rank:2 get match hsa dev domain:0x0 bdf:0xbf00 rank busId:0x782336
VM-0-4-tencentos:148:3866 [7] NCCL INFO rank:3 get match hsa dev domain:0x0 bdf:0x9e00 rank busId:0x647168
VM-0-4-tencentos:145:3870 [4] NCCL INFO XDP Switch is off with xdp_size : 0
VM-0-4-tencentos:146:3865 [5] NCCL INFO XDP Switch is off with xdp_size : 0
VM-0-4-tencentos:148:3866 [7] NCCL INFO XDP Switch is off with xdp_size : 0
VM-0-4-tencentos:147:3867 [6] NCCL INFO XDP Switch is off with xdp_size : 0
VM-0-4-tencentos:142:3862 [1] NCCL INFO Setting affinity for GPU 1 to ffffffff,ffffffff,ffffffff,00000000,00000000,00000000,ffffffff,ffffffff,ffffffff
VM-0-4-tencentos:142:3862 [1] NCCL INFO Rank:1 Get link topo from rocmDev:0 linkNum:8 link:0 linkState:1 remote type:1 bdf:0x4900 topoType:2
VM-0-4-tencentos:142:3862 [1] NCCL INFO Transport init rank 1 useXdp 0 linkTopoType 2
VM-0-4-tencentos:144:3861 [3] NCCL INFO Setting affinity for GPU 3 to ffffffff,ffffffff,ffffffff,00000000,00000000,00000000,ffffffff,ffffffff,ffffffff
VM-0-4-tencentos:144:3861 [3] NCCL INFO Rank:3 Get link topo from rocmDev:0 linkNum:8 link:0 linkState:1 remote type:1 bdf:0x4900 topoType:2
VM-0-4-tencentos:144:3861 [3] NCCL INFO Transport init rank 3 useXdp 0 linkTopoType 2
VM-0-4-tencentos:141:3863 [0] NCCL INFO Setting affinity for GPU 0 to ffffffff,ffffffff,ffffffff,00000000,00000000,00000000,ffffffff,ffffffff,ffffffff
VM-0-4-tencentos:141:3863 [0] NCCL INFO Rank:0 Get link topo from rocmDev:0 linkNum:8 link:0 linkState:1 remote type:1 bdf:0x4900 topoType:2
VM-0-4-tencentos:141:3863 [0] NCCL INFO Transport init rank 0 useXdp 0 linkTopoType 2
VM-0-4-tencentos:143:3860 [2] NCCL INFO Setting affinity for GPU 2 to ffffffff,ffffffff,ffffffff,00000000,00000000,00000000,ffffffff,ffffffff,ffffffff
VM-0-4-tencentos:143:3860 [2] NCCL INFO Rank:2 Get link topo from rocmDev:0 linkNum:8 link:0 linkState:1 remote type:1 bdf:0x4900 topoType:2
VM-0-4-tencentos:143:3860 [2] NCCL INFO Transport init rank 2 useXdp 0 linkTopoType 2

VM-0-4-tencentos:142:3862 [1] /data/jenkins_workspace/workspace/rccl_release_bakup-25.04.2/build/hipify/src/graph/search.cc:1187 NCCL WARN Could not find a path for pattern 4, falling back to simple order

VM-0-4-tencentos:142:3862 [1] /data/jenkins_workspace/workspace/rccl_release_bakup-25.04.2/build/hipify/src/graph/search.cc:1187 NCCL WARN Could not find a path for pattern 1, falling back to simple order

VM-0-4-tencentos:144:3861 [3] /data/jenkins_workspace/workspace/rccl_release_bakup-25.04.2/build/hipify/src/graph/search.cc:1187 NCCL WARN Could not find a path for pattern 4, falling back to simple order

VM-0-4-tencentos:144:3861 [3] /data/jenkins_workspace/workspace/rccl_release_bakup-25.04.2/build/hipify/src/graph/search.cc:1187 NCCL WARN Could not find a path for pattern 1, falling back to simple order

VM-0-4-tencentos:141:3863 [0] /data/jenkins_workspace/workspace/rccl_release_bakup-25.04.2/build/hipify/src/graph/search.cc:1187 NCCL WARN Could not find a path for pattern 4, falling back to simple order

VM-0-4-tencentos:141:3863 [0] /data/jenkins_workspace/workspace/rccl_release_bakup-25.04.2/build/hipify/src/graph/search.cc:1187 NCCL WARN Could not find a path for pattern 1, falling back to simple order

VM-0-4-tencentos:143:3860 [2] /data/jenkins_workspace/workspace/rccl_release_bakup-25.04.2/build/hipify/src/graph/search.cc:1187 NCCL WARN Could not find a path for pattern 4, falling back to simple order

VM-0-4-tencentos:143:3860 [2] /data/jenkins_workspace/workspace/rccl_release_bakup-25.04.2/build/hipify/src/graph/search.cc:1187 NCCL WARN Could not find a path for pattern 1, falling back to simple order
VM-0-4-tencentos:143:3860 [2] NCCL INFO comm 0x55f1f27a9e60 rank 2 nRanks 4 nNodes 1 localRanks 4 localRank 2 MNNVL 0
VM-0-4-tencentos:144:3861 [3] NCCL INFO comm 0x55f71528c1c0 rank 3 nRanks 4 nNodes 1 localRanks 4 localRank 3 MNNVL 0
VM-0-4-tencentos:142:3862 [1] NCCL INFO comm 0x557a48bd50f0 rank 1 nRanks 4 nNodes 1 localRanks 4 localRank 1 MNNVL 0
