VM-0-4-tencentos:148:11109 [7] NCCL INFO Channel 03/0 : 1[9e000] -> 0[1c000] via P2P/IPC comm 0x563f6cc5d2e0 nRanks 02
VM-0-4-tencentos:144:8287 [3] NCCL INFO Channel 05/0 : 0[1c000] -> 1[9e000] via P2P/IPC comm 0x55f7fbcee6d0 nRanks 02
VM-0-4-tencentos:143:8345 [2] NCCL INFO Channel 01/0 : 0[14000] -> 1[bf000] via P2P/IPC comm 0x55f2d99f4480 nRanks 02
VM-0-4-tencentos:148:11109 [7] NCCL INFO Channel 04/0 : 1[9e000] -> 0[1c000] via P2P/IPC comm 0x563f6cc5d2e0 nRanks 02
VM-0-4-tencentos:144:8287 [3] NCCL INFO Channel 06/0 : 0[1c000] -> 1[9e000] via P2P/IPC comm 0x55f7fbcee6d0 nRanks 02
VM-0-4-tencentos:143:8345 [2] NCCL INFO Channel 02/0 : 0[14000] -> 1[bf000] via P2P/IPC comm 0x55f2d99f4480 nRanks 02
VM-0-4-tencentos:148:11109 [7] NCCL INFO Channel 05/0 : 1[9e000] -> 0[1c000] via P2P/IPC comm 0x563f6cc5d2e0 nRanks 02
VM-0-4-tencentos:144:8287 [3] NCCL INFO Channel 07/0 : 0[1c000] -> 1[9e000] via P2P/IPC comm 0x55f7fbcee6d0 nRanks 02
VM-0-4-tencentos:147:11108 [6] NCCL INFO Channel 00/0 : 1[bf000] -> 0[14000] via P2P/IPC comm 0x5608a021bdb0 nRanks 02
VM-0-4-tencentos:143:8345 [2] NCCL INFO Channel 03/0 : 0[14000] -> 1[bf000] via P2P/IPC comm 0x55f2d99f4480 nRanks 02
VM-0-4-tencentos:144:8287 [3] NCCL INFO Channel 08/0 : 0[1c000] -> 1[9e000] via P2P/IPC comm 0x55f7fbcee6d0 nRanks 02
VM-0-4-tencentos:148:11109 [7] NCCL INFO Channel 06/0 : 1[9e000] -> 0[1c000] via P2P/IPC comm 0x563f6cc5d2e0 nRanks 02
VM-0-4-tencentos:147:11108 [6] NCCL INFO Channel 01/0 : 1[bf000] -> 0[14000] via P2P/IPC comm 0x5608a021bdb0 nRanks 02
VM-0-4-tencentos:143:8345 [2] NCCL INFO Channel 04/0 : 0[14000] -> 1[bf000] via P2P/IPC comm 0x55f2d99f4480 nRanks 02
VM-0-4-tencentos:144:8287 [3] NCCL INFO Channel 09/0 : 0[1c000] -> 1[9e000] via P2P/IPC comm 0x55f7fbcee6d0 nRanks 02
VM-0-4-tencentos:148:11109 [7] NCCL INFO Channel 07/0 : 1[9e000] -> 0[1c000] via P2P/IPC comm 0x563f6cc5d2e0 nRanks 02
VM-0-4-tencentos:147:11108 [6] NCCL INFO Channel 02/0 : 1[bf000] -> 0[14000] via P2P/IPC comm 0x5608a021bdb0 nRanks 02
VM-0-4-tencentos:143:8345 [2] NCCL INFO Channel 05/0 : 0[14000] -> 1[bf000] via P2P/IPC comm 0x55f2d99f4480 nRanks 02
VM-0-4-tencentos:144:8287 [3] NCCL INFO Channel 10/0 : 0[1c000] -> 1[9e000] via P2P/IPC comm 0x55f7fbcee6d0 nRanks 02
VM-0-4-tencentos:148:11109 [7] NCCL INFO Channel 08/0 : 1[9e000] -> 0[1c000] via P2P/IPC comm 0x563f6cc5d2e0 nRanks 02
VM-0-4-tencentos:147:11108 [6] NCCL INFO Channel 03/0 : 1[bf000] -> 0[14000] via P2P/IPC comm 0x5608a021bdb0 nRanks 02
VM-0-4-tencentos:143:8345 [2] NCCL INFO Channel 06/0 : 0[14000] -> 1[bf000] via P2P/IPC comm 0x55f2d99f4480 nRanks 02
VM-0-4-tencentos:144:8287 [3] NCCL INFO Channel 11/0 : 0[1c000] -> 1[9e000] via P2P/IPC comm 0x55f7fbcee6d0 nRanks 02
VM-0-4-tencentos:148:11109 [7] NCCL INFO Channel 09/0 : 1[9e000] -> 0[1c000] via P2P/IPC comm 0x563f6cc5d2e0 nRanks 02
VM-0-4-tencentos:147:11108 [6] NCCL INFO Channel 04/0 : 1[bf000] -> 0[14000] via P2P/IPC comm 0x5608a021bdb0 nRanks 02
VM-0-4-tencentos:143:8345 [2] NCCL INFO Channel 07/0 : 0[14000] -> 1[bf000] via P2P/IPC comm 0x55f2d99f4480 nRanks 02
VM-0-4-tencentos:144:8287 [3] NCCL INFO Channel 12/0 : 0[1c000] -> 1[9e000] via P2P/IPC comm 0x55f7fbcee6d0 nRanks 02
VM-0-4-tencentos:148:11109 [7] NCCL INFO Channel 10/0 : 1[9e000] -> 0[1c000] via P2P/IPC comm 0x563f6cc5d2e0 nRanks 02
VM-0-4-tencentos:147:11108 [6] NCCL INFO Channel 05/0 : 1[bf000] -> 0[14000] via P2P/IPC comm 0x5608a021bdb0 nRanks 02
VM-0-4-tencentos:143:8345 [2] NCCL INFO Channel 08/0 : 0[14000] -> 1[bf000] via P2P/IPC comm 0x55f2d99f4480 nRanks 02
VM-0-4-tencentos:144:8287 [3] NCCL INFO Channel 13/0 : 0[1c000] -> 1[9e000] via P2P/IPC comm 0x55f7fbcee6d0 nRanks 02
VM-0-4-tencentos:148:11109 [7] NCCL INFO Channel 11/0 : 1[9e000] -> 0[1c000] via P2P/IPC comm 0x563f6cc5d2e0 nRanks 02
VM-0-4-tencentos:147:11108 [6] NCCL INFO Channel 06/0 : 1[bf000] -> 0[14000] via P2P/IPC comm 0x5608a021bdb0 nRanks 02
VM-0-4-tencentos:143:8345 [2] NCCL INFO Channel 09/0 : 0[14000] -> 1[bf000] via P2P/IPC comm 0x55f2d99f4480 nRanks 02
VM-0-4-tencentos:144:8287 [3] NCCL INFO Channel 14/0 : 0[1c000] -> 1[9e000] via P2P/IPC comm 0x55f7fbcee6d0 nRanks 02
VM-0-4-tencentos:148:11109 [7] NCCL INFO Channel 12/0 : 1[9e000] -> 0[1c000] via P2P/IPC comm 0x563f6cc5d2e0 nRanks 02
VM-0-4-tencentos:147:11108 [6] NCCL INFO Channel 07/0 : 1[bf000] -> 0[14000] via P2P/IPC comm 0x5608a021bdb0 nRanks 02
VM-0-4-tencentos:144:8287 [3] NCCL INFO Channel 15/0 : 0[1c000] -> 1[9e000] via P2P/IPC comm 0x55f7fbcee6d0 nRanks 02
VM-0-4-tencentos:143:8345 [2] NCCL INFO Channel 10/0 : 0[14000] -> 1[bf000] via P2P/IPC comm 0x55f2d99f4480 nRanks 02
VM-0-4-tencentos:148:11109 [7] NCCL INFO Channel 13/0 : 1[9e000] -> 0[1c000] via P2P/IPC comm 0x563f6cc5d2e0 nRanks 02
VM-0-4-tencentos:147:11108 [6] NCCL INFO Channel 08/0 : 1[bf000] -> 0[14000] via P2P/IPC comm 0x5608a021bdb0 nRanks 02
VM-0-4-tencentos:144:8287 [3] NCCL INFO Channel 16/0 : 0[1c000] -> 1[9e000] via P2P/IPC comm 0x55f7fbcee6d0 nRanks 02
VM-0-4-tencentos:143:8345 [2] NCCL INFO Channel 11/0 : 0[14000] -> 1[bf000] via P2P/IPC comm 0x55f2d99f4480 nRanks 02
VM-0-4-tencentos:148:11109 [7] NCCL INFO Channel 14/0 : 1[9e000] -> 0[1c000] via P2P/IPC comm 0x563f6cc5d2e0 nRanks 02
VM-0-4-tencentos:147:11108 [6] NCCL INFO Channel 09/0 : 1[bf000] -> 0[14000] via P2P/IPC comm 0x5608a021bdb0 nRanks 02
VM-0-4-tencentos:144:8287 [3] NCCL INFO Channel 17/0 : 0[1c000] -> 1[9e000] via P2P/IPC comm 0x55f7fbcee6d0 nRanks 02
VM-0-4-tencentos:143:8345 [2] NCCL INFO Channel 12/0 : 0[14000] -> 1[bf000] via P2P/IPC comm 0x55f2d99f4480 nRanks 02
VM-0-4-tencentos:148:11109 [7] NCCL INFO Channel 15/0 : 1[9e000] -> 0[1c000] via P2P/IPC comm 0x563f6cc5d2e0 nRanks 02
VM-0-4-tencentos:147:11108 [6] NCCL INFO Channel 10/0 : 1[bf000] -> 0[14000] via P2P/IPC comm 0x5608a021bdb0 nRanks 02
VM-0-4-tencentos:144:8287 [3] NCCL INFO Channel 18/0 : 0[1c000] -> 1[9e000] via P2P/IPC comm 0x55f7fbcee6d0 nRanks 02
VM-0-4-tencentos:143:8345 [2] NCCL INFO Channel 13/0 : 0[14000] -> 1[bf000] via P2P/IPC comm 0x55f2d99f4480 nRanks 02
VM-0-4-tencentos:148:11109 [7] NCCL INFO Channel 16/0 : 1[9e000] -> 0[1c000] via P2P/IPC comm 0x563f6cc5d2e0 nRanks 02
VM-0-4-tencentos:147:11108 [6] NCCL INFO Channel 11/0 : 1[bf000] -> 0[14000] via P2P/IPC comm 0x5608a021bdb0 nRanks 02
VM-0-4-tencentos:144:8287 [3] NCCL INFO Channel 19/0 : 0[1c000] -> 1[9e000] via P2P/IPC comm 0x55f7fbcee6d0 nRanks 02
VM-0-4-tencentos:143:8345 [2] NCCL INFO Channel 14/0 : 0[14000] -> 1[bf000] via P2P/IPC comm 0x55f2d99f4480 nRanks 02
VM-0-4-tencentos:148:11109 [7] NCCL INFO Channel 17/0 : 1[9e000] -> 0[1c000] via P2P/IPC comm 0x563f6cc5d2e0 nRanks 02
VM-0-4-tencentos:147:11108 [6] NCCL INFO Channel 12/0 : 1[bf000] -> 0[14000] via P2P/IPC comm 0x5608a021bdb0 nRanks 02
VM-0-4-tencentos:144:8287 [3] NCCL INFO Channel 20/0 : 0[1c000] -> 1[9e000] via P2P/IPC comm 0x55f7fbcee6d0 nRanks 02
VM-0-4-tencentos:143:8345 [2] NCCL INFO Channel 15/0 : 0[14000] -> 1[bf000] via P2P/IPC comm 0x55f2d99f4480 nRanks 02
VM-0-4-tencentos:148:11109 [7] NCCL INFO Channel 18/0 : 1[9e000] -> 0[1c000] via P2P/IPC comm 0x563f6cc5d2e0 nRanks 02
VM-0-4-tencentos:144:8287 [3] NCCL INFO Channel 21/0 : 0[1c000] -> 1[9e000] via P2P/IPC comm 0x55f7fbcee6d0 nRanks 02
VM-0-4-tencentos:147:11108 [6] NCCL INFO Channel 13/0 : 1[bf000] -> 0[14000] via P2P/IPC comm 0x5608a021bdb0 nRanks 02
VM-0-4-tencentos:143:8345 [2] NCCL INFO Channel 16/0 : 0[14000] -> 1[bf000] via P2P/IPC comm 0x55f2d99f4480 nRanks 02
VM-0-4-tencentos:148:11109 [7] NCCL INFO Channel 19/0 : 1[9e000] -> 0[1c000] via P2P/IPC comm 0x563f6cc5d2e0 nRanks 02
VM-0-4-tencentos:144:8287 [3] NCCL INFO Channel 22/0 : 0[1c000] -> 1[9e000] via P2P/IPC comm 0x55f7fbcee6d0 nRanks 02
VM-0-4-tencentos:147:11108 [6] NCCL INFO Channel 14/0 : 1[bf000] -> 0[14000] via P2P/IPC comm 0x5608a021bdb0 nRanks 02
VM-0-4-tencentos:143:8345 [2] NCCL INFO Channel 17/0 : 0[14000] -> 1[bf000] via P2P/IPC comm 0x55f2d99f4480 nRanks 02
VM-0-4-tencentos:148:11109 [7] NCCL INFO Channel 20/0 : 1[9e000] -> 0[1c000] via P2P/IPC comm 0x563f6cc5d2e0 nRanks 02
VM-0-4-tencentos:144:8287 [3] NCCL INFO Channel 23/0 : 0[1c000] -> 1[9e000] via P2P/IPC comm 0x55f7fbcee6d0 nRanks 02
VM-0-4-tencentos:147:11108 [6] NCCL INFO Channel 15/0 : 1[bf000] -> 0[14000] via P2P/IPC comm 0x5608a021bdb0 nRanks 02
VM-0-4-tencentos:143:8345 [2] NCCL INFO Channel 18/0 : 0[14000] -> 1[bf000] via P2P/IPC comm 0x55f2d99f4480 nRanks 02
VM-0-4-tencentos:148:11109 [7] NCCL INFO Channel 21/0 : 1[9e000] -> 0[1c000] via P2P/IPC comm 0x563f6cc5d2e0 nRanks 02
VM-0-4-tencentos:144:8287 [3] NCCL INFO Channel 24/0 : 0[1c000] -> 1[9e000] via P2P/IPC comm 0x55f7fbcee6d0 nRanks 02
VM-0-4-tencentos:147:11108 [6] NCCL INFO Channel 16/0 : 1[bf000] -> 0[14000] via P2P/IPC comm 0x5608a021bdb0 nRanks 02
VM-0-4-tencentos:143:8345 [2] NCCL INFO Channel 19/0 : 0[14000] -> 1[bf000] via P2P/IPC comm 0x55f2d99f4480 nRanks 02
VM-0-4-tencentos:148:11109 [7] NCCL INFO Channel 22/0 : 1[9e000] -> 0[1c000] via P2P/IPC comm 0x563f6cc5d2e0 nRanks 02
VM-0-4-tencentos:144:8287 [3] NCCL INFO Channel 25/0 : 0[1c000] -> 1[9e000] via P2P/IPC comm 0x55f7fbcee6d0 nRanks 02
VM-0-4-tencentos:147:11108 [6] NCCL INFO Channel 17/0 : 1[bf000] -> 0[14000] via P2P/IPC comm 0x5608a021bdb0 nRanks 02
VM-0-4-tencentos:143:8345 [2] NCCL INFO Channel 20/0 : 0[14000] -> 1[bf000] via P2P/IPC comm 0x55f2d99f4480 nRanks 02
VM-0-4-tencentos:148:11109 [7] NCCL INFO Channel 23/0 : 1[9e000] -> 0[1c000] via P2P/IPC comm 0x563f6cc5d2e0 nRanks 02
VM-0-4-tencentos:144:8287 [3] NCCL INFO Channel 26/0 : 0[1c000] -> 1[9e000] via P2P/IPC comm 0x55f7fbcee6d0 nRanks 02
VM-0-4-tencentos:147:11108 [6] NCCL INFO Channel 18/0 : 1[bf000] -> 0[14000] via P2P/IPC comm 0x5608a021bdb0 nRanks 02
VM-0-4-tencentos:143:8345 [2] NCCL INFO Channel 21/0 : 0[14000] -> 1[bf000] via P2P/IPC comm 0x55f2d99f4480 nRanks 02
VM-0-4-tencentos:148:11109 [7] NCCL INFO Channel 24/0 : 1[9e000] -> 0[1c000] via P2P/IPC comm 0x563f6cc5d2e0 nRanks 02
VM-0-4-tencentos:144:8287 [3] NCCL INFO Channel 27/0 : 0[1c000] -> 1[9e000] via P2P/IPC comm 0x55f7fbcee6d0 nRanks 02
VM-0-4-tencentos:147:11108 [6] NCCL INFO Channel 19/0 : 1[bf000] -> 0[14000] via P2P/IPC comm 0x5608a021bdb0 nRanks 02
VM-0-4-tencentos:143:8345 [2] NCCL INFO Channel 22/0 : 0[14000] -> 1[bf000] via P2P/IPC comm 0x55f2d99f4480 nRanks 02
VM-0-4-tencentos:148:11109 [7] NCCL INFO Channel 25/0 : 1[9e000] -> 0[1c000] via P2P/IPC comm 0x563f6cc5d2e0 nRanks 02
VM-0-4-tencentos:144:8287 [3] NCCL INFO Channel 28/0 : 0[1c000] -> 1[9e000] via P2P/IPC comm 0x55f7fbcee6d0 nRanks 02
VM-0-4-tencentos:147:11108 [6] NCCL INFO Channel 20/0 : 1[bf000] -> 0[14000] via P2P/IPC comm 0x5608a021bdb0 nRanks 02
VM-0-4-tencentos:143:8345 [2] NCCL INFO Channel 23/0 : 0[14000] -> 1[bf000] via P2P/IPC comm 0x55f2d99f4480 nRanks 02
VM-0-4-tencentos:148:11109 [7] NCCL INFO Channel 26/0 : 1[9e000] -> 0[1c000] via P2P/IPC comm 0x563f6cc5d2e0 nRanks 02
VM-0-4-tencentos:144:8287 [3] NCCL INFO Channel 29/0 : 0[1c000] -> 1[9e000] via P2P/IPC comm 0x55f7fbcee6d0 nRanks 02
VM-0-4-tencentos:147:11108 [6] NCCL INFO Channel 21/0 : 1[bf000] -> 0[14000] via P2P/IPC comm 0x5608a021bdb0 nRanks 02
VM-0-4-tencentos:143:8345 [2] NCCL INFO Channel 24/0 : 0[14000] -> 1[bf000] via P2P/IPC comm 0x55f2d99f4480 nRanks 02
VM-0-4-tencentos:148:11109 [7] NCCL INFO Channel 27/0 : 1[9e000] -> 0[1c000] via P2P/IPC comm 0x563f6cc5d2e0 nRanks 02
VM-0-4-tencentos:144:8287 [3] NCCL INFO Channel 30/0 : 0[1c000] -> 1[9e000] via P2P/IPC comm 0x55f7fbcee6d0 nRanks 02
VM-0-4-tencentos:147:11108 [6] NCCL INFO Channel 22/0 : 1[bf000] -> 0[14000] via P2P/IPC comm 0x5608a021bdb0 nRanks 02
VM-0-4-tencentos:143:8345 [2] NCCL INFO Channel 25/0 : 0[14000] -> 1[bf000] via P2P/IPC comm 0x55f2d99f4480 nRanks 02
VM-0-4-tencentos:144:8287 [3] NCCL INFO Channel 31/0 : 0[1c000] -> 1[9e000] via P2P/IPC comm 0x55f7fbcee6d0 nRanks 02
VM-0-4-tencentos:148:11109 [7] NCCL INFO Channel 28/0 : 1[9e000] -> 0[1c000] via P2P/IPC comm 0x563f6cc5d2e0 nRanks 02
VM-0-4-tencentos:147:11108 [6] NCCL INFO Channel 23/0 : 1[bf000] -> 0[14000] via P2P/IPC comm 0x5608a021bdb0 nRanks 02
VM-0-4-tencentos:143:8345 [2] NCCL INFO Channel 26/0 : 0[14000] -> 1[bf000] via P2P/IPC comm 0x55f2d99f4480 nRanks 02
VM-0-4-tencentos:148:11109 [7] NCCL INFO Channel 29/0 : 1[9e000] -> 0[1c000] via P2P/IPC comm 0x563f6cc5d2e0 nRanks 02
VM-0-4-tencentos:147:11108 [6] NCCL INFO Channel 24/0 : 1[bf000] -> 0[14000] via P2P/IPC comm 0x5608a021bdb0 nRanks 02
VM-0-4-tencentos:143:8345 [2] NCCL INFO Channel 27/0 : 0[14000] -> 1[bf000] via P2P/IPC comm 0x55f2d99f4480 nRanks 02
VM-0-4-tencentos:148:11109 [7] NCCL INFO Channel 30/0 : 1[9e000] -> 0[1c000] via P2P/IPC comm 0x563f6cc5d2e0 nRanks 02
VM-0-4-tencentos:147:11108 [6] NCCL INFO Channel 25/0 : 1[bf000] -> 0[14000] via P2P/IPC comm 0x5608a021bdb0 nRanks 02
VM-0-4-tencentos:143:8345 [2] NCCL INFO Channel 28/0 : 0[14000] -> 1[bf000] via P2P/IPC comm 0x55f2d99f4480 nRanks 02
VM-0-4-tencentos:148:11109 [7] NCCL INFO Channel 31/0 : 1[9e000] -> 0[1c000] via P2P/IPC comm 0x563f6cc5d2e0 nRanks 02
VM-0-4-tencentos:147:11108 [6] NCCL INFO Channel 26/0 : 1[bf000] -> 0[14000] via P2P/IPC comm 0x5608a021bdb0 nRanks 02
VM-0-4-tencentos:143:8345 [2] NCCL INFO Channel 29/0 : 0[14000] -> 1[bf000] via P2P/IPC comm 0x55f2d99f4480 nRanks 02
VM-0-4-tencentos:147:11108 [6] NCCL INFO Channel 27/0 : 1[bf000] -> 0[14000] via P2P/IPC comm 0x5608a021bdb0 nRanks 02
VM-0-4-tencentos:143:8345 [2] NCCL INFO Channel 30/0 : 0[14000] -> 1[bf000] via P2P/IPC comm 0x55f2d99f4480 nRanks 02
VM-0-4-tencentos:147:11108 [6] NCCL INFO Channel 28/0 : 1[bf000] -> 0[14000] via P2P/IPC comm 0x5608a021bdb0 nRanks 02
VM-0-4-tencentos:143:8345 [2] NCCL INFO Channel 31/0 : 0[14000] -> 1[bf000] via P2P/IPC comm 0x55f2d99f4480 nRanks 02
VM-0-4-tencentos:147:11108 [6] NCCL INFO Channel 29/0 : 1[bf000] -> 0[14000] via P2P/IPC comm 0x5608a021bdb0 nRanks 02
VM-0-4-tencentos:142:8237 [1] NCCL INFO Channel 00/0 : 0[2b000] -> 1[b8000] via P2P/IPC comm 0x5579fd0507e0 nRanks 02
VM-0-4-tencentos:147:11108 [6] NCCL INFO Channel 30/0 : 1[bf000] -> 0[14000] via P2P/IPC comm 0x5608a021bdb0 nRanks 02
VM-0-4-tencentos:142:8237 [1] NCCL INFO Channel 01/0 : 0[2b000] -> 1[b8000] via P2P/IPC comm 0x5579fd0507e0 nRanks 02
VM-0-4-tencentos:147:11108 [6] NCCL INFO Channel 31/0 : 1[bf000] -> 0[14000] via P2P/IPC comm 0x5608a021bdb0 nRanks 02
VM-0-4-tencentos:142:8237 [1] NCCL INFO Channel 02/0 : 0[2b000] -> 1[b8000] via P2P/IPC comm 0x5579fd0507e0 nRanks 02
VM-0-4-tencentos:142:8237 [1] NCCL INFO Channel 03/0 : 0[2b000] -> 1[b8000] via P2P/IPC comm 0x5579fd0507e0 nRanks 02
VM-0-4-tencentos:146:11110 [5] NCCL INFO Channel 00/0 : 1[b8000] -> 0[2b000] via P2P/IPC comm 0x56114bd4bbb0 nRanks 02
VM-0-4-tencentos:142:8237 [1] NCCL INFO Channel 04/0 : 0[2b000] -> 1[b8000] via P2P/IPC comm 0x5579fd0507e0 nRanks 02
VM-0-4-tencentos:142:8237 [1] NCCL INFO Channel 05/0 : 0[2b000] -> 1[b8000] via P2P/IPC comm 0x5579fd0507e0 nRanks 02
VM-0-4-tencentos:146:11110 [5] NCCL INFO Channel 01/0 : 1[b8000] -> 0[2b000] via P2P/IPC comm 0x56114bd4bbb0 nRanks 02
VM-0-4-tencentos:142:8237 [1] NCCL INFO Channel 06/0 : 0[2b000] -> 1[b8000] via P2P/IPC comm 0x5579fd0507e0 nRanks 02
VM-0-4-tencentos:146:11110 [5] NCCL INFO Channel 02/0 : 1[b8000] -> 0[2b000] via P2P/IPC comm 0x56114bd4bbb0 nRanks 02
VM-0-4-tencentos:142:8237 [1] NCCL INFO Channel 07/0 : 0[2b000] -> 1[b8000] via P2P/IPC comm 0x5579fd0507e0 nRanks 02
VM-0-4-tencentos:146:11110 [5] NCCL INFO Channel 03/0 : 1[b8000] -> 0[2b000] via P2P/IPC comm 0x56114bd4bbb0 nRanks 02
VM-0-4-tencentos:142:8237 [1] NCCL INFO Channel 08/0 : 0[2b000] -> 1[b8000] via P2P/IPC comm 0x5579fd0507e0 nRanks 02
VM-0-4-tencentos:146:11110 [5] NCCL INFO Channel 04/0 : 1[b8000] -> 0[2b000] via P2P/IPC comm 0x56114bd4bbb0 nRanks 02
VM-0-4-tencentos:142:8237 [1] NCCL INFO Channel 09/0 : 0[2b000] -> 1[b8000] via P2P/IPC comm 0x5579fd0507e0 nRanks 02
VM-0-4-tencentos:146:11110 [5] NCCL INFO Channel 05/0 : 1[b8000] -> 0[2b000] via P2P/IPC comm 0x56114bd4bbb0 nRanks 02
VM-0-4-tencentos:142:8237 [1] NCCL INFO Channel 10/0 : 0[2b000] -> 1[b8000] via P2P/IPC comm 0x5579fd0507e0 nRanks 02
VM-0-4-tencentos:146:11110 [5] NCCL INFO Channel 06/0 : 1[b8000] -> 0[2b000] via P2P/IPC comm 0x56114bd4bbb0 nRanks 02
VM-0-4-tencentos:142:8237 [1] NCCL INFO Channel 11/0 : 0[2b000] -> 1[b8000] via P2P/IPC comm 0x5579fd0507e0 nRanks 02
VM-0-4-tencentos:146:11110 [5] NCCL INFO Channel 07/0 : 1[b8000] -> 0[2b000] via P2P/IPC comm 0x56114bd4bbb0 nRanks 02
VM-0-4-tencentos:142:8237 [1] NCCL INFO Channel 12/0 : 0[2b000] -> 1[b8000] via P2P/IPC comm 0x5579fd0507e0 nRanks 02
VM-0-4-tencentos:146:11110 [5] NCCL INFO Channel 08/0 : 1[b8000] -> 0[2b000] via P2P/IPC comm 0x56114bd4bbb0 nRanks 02
VM-0-4-tencentos:142:8237 [1] NCCL INFO Channel 13/0 : 0[2b000] -> 1[b8000] via P2P/IPC comm 0x5579fd0507e0 nRanks 02
VM-0-4-tencentos:146:11110 [5] NCCL INFO Channel 09/0 : 1[b8000] -> 0[2b000] via P2P/IPC comm 0x56114bd4bbb0 nRanks 02
VM-0-4-tencentos:142:8237 [1] NCCL INFO Channel 14/0 : 0[2b000] -> 1[b8000] via P2P/IPC comm 0x5579fd0507e0 nRanks 02
VM-0-4-tencentos:146:11110 [5] NCCL INFO Channel 10/0 : 1[b8000] -> 0[2b000] via P2P/IPC comm 0x56114bd4bbb0 nRanks 02
VM-0-4-tencentos:142:8237 [1] NCCL INFO Channel 15/0 : 0[2b000] -> 1[b8000] via P2P/IPC comm 0x5579fd0507e0 nRanks 02
VM-0-4-tencentos:146:11110 [5] NCCL INFO Channel 11/0 : 1[b8000] -> 0[2b000] via P2P/IPC comm 0x56114bd4bbb0 nRanks 02
VM-0-4-tencentos:142:8237 [1] NCCL INFO Channel 16/0 : 0[2b000] -> 1[b8000] via P2P/IPC comm 0x5579fd0507e0 nRanks 02
VM-0-4-tencentos:146:11110 [5] NCCL INFO Channel 12/0 : 1[b8000] -> 0[2b000] via P2P/IPC comm 0x56114bd4bbb0 nRanks 02
VM-0-4-tencentos:142:8237 [1] NCCL INFO Channel 17/0 : 0[2b000] -> 1[b8000] via P2P/IPC comm 0x5579fd0507e0 nRanks 02
VM-0-4-tencentos:146:11110 [5] NCCL INFO Channel 13/0 : 1[b8000] -> 0[2b000] via P2P/IPC comm 0x56114bd4bbb0 nRanks 02
VM-0-4-tencentos:148:11109 [7] NCCL INFO Connected all rings
VM-0-4-tencentos:144:8287 [3] NCCL INFO Connected all rings
VM-0-4-tencentos:148:11109 [7] NCCL INFO Connected all trees
VM-0-4-tencentos:148:11109 [7] NCCL INFO NCCL_ALGO set by environment to Ring
VM-0-4-tencentos:148:11109 [7] NCCL INFO threadThresholds 8/8/64 | 16/8/64 | 256 | 256
VM-0-4-tencentos:148:11109 [7] NCCL INFO 32 coll channels, 32 collnet channels, 0 nvls channels, 32 p2p channels, 16 p2p channels per peer
VM-0-4-tencentos:144:8287 [3] NCCL INFO Connected all trees
VM-0-4-tencentos:144:8287 [3] NCCL INFO NCCL_ALGO set by environment to Ring
VM-0-4-tencentos:142:8237 [1] NCCL INFO Channel 18/0 : 0[2b000] -> 1[b8000] via P2P/IPC comm 0x5579fd0507e0 nRanks 02
VM-0-4-tencentos:144:8287 [3] NCCL INFO threadThresholds 8/8/64 | 16/8/64 | 256 | 256
VM-0-4-tencentos:144:8287 [3] NCCL INFO 32 coll channels, 32 collnet channels, 0 nvls channels, 32 p2p channels, 16 p2p channels per peer
VM-0-4-tencentos:144:8287 [3] NCCL INFO CC Off, Multi-GPU CC Off, workFifoBytes 1048576
VM-0-4-tencentos:146:11110 [5] NCCL INFO Channel 14/0 : 1[b8000] -> 0[2b000] via P2P/IPC comm 0x56114bd4bbb0 nRanks 02
VM-0-4-tencentos:142:8237 [1] NCCL INFO Channel 19/0 : 0[2b000] -> 1[b8000] via P2P/IPC comm 0x5579fd0507e0 nRanks 02
VM-0-4-tencentos:146:11110 [5] NCCL INFO Channel 15/0 : 1[b8000] -> 0[2b000] via P2P/IPC comm 0x56114bd4bbb0 nRanks 02
VM-0-4-tencentos:142:8237 [1] NCCL INFO Channel 20/0 : 0[2b000] -> 1[b8000] via P2P/IPC comm 0x5579fd0507e0 nRanks 02
VM-0-4-tencentos:146:11110 [5] NCCL INFO Channel 16/0 : 1[b8000] -> 0[2b000] via P2P/IPC comm 0x56114bd4bbb0 nRanks 02
VM-0-4-tencentos:148:11109 [7] NCCL INFO ncclCommInitRank comm 0x563f6cc5d2e0 rank 1 nranks 2 cudaDev 7 nvmlDev 7 busId 9e000 commId 0x5e71d0bbc9c78216 localSize 688 used 608652112 bytes on core 119 - Init COMPLETE
VM-0-4-tencentos:144:8287 [3] NCCL INFO ncclCommInitRank comm 0x55f7fbcee6d0 rank 0 nranks 2 cudaDev 3 nvmlDev 3 busId 1c000 commId 0x5e71d0bbc9c78216 localSize 688 used 722160464 bytes on core 211 - Init COMPLETE
VM-0-4-tencentos:144:8287 [3] NCCL INFO Init timings: rank 0 nranks 2 total 1.91 (kernels 0.00, bootstrap 1.63, allgathers 0.00, topo 0.15, graphs 0.06, connections 0.06, rest 0.00)
VM-0-4-tencentos:148:11109 [7] NCCL INFO Init timings: rank 1 nranks 2 total 0.29 (kernels 0.00, bootstrap 0.01, allgathers 0.00, topo 0.15, graphs 0.06, connections 0.06, rest 0.00)
VM-0-4-tencentos:142:8237 [1] NCCL INFO Channel 21/0 : 0[2b000] -> 1[b8000] via P2P/IPC comm 0x5579fd0507e0 nRanks 02
I0428 14:55:53.108163   144 ProcessGroupNCCL.cpp:2330] [PG ID 3 PG GUID 28(CONTEXT_PARALLEL_GROUP) Rank 0] ProcessGroupNCCL created ncclComm_ 0x55f7fbcee6d0 on CUDA device: 
I0428 14:55:53.108196   144 ProcessGroupNCCL.cpp:2335] [PG ID 3 PG GUID 28(CONTEXT_PARALLEL_GROUP) Rank 0] NCCL_DEBUG: Info
I0428 14:55:53.108204   148 ProcessGroupNCCL.cpp:2330] [PG ID 3 PG GUID 28(CONTEXT_PARALLEL_GROUP) Rank 1] ProcessGroupNCCL created ncclComm_ 0x563f6cc5d2e0 on CUDA device: 
I0428 14:55:53.108243   148 ProcessGroupNCCL.cpp:2335] [PG ID 3 PG GUID 28(CONTEXT_PARALLEL_GROUP) Rank 1] NCCL_DEBUG: Info
VM-0-4-tencentos:146:11110 [5] NCCL INFO Channel 17/0 : 1[b8000] -> 0[2b000] via P2P/IPC comm 0x56114bd4bbb0 nRanks 02
VM-0-4-tencentos:142:8237 [1] NCCL INFO Channel 22/0 : 0[2b000] -> 1[b8000] via P2P/IPC comm 0x5579fd0507e0 nRanks 02
VM-0-4-tencentos:143:8345 [2] NCCL INFO Connected all rings
VM-0-4-tencentos:146:11110 [5] NCCL INFO Channel 18/0 : 1[b8000] -> 0[2b000] via P2P/IPC comm 0x56114bd4bbb0 nRanks 02
VM-0-4-tencentos:147:11108 [6] NCCL INFO Connected all rings
VM-0-4-tencentos:143:8345 [2] NCCL INFO Connected all trees
VM-0-4-tencentos:143:8345 [2] NCCL INFO NCCL_ALGO set by environment to Ring
VM-0-4-tencentos:147:11108 [6] NCCL INFO Connected all trees
VM-0-4-tencentos:147:11108 [6] NCCL INFO NCCL_ALGO set by environment to Ring
VM-0-4-tencentos:147:11108 [6] NCCL INFO threadThresholds 8/8/64 | 16/8/64 | 256 | 256
VM-0-4-tencentos:147:11108 [6] NCCL INFO 32 coll channels, 32 collnet channels, 0 nvls channels, 32 p2p channels, 16 p2p channels per peer
VM-0-4-tencentos:143:8345 [2] NCCL INFO threadThresholds 8/8/64 | 16/8/64 | 256 | 256
VM-0-4-tencentos:143:8345 [2] NCCL INFO 32 coll channels, 32 collnet channels, 0 nvls channels, 32 p2p channels, 16 p2p channels per peer
VM-0-4-tencentos:143:8345 [2] NCCL INFO CC Off, Multi-GPU CC Off, workFifoBytes 1048576
VM-0-4-tencentos:142:8237 [1] NCCL INFO Channel 23/0 : 0[2b000] -> 1[b8000] via P2P/IPC comm 0x5579fd0507e0 nRanks 02
VM-0-4-tencentos:146:11110 [5] NCCL INFO Channel 19/0 : 1[b8000] -> 0[2b000] via P2P/IPC comm 0x56114bd4bbb0 nRanks 02
VM-0-4-tencentos:142:8237 [1] NCCL INFO Channel 24/0 : 0[2b000] -> 1[b8000] via P2P/IPC comm 0x5579fd0507e0 nRanks 02
VM-0-4-tencentos:146:11110 [5] NCCL INFO Channel 20/0 : 1[b8000] -> 0[2b000] via P2P/IPC comm 0x56114bd4bbb0 nRanks 02
VM-0-4-tencentos:143:8345 [2] NCCL INFO ncclCommInitRank comm 0x55f2d99f4480 rank 0 nranks 2 cudaDev 2 nvmlDev 2 busId 14000 commId 0xe4f1254acf3e2d5e localSize 688 used 665406288 bytes on core 6 - Init COMPLETE
VM-0-4-tencentos:143:8345 [2] NCCL INFO Init timings: rank 0 nranks 2 total 1.84 (kernels 0.00, bootstrap 1.56, allgathers 0.00, topo 0.16, graphs 0.06, connections 0.06, rest 0.00)
VM-0-4-tencentos:147:11108 [6] NCCL INFO ncclCommInitRank comm 0x5608a021bdb0 rank 1 nranks 2 cudaDev 6 nvmlDev 6 busId bf000 commId 0xe4f1254acf3e2d5e localSize 688 used 722160464 bytes on core 297 - Init COMPLETE
VM-0-4-tencentos:147:11108 [6] NCCL INFO Init timings: rank 1 nranks 2 total 0.29 (kernels 0.00, bootstrap 0.01, allgathers 0.00, topo 0.16, graphs 0.06, connections 0.06, rest 0.00)
VM-0-4-tencentos:142:8237 [1] NCCL INFO Channel 25/0 : 0[2b000] -> 1[b8000] via P2P/IPC comm 0x5579fd0507e0 nRanks 02
VM-0-4-tencentos:146:11110 [5] NCCL INFO Channel 21/0 : 1[b8000] -> 0[2b000] via P2P/IPC comm 0x56114bd4bbb0 nRanks 02
I0428 14:55:53.110158   147 ProcessGroupNCCL.cpp:2330] [PG ID 3 PG GUID 27(CONTEXT_PARALLEL_GROUP) Rank 1] ProcessGroupNCCL created ncclComm_ 0x5608a021bdb0 on CUDA device: 
I0428 14:55:53.110141   143 ProcessGroupNCCL.cpp:2330] [PG ID 3 PG GUID 27(CONTEXT_PARALLEL_GROUP) Rank 0] ProcessGroupNCCL created ncclComm_ 0x55f2d99f4480 on CUDA device: 
I0428 14:55:53.110175   147 ProcessGroupNCCL.cpp:2335] [PG ID 3 PG GUID 27(CONTEXT_PARALLEL_GROUP) Rank 1] NCCL_DEBUG: Info
I0428 14:55:53.110177   143 ProcessGroupNCCL.cpp:2335] [PG ID 3 PG GUID 27(CONTEXT_PARALLEL_GROUP) Rank 0] NCCL_DEBUG: Info
VM-0-4-tencentos:142:8237 [1] NCCL INFO Channel 26/0 : 0[2b000] -> 1[b8000] via P2P/IPC comm 0x5579fd0507e0 nRanks 02
VM-0-4-tencentos:146:11110 [5] NCCL INFO Channel 22/0 : 1[b8000] -> 0[2b000] via P2P/IPC comm 0x56114bd4bbb0 nRanks 02
VM-0-4-tencentos:142:8237 [1] NCCL INFO Channel 27/0 : 0[2b000] -> 1[b8000] via P2P/IPC comm 0x5579fd0507e0 nRanks 02
VM-0-4-tencentos:146:11110 [5] NCCL INFO Channel 23/0 : 1[b8000] -> 0[2b000] via P2P/IPC comm 0x56114bd4bbb0 nRanks 02
VM-0-4-tencentos:142:8237 [1] NCCL INFO Channel 28/0 : 0[2b000] -> 1[b8000] via P2P/IPC comm 0x5579fd0507e0 nRanks 02
VM-0-4-tencentos:146:11110 [5] NCCL INFO Channel 24/0 : 1[b8000] -> 0[2b000] via P2P/IPC comm 0x56114bd4bbb0 nRanks 02
VM-0-4-tencentos:142:8237 [1] NCCL INFO Channel 29/0 : 0[2b000] -> 1[b8000] via P2P/IPC comm 0x5579fd0507e0 nRanks 02
VM-0-4-tencentos:146:11110 [5] NCCL INFO Channel 25/0 : 1[b8000] -> 0[2b000] via P2P/IPC comm 0x56114bd4bbb0 nRanks 02
VM-0-4-tencentos:142:8237 [1] NCCL INFO Channel 30/0 : 0[2b000] -> 1[b8000] via P2P/IPC comm 0x5579fd0507e0 nRanks 02
VM-0-4-tencentos:146:11110 [5] NCCL INFO Channel 26/0 : 1[b8000] -> 0[2b000] via P2P/IPC comm 0x56114bd4bbb0 nRanks 02
VM-0-4-tencentos:146:11110 [5] NCCL INFO Channel 27/0 : 1[b8000] -> 0[2b000] via P2P/IPC comm 0x56114bd4bbb0 nRanks 02
VM-0-4-tencentos:142:8237 [1] NCCL INFO Channel 31/0 : 0[2b000] -> 1[b8000] via P2P/IPC comm 0x5579fd0507e0 nRanks 02
VM-0-4-tencentos:146:11110 [5] NCCL INFO Channel 28/0 : 1[b8000] -> 0[2b000] via P2P/IPC comm 0x56114bd4bbb0 nRanks 02
VM-0-4-tencentos:146:11110 [5] NCCL INFO Channel 29/0 : 1[b8000] -> 0[2b000] via P2P/IPC comm 0x56114bd4bbb0 nRanks 02
VM-0-4-tencentos:146:11110 [5] NCCL INFO Channel 30/0 : 1[b8000] -> 0[2b000] via P2P/IPC comm 0x56114bd4bbb0 nRanks 02
VM-0-4-tencentos:146:11110 [5] NCCL INFO Channel 31/0 : 1[b8000] -> 0[2b000] via P2P/IPC comm 0x56114bd4bbb0 nRanks 02
VM-0-4-tencentos:146:11110 [5] NCCL INFO Connected all rings
VM-0-4-tencentos:142:8237 [1] NCCL INFO Connected all rings
VM-0-4-tencentos:146:11110 [5] NCCL INFO Connected all trees
VM-0-4-tencentos:142:8237 [1] NCCL INFO Connected all trees
VM-0-4-tencentos:142:8237 [1] NCCL INFO NCCL_ALGO set by environment to Ring
VM-0-4-tencentos:146:11110 [5] NCCL INFO NCCL_ALGO set by environment to Ring
VM-0-4-tencentos:146:11110 [5] NCCL INFO threadThresholds 8/8/64 | 16/8/64 | 256 | 256
VM-0-4-tencentos:146:11110 [5] NCCL INFO 32 coll channels, 32 collnet channels, 0 nvls channels, 32 p2p channels, 16 p2p channels per peer
VM-0-4-tencentos:142:8237 [1] NCCL INFO threadThresholds 8/8/64 | 16/8/64 | 256 | 256
VM-0-4-tencentos:142:8237 [1] NCCL INFO 32 coll channels, 32 collnet channels, 0 nvls channels, 32 p2p channels, 16 p2p channels per peer
VM-0-4-tencentos:142:8237 [1] NCCL INFO CC Off, Multi-GPU CC Off, workFifoBytes 1048576
VM-0-4-tencentos:142:8237 [1] NCCL INFO ncclCommInitRank comm 0x5579fd0507e0 rank 0 nranks 2 cudaDev 1 nvmlDev 1 busId 2b000 commId 0xbf46c0007b1fe82 localSize 688 used 722160464 bytes on core 0 - Init COMPLETE
VM-0-4-tencentos:142:8237 [1] NCCL INFO Init timings: rank 0 nranks 2 total 1.98 (kernels 0.00, bootstrap 1.72, allgathers 0.00, topo 0.14, graphs 0.06, connections 0.05, rest 0.00)
VM-0-4-tencentos:146:11110 [5] NCCL INFO ncclCommInitRank comm 0x56114bd4bbb0 rank 1 nranks 2 cudaDev 5 nvmlDev 5 busId b8000 commId 0xbf46c0007b1fe82 localSize 688 used 722160464 bytes on core 126 - Init COMPLETE
VM-0-4-tencentos:146:11110 [5] NCCL INFO Init timings: rank 1 nranks 2 total 0.27 (kernels 0.00, bootstrap 0.01, allgathers 0.00, topo 0.14, graphs 0.06, connections 0.05, rest 0.00)
I0428 14:55:53.125689   142 ProcessGroupNCCL.cpp:2330] [PG ID 3 PG GUID 26(CONTEXT_PARALLEL_GROUP) Rank 0] ProcessGroupNCCL created ncclComm_ 0x5579fd0507e0 on CUDA device: 
I0428 14:55:53.125710   146 ProcessGroupNCCL.cpp:2330] [PG ID 3 PG GUID 26(CONTEXT_PARALLEL_GROUP) Rank 1] ProcessGroupNCCL created ncclComm_ 0x56114bd4bbb0 on CUDA device: 
I0428 14:55:53.125730   146 ProcessGroupNCCL.cpp:2335] [PG ID 3 PG GUID 26(CONTEXT_PARALLEL_GROUP) Rank 1] NCCL_DEBUG: Info
I0428 14:55:53.125731   142 ProcessGroupNCCL.cpp:2335] [PG ID 3 PG GUID 26(CONTEXT_PARALLEL_GROUP) Rank 0] NCCL_DEBUG: Info
VM-0-4-tencentos:148:11123 [7] NCCL INFO Channel 01/1 : 1[9e000] -> 0[1c000] via P2P/IPC comm 0x563f6cc5d2e0 nRanks 02
VM-0-4-tencentos:148:11123 [7] NCCL INFO Channel 03/1 : 1[9e000] -> 0[1c000] via P2P/IPC comm 0x563f6cc5d2e0 nRanks 02
VM-0-4-tencentos:148:11123 [7] NCCL INFO Channel 05/1 : 1[9e000] -> 0[1c000] via P2P/IPC comm 0x563f6cc5d2e0 nRanks 02
VM-0-4-tencentos:147:11124 [6] NCCL INFO Channel 01/1 : 1[bf000] -> 0[14000] via P2P/IPC comm 0x5608a021bdb0 nRanks 02
VM-0-4-tencentos:148:11123 [7] NCCL INFO Channel 07/1 : 1[9e000] -> 0[1c000] via P2P/IPC comm 0x563f6cc5d2e0 nRanks 02
VM-0-4-tencentos:147:11124 [6] NCCL INFO Channel 03/1 : 1[bf000] -> 0[14000] via P2P/IPC comm 0x5608a021bdb0 nRanks 02
VM-0-4-tencentos:148:11123 [7] NCCL INFO Channel 09/1 : 1[9e000] -> 0[1c000] via P2P/IPC comm 0x563f6cc5d2e0 nRanks 02
VM-0-4-tencentos:144:11125 [3] NCCL INFO Channel 01/1 : 0[1c000] -> 1[9e000] via P2P/IPC comm 0x55f7fbcee6d0 nRanks 02
VM-0-4-tencentos:147:11124 [6] NCCL INFO Channel 05/1 : 1[bf000] -> 0[14000] via P2P/IPC comm 0x5608a021bdb0 nRanks 02
VM-0-4-tencentos:148:11123 [7] NCCL INFO Channel 11/1 : 1[9e000] -> 0[1c000] via P2P/IPC comm 0x563f6cc5d2e0 nRanks 02
VM-0-4-tencentos:144:11125 [3] NCCL INFO Channel 03/1 : 0[1c000] -> 1[9e000] via P2P/IPC comm 0x55f7fbcee6d0 nRanks 02
VM-0-4-tencentos:147:11124 [6] NCCL INFO Channel 07/1 : 1[bf000] -> 0[14000] via P2P/IPC comm 0x5608a021bdb0 nRanks 02
VM-0-4-tencentos:148:11123 [7] NCCL INFO Channel 13/1 : 1[9e000] -> 0[1c000] via P2P/IPC comm 0x563f6cc5d2e0 nRanks 02
VM-0-4-tencentos:144:11125 [3] NCCL INFO Channel 05/1 : 0[1c000] -> 1[9e000] via P2P/IPC comm 0x55f7fbcee6d0 nRanks 02
VM-0-4-tencentos:147:11124 [6] NCCL INFO Channel 09/1 : 1[bf000] -> 0[14000] via P2P/IPC comm 0x5608a021bdb0 nRanks 02
VM-0-4-tencentos:148:11123 [7] NCCL INFO Channel 15/1 : 1[9e000] -> 0[1c000] via P2P/IPC comm 0x563f6cc5d2e0 nRanks 02
VM-0-4-tencentos:144:11125 [3] NCCL INFO Channel 07/1 : 0[1c000] -> 1[9e000] via P2P/IPC comm 0x55f7fbcee6d0 nRanks 02
VM-0-4-tencentos:147:11124 [6] NCCL INFO Channel 11/1 : 1[bf000] -> 0[14000] via P2P/IPC comm 0x5608a021bdb0 nRanks 02
VM-0-4-tencentos:148:11123 [7] NCCL INFO Channel 17/1 : 1[9e000] -> 0[1c000] via P2P/IPC comm 0x563f6cc5d2e0 nRanks 02
VM-0-4-tencentos:144:11125 [3] NCCL INFO Channel 09/1 : 0[1c000] -> 1[9e000] via P2P/IPC comm 0x55f7fbcee6d0 nRanks 02
VM-0-4-tencentos:147:11124 [6] NCCL INFO Channel 13/1 : 1[bf000] -> 0[14000] via P2P/IPC comm 0x5608a021bdb0 nRanks 02
VM-0-4-tencentos:148:11123 [7] NCCL INFO Channel 19/1 : 1[9e000] -> 0[1c000] via P2P/IPC comm 0x563f6cc5d2e0 nRanks 02
VM-0-4-tencentos:144:11125 [3] NCCL INFO Channel 11/1 : 0[1c000] -> 1[9e000] via P2P/IPC comm 0x55f7fbcee6d0 nRanks 02
VM-0-4-tencentos:147:11124 [6] NCCL INFO Channel 15/1 : 1[bf000] -> 0[14000] via P2P/IPC comm 0x5608a021bdb0 nRanks 02
VM-0-4-tencentos:143:11126 [2] NCCL INFO Channel 01/1 : 0[14000] -> 1[bf000] via P2P/IPC comm 0x55f2d99f4480 nRanks 02
VM-0-4-tencentos:148:11123 [7] NCCL INFO Channel 21/1 : 1[9e000] -> 0[1c000] via P2P/IPC comm 0x563f6cc5d2e0 nRanks 02
VM-0-4-tencentos:144:11125 [3] NCCL INFO Channel 13/1 : 0[1c000] -> 1[9e000] via P2P/IPC comm 0x55f7fbcee6d0 nRanks 02
VM-0-4-tencentos:147:11124 [6] NCCL INFO Channel 17/1 : 1[bf000] -> 0[14000] via P2P/IPC comm 0x5608a021bdb0 nRanks 02
VM-0-4-tencentos:143:11126 [2] NCCL INFO Channel 03/1 : 0[14000] -> 1[bf000] via P2P/IPC comm 0x55f2d99f4480 nRanks 02
VM-0-4-tencentos:148:11123 [7] NCCL INFO Channel 23/1 : 1[9e000] -> 0[1c000] via P2P/IPC comm 0x563f6cc5d2e0 nRanks 02
VM-0-4-tencentos:144:11125 [3] NCCL INFO Channel 15/1 : 0[1c000] -> 1[9e000] via P2P/IPC comm 0x55f7fbcee6d0 nRanks 02
VM-0-4-tencentos:147:11124 [6] NCCL INFO Channel 19/1 : 1[bf000] -> 0[14000] via P2P/IPC comm 0x5608a021bdb0 nRanks 02
VM-0-4-tencentos:143:11126 [2] NCCL INFO Channel 05/1 : 0[14000] -> 1[bf000] via P2P/IPC comm 0x55f2d99f4480 nRanks 02
VM-0-4-tencentos:148:11123 [7] NCCL INFO Channel 25/1 : 1[9e000] -> 0[1c000] via P2P/IPC comm 0x563f6cc5d2e0 nRanks 02
VM-0-4-tencentos:144:11125 [3] NCCL INFO Channel 17/1 : 0[1c000] -> 1[9e000] via P2P/IPC comm 0x55f7fbcee6d0 nRanks 02
VM-0-4-tencentos:147:11124 [6] NCCL INFO Channel 21/1 : 1[bf000] -> 0[14000] via P2P/IPC comm 0x5608a021bdb0 nRanks 02
VM-0-4-tencentos:143:11126 [2] NCCL INFO Channel 07/1 : 0[14000] -> 1[bf000] via P2P/IPC comm 0x55f2d99f4480 nRanks 02
VM-0-4-tencentos:148:11123 [7] NCCL INFO Channel 27/1 : 1[9e000] -> 0[1c000] via P2P/IPC comm 0x563f6cc5d2e0 nRanks 02
VM-0-4-tencentos:144:11125 [3] NCCL INFO Channel 19/1 : 0[1c000] -> 1[9e000] via P2P/IPC comm 0x55f7fbcee6d0 nRanks 02
VM-0-4-tencentos:147:11124 [6] NCCL INFO Channel 23/1 : 1[bf000] -> 0[14000] via P2P/IPC comm 0x5608a021bdb0 nRanks 02
VM-0-4-tencentos:143:11126 [2] NCCL INFO Channel 09/1 : 0[14000] -> 1[bf000] via P2P/IPC comm 0x55f2d99f4480 nRanks 02
VM-0-4-tencentos:148:11123 [7] NCCL INFO Channel 29/1 : 1[9e000] -> 0[1c000] via P2P/IPC comm 0x563f6cc5d2e0 nRanks 02
VM-0-4-tencentos:144:11125 [3] NCCL INFO Channel 21/1 : 0[1c000] -> 1[9e000] via P2P/IPC comm 0x55f7fbcee6d0 nRanks 02
VM-0-4-tencentos:147:11124 [6] NCCL INFO Channel 25/1 : 1[bf000] -> 0[14000] via P2P/IPC comm 0x5608a021bdb0 nRanks 02
VM-0-4-tencentos:143:11126 [2] NCCL INFO Channel 11/1 : 0[14000] -> 1[bf000] via P2P/IPC comm 0x55f2d99f4480 nRanks 02
VM-0-4-tencentos:144:11125 [3] NCCL INFO Channel 23/1 : 0[1c000] -> 1[9e000] via P2P/IPC comm 0x55f7fbcee6d0 nRanks 02
VM-0-4-tencentos:148:11123 [7] NCCL INFO Channel 31/1 : 1[9e000] -> 0[1c000] via P2P/IPC comm 0x563f6cc5d2e0 nRanks 02
VM-0-4-tencentos:147:11124 [6] NCCL INFO Channel 27/1 : 1[bf000] -> 0[14000] via P2P/IPC comm 0x5608a021bdb0 nRanks 02
VM-0-4-tencentos:143:11126 [2] NCCL INFO Channel 13/1 : 0[14000] -> 1[bf000] via P2P/IPC comm 0x55f2d99f4480 nRanks 02
VM-0-4-tencentos:144:11125 [3] NCCL INFO Channel 25/1 : 0[1c000] -> 1[9e000] via P2P/IPC comm 0x55f7fbcee6d0 nRanks 02
VM-0-4-tencentos:147:11124 [6] NCCL INFO Channel 29/1 : 1[bf000] -> 0[14000] via P2P/IPC comm 0x5608a021bdb0 nRanks 02
VM-0-4-tencentos:143:11126 [2] NCCL INFO Channel 15/1 : 0[14000] -> 1[bf000] via P2P/IPC comm 0x55f2d99f4480 nRanks 02
VM-0-4-tencentos:144:11125 [3] NCCL INFO Channel 27/1 : 0[1c000] -> 1[9e000] via P2P/IPC comm 0x55f7fbcee6d0 nRanks 02
VM-0-4-tencentos:147:11124 [6] NCCL INFO Channel 31/1 : 1[bf000] -> 0[14000] via P2P/IPC comm 0x5608a021bdb0 nRanks 02
VM-0-4-tencentos:143:11126 [2] NCCL INFO Channel 17/1 : 0[14000] -> 1[bf000] via P2P/IPC comm 0x55f2d99f4480 nRanks 02
VM-0-4-tencentos:144:11125 [3] NCCL INFO Channel 29/1 : 0[1c000] -> 1[9e000] via P2P/IPC comm 0x55f7fbcee6d0 nRanks 02
VM-0-4-tencentos:143:11126 [2] NCCL INFO Channel 19/1 : 0[14000] -> 1[bf000] via P2P/IPC comm 0x55f2d99f4480 nRanks 02
VM-0-4-tencentos:144:11125 [3] NCCL INFO Channel 31/1 : 0[1c000] -> 1[9e000] via P2P/IPC comm 0x55f7fbcee6d0 nRanks 02
VM-0-4-tencentos:143:11126 [2] NCCL INFO Channel 21/1 : 0[14000] -> 1[bf000] via P2P/IPC comm 0x55f2d99f4480 nRanks 02
VM-0-4-tencentos:143:11126 [2] NCCL INFO Channel 23/1 : 0[14000] -> 1[bf000] via P2P/IPC comm 0x55f2d99f4480 nRanks 02
VM-0-4-tencentos:143:11126 [2] NCCL INFO Channel 25/1 : 0[14000] -> 1[bf000] via P2P/IPC comm 0x55f2d99f4480 nRanks 02
VM-0-4-tencentos:143:11126 [2] NCCL INFO Channel 27/1 : 0[14000] -> 1[bf000] via P2P/IPC comm 0x55f2d99f4480 nRanks 02
VM-0-4-tencentos:143:11126 [2] NCCL INFO Channel 29/1 : 0[14000] -> 1[bf000] via P2P/IPC comm 0x55f2d99f4480 nRanks 02
VM-0-4-tencentos:143:11126 [2] NCCL INFO Channel 31/1 : 0[14000] -> 1[bf000] via P2P/IPC comm 0x55f2d99f4480 nRanks 02
VM-0-4-tencentos:142:11127 [1] NCCL INFO Channel 01/1 : 0[2b000] -> 1[b8000] via P2P/IPC comm 0x5579fd0507e0 nRanks 02
VM-0-4-tencentos:142:11127 [1] NCCL INFO Channel 03/1 : 0[2b000] -> 1[b8000] via P2P/IPC comm 0x5579fd0507e0 nRanks 02
VM-0-4-tencentos:142:11127 [1] NCCL INFO Channel 05/1 : 0[2b000] -> 1[b8000] via P2P/IPC comm 0x5579fd0507e0 nRanks 02
VM-0-4-tencentos:142:11127 [1] NCCL INFO Channel 07/1 : 0[2b000] -> 1[b8000] via P2P/IPC comm 0x5579fd0507e0 nRanks 02
VM-0-4-tencentos:146:11128 [5] NCCL INFO Channel 01/1 : 1[b8000] -> 0[2b000] via P2P/IPC comm 0x56114bd4bbb0 nRanks 02
VM-0-4-tencentos:142:11127 [1] NCCL INFO Channel 09/1 : 0[2b000] -> 1[b8000] via P2P/IPC comm 0x5579fd0507e0 nRanks 02
VM-0-4-tencentos:146:11128 [5] NCCL INFO Channel 03/1 : 1[b8000] -> 0[2b000] via P2P/IPC comm 0x56114bd4bbb0 nRanks 02
VM-0-4-tencentos:142:11127 [1] NCCL INFO Channel 11/1 : 0[2b000] -> 1[b8000] via P2P/IPC comm 0x5579fd0507e0 nRanks 02
VM-0-4-tencentos:146:11128 [5] NCCL INFO Channel 05/1 : 1[b8000] -> 0[2b000] via P2P/IPC comm 0x56114bd4bbb0 nRanks 02
VM-0-4-tencentos:142:11127 [1] NCCL INFO Channel 13/1 : 0[2b000] -> 1[b8000] via P2P/IPC comm 0x5579fd0507e0 nRanks 02
VM-0-4-tencentos:146:11128 [5] NCCL INFO Channel 07/1 : 1[b8000] -> 0[2b000] via P2P/IPC comm 0x56114bd4bbb0 nRanks 02
VM-0-4-tencentos:142:11127 [1] NCCL INFO Channel 15/1 : 0[2b000] -> 1[b8000] via P2P/IPC comm 0x5579fd0507e0 nRanks 02
VM-0-4-tencentos:146:11128 [5] NCCL INFO Channel 09/1 : 1[b8000] -> 0[2b000] via P2P/IPC comm 0x56114bd4bbb0 nRanks 02
VM-0-4-tencentos:142:11127 [1] NCCL INFO Channel 17/1 : 0[2b000] -> 1[b8000] via P2P/IPC comm 0x5579fd0507e0 nRanks 02
VM-0-4-tencentos:146:11128 [5] NCCL INFO Channel 11/1 : 1[b8000] -> 0[2b000] via P2P/IPC comm 0x56114bd4bbb0 nRanks 02
VM-0-4-tencentos:142:11127 [1] NCCL INFO Channel 19/1 : 0[2b000] -> 1[b8000] via P2P/IPC comm 0x5579fd0507e0 nRanks 02
VM-0-4-tencentos:146:11128 [5] NCCL INFO Channel 13/1 : 1[b8000] -> 0[2b000] via P2P/IPC comm 0x56114bd4bbb0 nRanks 02
VM-0-4-tencentos:142:11127 [1] NCCL INFO Channel 21/1 : 0[2b000] -> 1[b8000] via P2P/IPC comm 0x5579fd0507e0 nRanks 02
VM-0-4-tencentos:146:11128 [5] NCCL INFO Channel 15/1 : 1[b8000] -> 0[2b000] via P2P/IPC comm 0x56114bd4bbb0 nRanks 02
VM-0-4-tencentos:142:11127 [1] NCCL INFO Channel 23/1 : 0[2b000] -> 1[b8000] via P2P/IPC comm 0x5579fd0507e0 nRanks 02
VM-0-4-tencentos:146:11128 [5] NCCL INFO Channel 17/1 : 1[b8000] -> 0[2b000] via P2P/IPC comm 0x56114bd4bbb0 nRanks 02
VM-0-4-tencentos:142:11127 [1] NCCL INFO Channel 25/1 : 0[2b000] -> 1[b8000] via P2P/IPC comm 0x5579fd0507e0 nRanks 02
VM-0-4-tencentos:146:11128 [5] NCCL INFO Channel 19/1 : 1[b8000] -> 0[2b000] via P2P/IPC comm 0x56114bd4bbb0 nRanks 02
VM-0-4-tencentos:142:11127 [1] NCCL INFO Channel 27/1 : 0[2b000] -> 1[b8000] via P2P/IPC comm 0x5579fd0507e0 nRanks 02
VM-0-4-tencentos:146:11128 [5] NCCL INFO Channel 21/1 : 1[b8000] -> 0[2b000] via P2P/IPC comm 0x56114bd4bbb0 nRanks 02
VM-0-4-tencentos:142:11127 [1] NCCL INFO Channel 29/1 : 0[2b000] -> 1[b8000] via P2P/IPC comm 0x5579fd0507e0 nRanks 02
VM-0-4-tencentos:146:11128 [5] NCCL INFO Channel 23/1 : 1[b8000] -> 0[2b000] via P2P/IPC comm 0x56114bd4bbb0 nRanks 02
VM-0-4-tencentos:142:11127 [1] NCCL INFO Channel 31/1 : 0[2b000] -> 1[b8000] via P2P/IPC comm 0x5579fd0507e0 nRanks 02
VM-0-4-tencentos:146:11128 [5] NCCL INFO Channel 25/1 : 1[b8000] -> 0[2b000] via P2P/IPC comm 0x56114bd4bbb0 nRanks 02
VM-0-4-tencentos:146:11128 [5] NCCL INFO Channel 27/1 : 1[b8000] -> 0[2b000] via P2P/IPC comm 0x56114bd4bbb0 nRanks 02
VM-0-4-tencentos:146:11128 [5] NCCL INFO Channel 29/1 : 1[b8000] -> 0[2b000] via P2P/IPC comm 0x56114bd4bbb0 nRanks 02
VM-0-4-tencentos:146:11128 [5] NCCL INFO Channel 31/1 : 1[b8000] -> 0[2b000] via P2P/IPC comm 0x56114bd4bbb0 nRanks 02
I0428 14:55:53.203281   145 ProcessGroupNCCL.cpp:2291] [PG ID 3 PG GUID 25(CONTEXT_PARALLEL_GROUP) Rank 1] ProcessGroupNCCL broadcast unique ID through store took 0.158948 ms
VM-0-4-tencentos:145:145 [4] NCCL INFO Kernel version: 5.4.119-19.0009.56
VM-0-4-tencentos:145:11129 [4] NCCL INFO Using network IB
VM-0-4-tencentos:145:11129 [4] NCCL INFO rocm_smi_lib: version 7.6.0.0
VM-0-4-tencentos:145:11129 [4] NCCL INFO ncclCommInitRank comm 0x55ecd1d350f0 rank 1 nranks 2 cudaDev 4 nvmlDev 4 busId 86000 commId 0x9326a934f493e491 - Init START
VM-0-4-tencentos:141:8603 [0] NCCL INFO ncclCommInitRank comm 0x5618fb8d2260 rank 0 nranks 2 cudaDev 0 nvmlDev 0 busId 5000 commId 0x9326a934f493e491 - Init START
VM-0-4-tencentos:145:11129 [4] NCCL INFO rank:1 get match hsa dev domain:0x0 bdf:0x8600 rank busId:0x548864
VM-0-4-tencentos:141:8603 [0] NCCL INFO rank:0 get match hsa dev domain:0x0 bdf:0x500 rank busId:0x20480
VM-0-4-tencentos:145:11129 [4] NCCL INFO XDP Switch is off with xdp_size : 0
VM-0-4-tencentos:141:8603 [0] NCCL INFO XDP Switch is off with xdp_size : 0
VM-0-4-tencentos:145:11129 [4] NCCL INFO rocm_smi_lib: version 7.6.0.0
VM-0-4-tencentos:141:8603 [0] NCCL INFO rocm_smi_lib: version 7.6.0.0
VM-0-4-tencentos:141:8603 [0] NCCL INFO Setting affinity for GPU 0 to ffffffff,ffffffff,ffffffff,00000000,00000000,00000000,ffffffff,ffffffff,ffffffff
VM-0-4-tencentos:141:8603 [0] NCCL INFO Rank:0 Get link topo from rocmDev:0 linkNum:8 link:0 linkState:1 remote type:1 bdf:0x4900 topoType:2
VM-0-4-tencentos:141:8603 [0] NCCL INFO Transport init rank 0 useXdp 0 linkTopoType 2
VM-0-4-tencentos:145:11129 [4] NCCL INFO Setting affinity for GPU 4 to ffffffff,ffffffff,ffffffff,00000000,00000000,00000000,ffffffff,ffffffff,ffffffff,00000000,00000000,00000000
VM-0-4-tencentos:145:11129 [4] NCCL INFO Rank:1 Get link topo from rocmDev:0 linkNum:8 link:0 linkState:1 remote type:1 bdf:0x4900 topoType:2
VM-0-4-tencentos:145:11129 [4] NCCL INFO Transport init rank 1 useXdp 0 linkTopoType 2

VM-0-4-tencentos:141:8603 [0] /data/jenkins_workspace/workspace/rccl_release_bakup-25.04.2/build/hipify/src/graph/search.cc:1187 NCCL WARN Could not find a path for pattern 4, falling back to simple order

VM-0-4-tencentos:141:8603 [0] /data/jenkins_workspace/workspace/rccl_release_bakup-25.04.2/build/hipify/src/graph/search.cc:1187 NCCL WARN Could not find a path for pattern 1, falling back to simple order

VM-0-4-tencentos:145:11129 [4] /data/jenkins_workspace/workspace/rccl_release_bakup-25.04.2/build/hipify/src/graph/search.cc:1187 NCCL WARN Could not find a path for pattern 4, falling back to simple order

VM-0-4-tencentos:145:11129 [4] /data/jenkins_workspace/workspace/rccl_release_bakup-25.04.2/build/hipify/src/graph/search.cc:1187 NCCL WARN Could not find a path for pattern 1, falling back to simple order
VM-0-4-tencentos:145:11129 [4] NCCL INFO comm 0x55ecd1d350f0 rank 1 nRanks 2 nNodes 1 localRanks 2 localRank 1 MNNVL 0
VM-0-4-tencentos:141:8603 [0] NCCL INFO comm 0x5618fb8d2260 rank 0 nRanks 2 nNodes 1 localRanks 2 localRank 0 MNNVL 0
VM-0-4-tencentos:141:8603 [0] NCCL INFO Channel 00/32 :    0   1
VM-0-4-tencentos:141:8603 [0] NCCL INFO Channel 01/32 :    0   1
VM-0-4-tencentos:145:11129 [4] NCCL INFO Trees [0] -1/-1/-1->1->0 [1] -1/-1/-1->1->0 [2] -1/-1/-1->1->0 [3] -1/-1/-1->1->0 [4] -1/-1/-1->1->0 [5] -1/-1/-1->1->0 [6] -1/-1/-1->1->0 [7] -1/-1/-1->1->0 [8] -1/-1/-1->1->0 [9] -1/-1/-1->1->0 [10] -1/-1/-1->1->0 [11] -1/-1/-1->1->0 [12] -1/-1/-1->1->0 [13] -1/-1/-1->1->0 [14] -1/-1/-1->1->0 [15] -1/-1/-1->1->0 [16] -1/-1/-1->1->0 [17] -1/-1/-1->1->0 [18] -1/-1/-1->1->0 [19] -1/-1/-1->1->0 [20] -1/-1/-1->1->0 [21] -1/-1/-1->1->0 [22] -1/-1/-1->1->0 [23] -1/-1/-1->1->0 [24] -1/-1/-1->1->0 [25] -1/-1/-1->1->0 [26] -1/-1/-1->1->0 [27] -1/-1/-1->1->0 [28] -1/-1/-1->1->0 [29] -1/-1/-1->1->0 [30] -1/-1/-1->1->0 [31] -1/-1/-1->1->0 comm 0x55ecd1d350f0 nRanks 02 busId 86000
VM-0-4-tencentos:141:8603 [0] NCCL INFO Channel 02/32 :    0   1
VM-0-4-tencentos:145:11129 [4] NCCL INFO P2P Chunksize set to 262144
VM-0-4-tencentos:141:8603 [0] NCCL INFO Channel 03/32 :    0   1
VM-0-4-tencentos:141:8603 [0] NCCL INFO Channel 04/32 :    0   1
VM-0-4-tencentos:141:8603 [0] NCCL INFO Channel 05/32 :    0   1
VM-0-4-tencentos:141:8603 [0] NCCL INFO Channel 06/32 :    0   1
VM-0-4-tencentos:141:8603 [0] NCCL INFO Channel 07/32 :    0   1
VM-0-4-tencentos:141:8603 [0] NCCL INFO Channel 08/32 :    0   1
VM-0-4-tencentos:141:8603 [0] NCCL INFO Channel 09/32 :    0   1
VM-0-4-tencentos:141:8603 [0] NCCL INFO Channel 10/32 :    0   1
VM-0-4-tencentos:141:8603 [0] NCCL INFO Channel 11/32 :    0   1
VM-0-4-tencentos:141:8603 [0] NCCL INFO Channel 12/32 :    0   1
VM-0-4-tencentos:141:8603 [0] NCCL INFO Channel 13/32 :    0   1
VM-0-4-tencentos:141:8603 [0] NCCL INFO Channel 14/32 :    0   1
VM-0-4-tencentos:141:8603 [0] NCCL INFO Channel 15/32 :    0   1
VM-0-4-tencentos:141:8603 [0] NCCL INFO Channel 16/32 :    0   1
VM-0-4-tencentos:141:8603 [0] NCCL INFO Channel 17/32 :    0   1
VM-0-4-tencentos:141:8603 [0] NCCL INFO Channel 18/32 :    0   1
VM-0-4-tencentos:141:8603 [0] NCCL INFO Channel 19/32 :    0   1
VM-0-4-tencentos:141:8603 [0] NCCL INFO Channel 20/32 :    0   1
VM-0-4-tencentos:141:8603 [0] NCCL INFO Channel 21/32 :    0   1
VM-0-4-tencentos:141:8603 [0] NCCL INFO Channel 22/32 :    0   1
VM-0-4-tencentos:141:8603 [0] NCCL INFO Channel 23/32 :    0   1
VM-0-4-tencentos:141:8603 [0] NCCL INFO Channel 24/32 :    0   1
VM-0-4-tencentos:141:8603 [0] NCCL INFO Channel 25/32 :    0   1
VM-0-4-tencentos:141:8603 [0] NCCL INFO Channel 26/32 :    0   1
VM-0-4-tencentos:141:8603 [0] NCCL INFO Channel 27/32 :    0   1
VM-0-4-tencentos:141:8603 [0] NCCL INFO Channel 28/32 :    0   1
VM-0-4-tencentos:141:8603 [0] NCCL INFO Channel 29/32 :    0   1
VM-0-4-tencentos:141:8603 [0] NCCL INFO Channel 30/32 :    0   1
VM-0-4-tencentos:141:8603 [0] NCCL INFO Channel 31/32 :    0   1
VM-0-4-tencentos:141:8603 [0] NCCL INFO Trees [0] 1/-1/-1->0->-1 [1] 1/-1/-1->0->-1 [2] 1/-1/-1->0->-1 [3] 1/-1/-1->0->-1 [4] 1/-1/-1->0->-1 [5] 1/-1/-1->0->-1 [6] 1/-1/-1->0->-1 [7] 1/-1/-1->0->-1 [8] 1/-1/-1->0->-1 [9] 1/-1/-1->0->-1 [10] 1/-1/-1->0->-1 [11] 1/-1/-1->0->-1 [12] 1/-1/-1->0->-1 [13] 1/-1/-1->0->-1 [14] 1/-1/-1->0->-1 [15] 1/-1/-1->0->-1 [16] 1/-1/-1->0->-1 [17] 1/-1/-1->0->-1 [18] 1/-1/-1->0->-1 [19] 1/-1/-1->0->-1 [20] 1/-1/-1->0->-1 [21] 1/-1/-1->0->-1 [22] 1/-1/-1->0->-1 [23] 1/-1/-1->0->-1 [24] 1/-1/-1->0->-1 [25] 1/-1/-1->0->-1 [26] 1/-1/-1->0->-1 [27] 1/-1/-1->0->-1 [28] 1/-1/-1->0->-1 [29] 1/-1/-1->0->-1 [30] 1/-1/-1->0->-1 [31] 1/-1/-1->0->-1 comm 0x5618fb8d2260 nRanks 02 busId 5000
VM-0-4-tencentos:141:8603 [0] NCCL INFO P2P Chunksize set to 262144
VM-0-4-tencentos:141:8603 [0] NCCL INFO Channel 00/0 : 0[5000] -> 1[86000] via P2P/IPC comm 0x5618fb8d2260 nRanks 02
VM-0-4-tencentos:141:8603 [0] NCCL INFO Channel 01/0 : 0[5000] -> 1[86000] via P2P/IPC comm 0x5618fb8d2260 nRanks 02
VM-0-4-tencentos:141:8603 [0] NCCL INFO Channel 02/0 : 0[5000] -> 1[86000] via P2P/IPC comm 0x5618fb8d2260 nRanks 02
VM-0-4-tencentos:141:8603 [0] NCCL INFO Channel 03/0 : 0[5000] -> 1[86000] via P2P/IPC comm 0x5618fb8d2260 nRanks 02
VM-0-4-tencentos:141:8603 [0] NCCL INFO Channel 04/0 : 0[5000] -> 1[86000] via P2P/IPC comm 0x5618fb8d2260 nRanks 02
VM-0-4-tencentos:141:8603 [0] NCCL INFO Channel 05/0 : 0[5000] -> 1[86000] via P2P/IPC comm 0x5618fb8d2260 nRanks 02
VM-0-4-tencentos:145:11129 [4] NCCL INFO Channel 00/0 : 1[86000] -> 0[5000] via P2P/IPC comm 0x55ecd1d350f0 nRanks 02
VM-0-4-tencentos:141:8603 [0] NCCL INFO Channel 06/0 : 0[5000] -> 1[86000] via P2P/IPC comm 0x5618fb8d2260 nRanks 02
VM-0-4-tencentos:145:11129 [4] NCCL INFO Channel 01/0 : 1[86000] -> 0[5000] via P2P/IPC comm 0x55ecd1d350f0 nRanks 02
VM-0-4-tencentos:141:8603 [0] NCCL INFO Channel 07/0 : 0[5000] -> 1[86000] via P2P/IPC comm 0x5618fb8d2260 nRanks 02
VM-0-4-tencentos:145:11129 [4] NCCL INFO Channel 02/0 : 1[86000] -> 0[5000] via P2P/IPC comm 0x55ecd1d350f0 nRanks 02
VM-0-4-tencentos:141:8603 [0] NCCL INFO Channel 08/0 : 0[5000] -> 1[86000] via P2P/IPC comm 0x5618fb8d2260 nRanks 02
VM-0-4-tencentos:145:11129 [4] NCCL INFO Channel 03/0 : 1[86000] -> 0[5000] via P2P/IPC comm 0x55ecd1d350f0 nRanks 02
VM-0-4-tencentos:141:8603 [0] NCCL INFO Channel 09/0 : 0[5000] -> 1[86000] via P2P/IPC comm 0x5618fb8d2260 nRanks 02
VM-0-4-tencentos:141:8603 [0] NCCL INFO Channel 10/0 : 0[5000] -> 1[86000] via P2P/IPC comm 0x5618fb8d2260 nRanks 02
VM-0-4-tencentos:145:11129 [4] NCCL INFO Channel 04/0 : 1[86000] -> 0[5000] via P2P/IPC comm 0x55ecd1d350f0 nRanks 02
VM-0-4-tencentos:141:8603 [0] NCCL INFO Channel 11/0 : 0[5000] -> 1[86000] via P2P/IPC comm 0x5618fb8d2260 nRanks 02
VM-0-4-tencentos:145:11129 [4] NCCL INFO Channel 05/0 : 1[86000] -> 0[5000] via P2P/IPC comm 0x55ecd1d350f0 nRanks 02
VM-0-4-tencentos:141:8603 [0] NCCL INFO Channel 12/0 : 0[5000] -> 1[86000] via P2P/IPC comm 0x5618fb8d2260 nRanks 02
VM-0-4-tencentos:145:11129 [4] NCCL INFO Channel 06/0 : 1[86000] -> 0[5000] via P2P/IPC comm 0x55ecd1d350f0 nRanks 02
VM-0-4-tencentos:141:8603 [0] NCCL INFO Channel 13/0 : 0[5000] -> 1[86000] via P2P/IPC comm 0x5618fb8d2260 nRanks 02
VM-0-4-tencentos:145:11129 [4] NCCL INFO Channel 07/0 : 1[86000] -> 0[5000] via P2P/IPC comm 0x55ecd1d350f0 nRanks 02
VM-0-4-tencentos:141:8603 [0] NCCL INFO Channel 14/0 : 0[5000] -> 1[86000] via P2P/IPC comm 0x5618fb8d2260 nRanks 02
VM-0-4-tencentos:145:11129 [4] NCCL INFO Channel 08/0 : 1[86000] -> 0[5000] via P2P/IPC comm 0x55ecd1d350f0 nRanks 02
VM-0-4-tencentos:141:8603 [0] NCCL INFO Channel 15/0 : 0[5000] -> 1[86000] via P2P/IPC comm 0x5618fb8d2260 nRanks 02
VM-0-4-tencentos:141:8603 [0] NCCL INFO Channel 16/0 : 0[5000] -> 1[86000] via P2P/IPC comm 0x5618fb8d2260 nRanks 02
VM-0-4-tencentos:145:11129 [4] NCCL INFO Channel 09/0 : 1[86000] -> 0[5000] via P2P/IPC comm 0x55ecd1d350f0 nRanks 02
