VM-0-4-tencentos:142:3862 [1] NCCL INFO Connected all trees
VM-0-4-tencentos:142:3862 [1] NCCL INFO NCCL_ALGO set by environment to Ring
VM-0-4-tencentos:143:3860 [2] NCCL INFO NCCL_ALGO set by environment to Ring
VM-0-4-tencentos:143:3860 [2] NCCL INFO threadThresholds 8/8/64 | 32/8/64 | 256 | 256
VM-0-4-tencentos:142:3862 [1] NCCL INFO threadThresholds 8/8/64 | 32/8/64 | 256 | 256
VM-0-4-tencentos:143:3860 [2] NCCL INFO 32 coll channels, 32 collnet channels, 0 nvls channels, 32 p2p channels, 16 p2p channels per peer
VM-0-4-tencentos:142:3862 [1] NCCL INFO 32 coll channels, 32 collnet channels, 0 nvls channels, 32 p2p channels, 16 p2p channels per peer
VM-0-4-tencentos:142:3862 [1] NCCL INFO ncclCommInitRank comm 0x557a48bd50f0 rank 1 nranks 4 cudaDev 1 nvmlDev 1 busId 2b000 commId 0x6d7c04f3e73bf639 localSize 688 used 564103392 bytes on core 23 - Init COMPLETE
VM-0-4-tencentos:142:3862 [1] NCCL INFO Init timings: rank 1 nranks 4 total 2.74 (kernels 0.00, bootstrap 0.04, allgathers 0.02, topo 0.37, graphs 0.12, connections 2.20, rest 0.00)
VM-0-4-tencentos:144:3861 [3] NCCL INFO ncclCommInitRank comm 0x55f71528c1c0 rank 3 nranks 4 cudaDev 3 nvmlDev 3 busId 1c000 commId 0x6d7c04f3e73bf639 localSize 688 used 564103392 bytes on core 12 - Init COMPLETE
VM-0-4-tencentos:141:3863 [0] NCCL INFO ncclCommInitRank comm 0x561873f10a20 rank 0 nranks 4 cudaDev 0 nvmlDev 0 busId 5000 commId 0x6d7c04f3e73bf639 localSize 688 used 429885664 bytes on core 260 - Init COMPLETE
VM-0-4-tencentos:144:3861 [3] NCCL INFO Init timings: rank 3 nranks 4 total 2.74 (kernels 0.00, bootstrap 0.04, allgathers 0.00, topo 0.38, graphs 0.12, connections 2.20, rest 0.00)
VM-0-4-tencentos:141:3863 [0] NCCL INFO Init timings: rank 0 nranks 4 total 2.72 (kernels 0.00, bootstrap 0.01, allgathers 0.00, topo 0.38, graphs 0.12, connections 2.19, rest 0.01)
VM-0-4-tencentos:143:3860 [2] NCCL INFO ncclCommInitRank comm 0x55f1f27a9e60 rank 2 nranks 4 cudaDev 2 nvmlDev 2 busId 14000 commId 0x6d7c04f3e73bf639 localSize 688 used 507349216 bytes on core 8 - Init COMPLETE
VM-0-4-tencentos:143:3860 [2] NCCL INFO Init timings: rank 2 nranks 4 total 2.74 (kernels 0.00, bootstrap 0.04, allgathers 0.00, topo 0.38, graphs 0.12, connections 2.20, rest 0.00)
I0428 14:55:47.728161   144 ProcessGroupNCCL.cpp:2330] [PG ID 5 PG GUID 31(TENSOR_MODEL_PARALLEL_GROUP) Rank 3] ProcessGroupNCCL created ncclComm_ 0x55f71528c1c0 on CUDA device: 
I0428 14:55:47.728163   142 ProcessGroupNCCL.cpp:2330] [PG ID 5 PG GUID 31(TENSOR_MODEL_PARALLEL_GROUP) Rank 1] ProcessGroupNCCL created ncclComm_ 0x557a48bd50f0 on CUDA device: 
I0428 14:55:47.728163   143 ProcessGroupNCCL.cpp:2330] [PG ID 5 PG GUID 31(TENSOR_MODEL_PARALLEL_GROUP) Rank 2] ProcessGroupNCCL created ncclComm_ 0x55f1f27a9e60 on CUDA device: 
I0428 14:55:47.728199   143 ProcessGroupNCCL.cpp:2335] [PG ID 5 PG GUID 31(TENSOR_MODEL_PARALLEL_GROUP) Rank 2] NCCL_DEBUG: Info
I0428 14:55:47.728199   142 ProcessGroupNCCL.cpp:2335] [PG ID 5 PG GUID 31(TENSOR_MODEL_PARALLEL_GROUP) Rank 1] NCCL_DEBUG: Info
I0428 14:55:47.728199   144 ProcessGroupNCCL.cpp:2335] [PG ID 5 PG GUID 31(TENSOR_MODEL_PARALLEL_GROUP) Rank 3] NCCL_DEBUG: Info
I0428 14:55:47.728199   141 ProcessGroupNCCL.cpp:2330] [PG ID 5 PG GUID 31(TENSOR_MODEL_PARALLEL_GROUP) Rank 0] ProcessGroupNCCL created ncclComm_ 0x561873f10a20 on CUDA device:  
I0428 14:55:47.728233   141 ProcessGroupNCCL.cpp:2335] [PG ID 5 PG GUID 31(TENSOR_MODEL_PARALLEL_GROUP) Rank 0] NCCL_DEBUG: Info
VM-0-4-tencentos:145:3870 [4] NCCL INFO Channel 00/0 : 0[86000] -> 2[bf000] via P2P/IPC comm 0x55ec85aa5410 nRanks 04
VM-0-4-tencentos:145:3870 [4] NCCL INFO Channel 01/0 : 0[86000] -> 2[bf000] via P2P/IPC comm 0x55ec85aa5410 nRanks 04
VM-0-4-tencentos:145:3870 [4] NCCL INFO Channel 02/0 : 0[86000] -> 2[bf000] via P2P/IPC comm 0x55ec85aa5410 nRanks 04
VM-0-4-tencentos:145:3870 [4] NCCL INFO Channel 03/0 : 0[86000] -> 2[bf000] via P2P/IPC comm 0x55ec85aa5410 nRanks 04
VM-0-4-tencentos:145:3870 [4] NCCL INFO Channel 04/0 : 0[86000] -> 2[bf000] via P2P/IPC comm 0x55ec85aa5410 nRanks 04
VM-0-4-tencentos:145:3870 [4] NCCL INFO Channel 05/0 : 0[86000] -> 2[bf000] via P2P/IPC comm 0x55ec85aa5410 nRanks 04
VM-0-4-tencentos:145:3870 [4] NCCL INFO Channel 06/0 : 0[86000] -> 2[bf000] via P2P/IPC comm 0x55ec85aa5410 nRanks 04
VM-0-4-tencentos:145:3870 [4] NCCL INFO Channel 07/0 : 0[86000] -> 2[bf000] via P2P/IPC comm 0x55ec85aa5410 nRanks 04
VM-0-4-tencentos:145:3870 [4] NCCL INFO Channel 08/0 : 0[86000] -> 2[bf000] via P2P/IPC comm 0x55ec85aa5410 nRanks 04
VM-0-4-tencentos:145:3870 [4] NCCL INFO Channel 09/0 : 0[86000] -> 2[bf000] via P2P/IPC comm 0x55ec85aa5410 nRanks 04
VM-0-4-tencentos:145:3870 [4] NCCL INFO Channel 10/0 : 0[86000] -> 2[bf000] via P2P/IPC comm 0x55ec85aa5410 nRanks 04
VM-0-4-tencentos:145:3870 [4] NCCL INFO Channel 11/0 : 0[86000] -> 2[bf000] via P2P/IPC comm 0x55ec85aa5410 nRanks 04
VM-0-4-tencentos:145:3870 [4] NCCL INFO Channel 12/0 : 0[86000] -> 2[bf000] via P2P/IPC comm 0x55ec85aa5410 nRanks 04
VM-0-4-tencentos:145:3870 [4] NCCL INFO Channel 13/0 : 0[86000] -> 2[bf000] via P2P/IPC comm 0x55ec85aa5410 nRanks 04
VM-0-4-tencentos:145:3870 [4] NCCL INFO Channel 14/0 : 0[86000] -> 2[bf000] via P2P/IPC comm 0x55ec85aa5410 nRanks 04
VM-0-4-tencentos:145:3870 [4] NCCL INFO Channel 15/0 : 0[86000] -> 2[bf000] via P2P/IPC comm 0x55ec85aa5410 nRanks 04
VM-0-4-tencentos:145:3870 [4] NCCL INFO Channel 16/0 : 0[86000] -> 2[bf000] via P2P/IPC comm 0x55ec85aa5410 nRanks 04
VM-0-4-tencentos:145:3870 [4] NCCL INFO Channel 17/0 : 0[86000] -> 2[bf000] via P2P/IPC comm 0x55ec85aa5410 nRanks 04
VM-0-4-tencentos:145:3870 [4] NCCL INFO Channel 18/0 : 0[86000] -> 2[bf000] via P2P/IPC comm 0x55ec85aa5410 nRanks 04
VM-0-4-tencentos:145:3870 [4] NCCL INFO Channel 19/0 : 0[86000] -> 2[bf000] via P2P/IPC comm 0x55ec85aa5410 nRanks 04
VM-0-4-tencentos:145:3870 [4] NCCL INFO Channel 20/0 : 0[86000] -> 2[bf000] via P2P/IPC comm 0x55ec85aa5410 nRanks 04
VM-0-4-tencentos:145:3870 [4] NCCL INFO Channel 21/0 : 0[86000] -> 2[bf000] via P2P/IPC comm 0x55ec85aa5410 nRanks 04
VM-0-4-tencentos:145:3870 [4] NCCL INFO Channel 22/0 : 0[86000] -> 2[bf000] via P2P/IPC comm 0x55ec85aa5410 nRanks 04
VM-0-4-tencentos:145:3870 [4] NCCL INFO Channel 23/0 : 0[86000] -> 2[bf000] via P2P/IPC comm 0x55ec85aa5410 nRanks 04
VM-0-4-tencentos:145:3870 [4] NCCL INFO Channel 24/0 : 0[86000] -> 2[bf000] via P2P/IPC comm 0x55ec85aa5410 nRanks 04
VM-0-4-tencentos:145:3870 [4] NCCL INFO Channel 25/0 : 0[86000] -> 2[bf000] via P2P/IPC comm 0x55ec85aa5410 nRanks 04
VM-0-4-tencentos:145:3870 [4] NCCL INFO Channel 26/0 : 0[86000] -> 2[bf000] via P2P/IPC comm 0x55ec85aa5410 nRanks 04
VM-0-4-tencentos:145:3870 [4] NCCL INFO Channel 27/0 : 0[86000] -> 2[bf000] via P2P/IPC comm 0x55ec85aa5410 nRanks 04
VM-0-4-tencentos:145:3870 [4] NCCL INFO Channel 28/0 : 0[86000] -> 2[bf000] via P2P/IPC comm 0x55ec85aa5410 nRanks 04
VM-0-4-tencentos:145:3870 [4] NCCL INFO Channel 29/0 : 0[86000] -> 2[bf000] via P2P/IPC comm 0x55ec85aa5410 nRanks 04
VM-0-4-tencentos:145:3870 [4] NCCL INFO Channel 30/0 : 0[86000] -> 2[bf000] via P2P/IPC comm 0x55ec85aa5410 nRanks 04
VM-0-4-tencentos:145:3870 [4] NCCL INFO Channel 31/0 : 0[86000] -> 2[bf000] via P2P/IPC comm 0x55ec85aa5410 nRanks 04
VM-0-4-tencentos:147:3867 [6] NCCL INFO Channel 00/0 : 2[bf000] -> 1[b8000] via P2P/IPC comm 0x56087fa46340 nRanks 04
VM-0-4-tencentos:147:3867 [6] NCCL INFO Channel 01/0 : 2[bf000] -> 1[b8000] via P2P/IPC comm 0x56087fa46340 nRanks 04
VM-0-4-tencentos:147:3867 [6] NCCL INFO Channel 02/0 : 2[bf000] -> 1[b8000] via P2P/IPC comm 0x56087fa46340 nRanks 04
VM-0-4-tencentos:147:3867 [6] NCCL INFO Channel 03/0 : 2[bf000] -> 1[b8000] via P2P/IPC comm 0x56087fa46340 nRanks 04
VM-0-4-tencentos:147:3867 [6] NCCL INFO Channel 04/0 : 2[bf000] -> 1[b8000] via P2P/IPC comm 0x56087fa46340 nRanks 04
VM-0-4-tencentos:147:3867 [6] NCCL INFO Channel 05/0 : 2[bf000] -> 1[b8000] via P2P/IPC comm 0x56087fa46340 nRanks 04
VM-0-4-tencentos:147:3867 [6] NCCL INFO Channel 06/0 : 2[bf000] -> 1[b8000] via P2P/IPC comm 0x56087fa46340 nRanks 04
VM-0-4-tencentos:147:3867 [6] NCCL INFO Channel 07/0 : 2[bf000] -> 1[b8000] via P2P/IPC comm 0x56087fa46340 nRanks 04
VM-0-4-tencentos:147:3867 [6] NCCL INFO Channel 08/0 : 2[bf000] -> 1[b8000] via P2P/IPC comm 0x56087fa46340 nRanks 04
VM-0-4-tencentos:147:3867 [6] NCCL INFO Channel 09/0 : 2[bf000] -> 1[b8000] via P2P/IPC comm 0x56087fa46340 nRanks 04
VM-0-4-tencentos:147:3867 [6] NCCL INFO Channel 10/0 : 2[bf000] -> 1[b8000] via P2P/IPC comm 0x56087fa46340 nRanks 04
VM-0-4-tencentos:147:3867 [6] NCCL INFO Channel 11/0 : 2[bf000] -> 1[b8000] via P2P/IPC comm 0x56087fa46340 nRanks 04
VM-0-4-tencentos:147:3867 [6] NCCL INFO Channel 12/0 : 2[bf000] -> 1[b8000] via P2P/IPC comm 0x56087fa46340 nRanks 04
VM-0-4-tencentos:147:3867 [6] NCCL INFO Channel 13/0 : 2[bf000] -> 1[b8000] via P2P/IPC comm 0x56087fa46340 nRanks 04
VM-0-4-tencentos:147:3867 [6] NCCL INFO Channel 14/0 : 2[bf000] -> 1[b8000] via P2P/IPC comm 0x56087fa46340 nRanks 04
VM-0-4-tencentos:147:3867 [6] NCCL INFO Channel 15/0 : 2[bf000] -> 1[b8000] via P2P/IPC comm 0x56087fa46340 nRanks 04
VM-0-4-tencentos:147:3867 [6] NCCL INFO Channel 16/0 : 2[bf000] -> 1[b8000] via P2P/IPC comm 0x56087fa46340 nRanks 04
VM-0-4-tencentos:147:3867 [6] NCCL INFO Channel 17/0 : 2[bf000] -> 1[b8000] via P2P/IPC comm 0x56087fa46340 nRanks 04
VM-0-4-tencentos:147:3867 [6] NCCL INFO Channel 18/0 : 2[bf000] -> 1[b8000] via P2P/IPC comm 0x56087fa46340 nRanks 04
VM-0-4-tencentos:147:3867 [6] NCCL INFO Channel 19/0 : 2[bf000] -> 1[b8000] via P2P/IPC comm 0x56087fa46340 nRanks 04
VM-0-4-tencentos:147:3867 [6] NCCL INFO Channel 20/0 : 2[bf000] -> 1[b8000] via P2P/IPC comm 0x56087fa46340 nRanks 04
VM-0-4-tencentos:147:3867 [6] NCCL INFO Channel 21/0 : 2[bf000] -> 1[b8000] via P2P/IPC comm 0x56087fa46340 nRanks 04
VM-0-4-tencentos:147:3867 [6] NCCL INFO Channel 22/0 : 2[bf000] -> 1[b8000] via P2P/IPC comm 0x56087fa46340 nRanks 04
VM-0-4-tencentos:147:3867 [6] NCCL INFO Channel 23/0 : 2[bf000] -> 1[b8000] via P2P/IPC comm 0x56087fa46340 nRanks 04
VM-0-4-tencentos:147:3867 [6] NCCL INFO Channel 24/0 : 2[bf000] -> 1[b8000] via P2P/IPC comm 0x56087fa46340 nRanks 04
VM-0-4-tencentos:147:3867 [6] NCCL INFO Channel 25/0 : 2[bf000] -> 1[b8000] via P2P/IPC comm 0x56087fa46340 nRanks 04
VM-0-4-tencentos:147:3867 [6] NCCL INFO Channel 26/0 : 2[bf000] -> 1[b8000] via P2P/IPC comm 0x56087fa46340 nRanks 04
VM-0-4-tencentos:147:3867 [6] NCCL INFO Channel 27/0 : 2[bf000] -> 1[b8000] via P2P/IPC comm 0x56087fa46340 nRanks 04
VM-0-4-tencentos:147:3867 [6] NCCL INFO Channel 28/0 : 2[bf000] -> 1[b8000] via P2P/IPC comm 0x56087fa46340 nRanks 04
VM-0-4-tencentos:147:3867 [6] NCCL INFO Channel 29/0 : 2[bf000] -> 1[b8000] via P2P/IPC comm 0x56087fa46340 nRanks 04
VM-0-4-tencentos:147:3867 [6] NCCL INFO Channel 30/0 : 2[bf000] -> 1[b8000] via P2P/IPC comm 0x56087fa46340 nRanks 04
VM-0-4-tencentos:147:3867 [6] NCCL INFO Channel 31/0 : 2[bf000] -> 1[b8000] via P2P/IPC comm 0x56087fa46340 nRanks 04
VM-0-4-tencentos:145:3870 [4] NCCL INFO Connected all rings
VM-0-4-tencentos:148:3866 [7] NCCL INFO Connected all rings
VM-0-4-tencentos:147:3867 [6] NCCL INFO Connected all rings
VM-0-4-tencentos:146:3865 [5] NCCL INFO Connected all rings
VM-0-4-tencentos:148:3866 [7] NCCL INFO Channel 00/0 : 3[9e000] -> 1[b8000] via P2P/IPC comm 0x563efe489500 nRanks 04
VM-0-4-tencentos:146:3865 [5] NCCL INFO Channel 00/0 : 1[b8000] -> 2[bf000] via P2P/IPC comm 0x5610dcba6340 nRanks 04
VM-0-4-tencentos:146:3865 [5] NCCL INFO Channel 01/0 : 1[b8000] -> 2[bf000] via P2P/IPC comm 0x5610dcba6340 nRanks 04
VM-0-4-tencentos:148:3866 [7] NCCL INFO Channel 01/0 : 3[9e000] -> 1[b8000] via P2P/IPC comm 0x563efe489500 nRanks 04
VM-0-4-tencentos:146:3865 [5] NCCL INFO Channel 02/0 : 1[b8000] -> 2[bf000] via P2P/IPC comm 0x5610dcba6340 nRanks 04
VM-0-4-tencentos:148:3866 [7] NCCL INFO Channel 02/0 : 3[9e000] -> 1[b8000] via P2P/IPC comm 0x563efe489500 nRanks 04
VM-0-4-tencentos:146:3865 [5] NCCL INFO Channel 03/0 : 1[b8000] -> 2[bf000] via P2P/IPC comm 0x5610dcba6340 nRanks 04
VM-0-4-tencentos:148:3866 [7] NCCL INFO Channel 03/0 : 3[9e000] -> 1[b8000] via P2P/IPC comm 0x563efe489500 nRanks 04
VM-0-4-tencentos:146:3865 [5] NCCL INFO Channel 04/0 : 1[b8000] -> 2[bf000] via P2P/IPC comm 0x5610dcba6340 nRanks 04
VM-0-4-tencentos:148:3866 [7] NCCL INFO Channel 04/0 : 3[9e000] -> 1[b8000] via P2P/IPC comm 0x563efe489500 nRanks 04
VM-0-4-tencentos:146:3865 [5] NCCL INFO Channel 05/0 : 1[b8000] -> 2[bf000] via P2P/IPC comm 0x5610dcba6340 nRanks 04
VM-0-4-tencentos:148:3866 [7] NCCL INFO Channel 05/0 : 3[9e000] -> 1[b8000] via P2P/IPC comm 0x563efe489500 nRanks 04
VM-0-4-tencentos:146:3865 [5] NCCL INFO Channel 06/0 : 1[b8000] -> 2[bf000] via P2P/IPC comm 0x5610dcba6340 nRanks 04
VM-0-4-tencentos:148:3866 [7] NCCL INFO Channel 06/0 : 3[9e000] -> 1[b8000] via P2P/IPC comm 0x563efe489500 nRanks 04
VM-0-4-tencentos:146:3865 [5] NCCL INFO Channel 07/0 : 1[b8000] -> 2[bf000] via P2P/IPC comm 0x5610dcba6340 nRanks 04
VM-0-4-tencentos:148:3866 [7] NCCL INFO Channel 07/0 : 3[9e000] -> 1[b8000] via P2P/IPC comm 0x563efe489500 nRanks 04
VM-0-4-tencentos:146:3865 [5] NCCL INFO Channel 08/0 : 1[b8000] -> 2[bf000] via P2P/IPC comm 0x5610dcba6340 nRanks 04
VM-0-4-tencentos:148:3866 [7] NCCL INFO Channel 08/0 : 3[9e000] -> 1[b8000] via P2P/IPC comm 0x563efe489500 nRanks 04
VM-0-4-tencentos:146:3865 [5] NCCL INFO Channel 09/0 : 1[b8000] -> 2[bf000] via P2P/IPC comm 0x5610dcba6340 nRanks 04
VM-0-4-tencentos:148:3866 [7] NCCL INFO Channel 09/0 : 3[9e000] -> 1[b8000] via P2P/IPC comm 0x563efe489500 nRanks 04
VM-0-4-tencentos:146:3865 [5] NCCL INFO Channel 10/0 : 1[b8000] -> 2[bf000] via P2P/IPC comm 0x5610dcba6340 nRanks 04
VM-0-4-tencentos:148:3866 [7] NCCL INFO Channel 10/0 : 3[9e000] -> 1[b8000] via P2P/IPC comm 0x563efe489500 nRanks 04
VM-0-4-tencentos:146:3865 [5] NCCL INFO Channel 11/0 : 1[b8000] -> 2[bf000] via P2P/IPC comm 0x5610dcba6340 nRanks 04
VM-0-4-tencentos:148:3866 [7] NCCL INFO Channel 11/0 : 3[9e000] -> 1[b8000] via P2P/IPC comm 0x563efe489500 nRanks 04
VM-0-4-tencentos:146:3865 [5] NCCL INFO Channel 12/0 : 1[b8000] -> 2[bf000] via P2P/IPC comm 0x5610dcba6340 nRanks 04
VM-0-4-tencentos:148:3866 [7] NCCL INFO Channel 12/0 : 3[9e000] -> 1[b8000] via P2P/IPC comm 0x563efe489500 nRanks 04
VM-0-4-tencentos:146:3865 [5] NCCL INFO Channel 13/0 : 1[b8000] -> 2[bf000] via P2P/IPC comm 0x5610dcba6340 nRanks 04
VM-0-4-tencentos:148:3866 [7] NCCL INFO Channel 13/0 : 3[9e000] -> 1[b8000] via P2P/IPC comm 0x563efe489500 nRanks 04
VM-0-4-tencentos:146:3865 [5] NCCL INFO Channel 14/0 : 1[b8000] -> 2[bf000] via P2P/IPC comm 0x5610dcba6340 nRanks 04
VM-0-4-tencentos:148:3866 [7] NCCL INFO Channel 14/0 : 3[9e000] -> 1[b8000] via P2P/IPC comm 0x563efe489500 nRanks 04
VM-0-4-tencentos:146:3865 [5] NCCL INFO Channel 15/0 : 1[b8000] -> 2[bf000] via P2P/IPC comm 0x5610dcba6340 nRanks 04
VM-0-4-tencentos:148:3866 [7] NCCL INFO Channel 15/0 : 3[9e000] -> 1[b8000] via P2P/IPC comm 0x563efe489500 nRanks 04
VM-0-4-tencentos:146:3865 [5] NCCL INFO Channel 16/0 : 1[b8000] -> 2[bf000] via P2P/IPC comm 0x5610dcba6340 nRanks 04
VM-0-4-tencentos:148:3866 [7] NCCL INFO Channel 16/0 : 3[9e000] -> 1[b8000] via P2P/IPC comm 0x563efe489500 nRanks 04
VM-0-4-tencentos:146:3865 [5] NCCL INFO Channel 17/0 : 1[b8000] -> 2[bf000] via P2P/IPC comm 0x5610dcba6340 nRanks 04
VM-0-4-tencentos:148:3866 [7] NCCL INFO Channel 17/0 : 3[9e000] -> 1[b8000] via P2P/IPC comm 0x563efe489500 nRanks 04
VM-0-4-tencentos:146:3865 [5] NCCL INFO Channel 18/0 : 1[b8000] -> 2[bf000] via P2P/IPC comm 0x5610dcba6340 nRanks 04
VM-0-4-tencentos:148:3866 [7] NCCL INFO Channel 18/0 : 3[9e000] -> 1[b8000] via P2P/IPC comm 0x563efe489500 nRanks 04
VM-0-4-tencentos:146:3865 [5] NCCL INFO Channel 19/0 : 1[b8000] -> 2[bf000] via P2P/IPC comm 0x5610dcba6340 nRanks 04
VM-0-4-tencentos:148:3866 [7] NCCL INFO Channel 19/0 : 3[9e000] -> 1[b8000] via P2P/IPC comm 0x563efe489500 nRanks 04
VM-0-4-tencentos:146:3865 [5] NCCL INFO Channel 20/0 : 1[b8000] -> 2[bf000] via P2P/IPC comm 0x5610dcba6340 nRanks 04
VM-0-4-tencentos:148:3866 [7] NCCL INFO Channel 20/0 : 3[9e000] -> 1[b8000] via P2P/IPC comm 0x563efe489500 nRanks 04
VM-0-4-tencentos:146:3865 [5] NCCL INFO Channel 21/0 : 1[b8000] -> 2[bf000] via P2P/IPC comm 0x5610dcba6340 nRanks 04
VM-0-4-tencentos:148:3866 [7] NCCL INFO Channel 21/0 : 3[9e000] -> 1[b8000] via P2P/IPC comm 0x563efe489500 nRanks 04
VM-0-4-tencentos:146:3865 [5] NCCL INFO Channel 22/0 : 1[b8000] -> 2[bf000] via P2P/IPC comm 0x5610dcba6340 nRanks 04
VM-0-4-tencentos:148:3866 [7] NCCL INFO Channel 22/0 : 3[9e000] -> 1[b8000] via P2P/IPC comm 0x563efe489500 nRanks 04
VM-0-4-tencentos:146:3865 [5] NCCL INFO Channel 23/0 : 1[b8000] -> 2[bf000] via P2P/IPC comm 0x5610dcba6340 nRanks 04
VM-0-4-tencentos:148:3866 [7] NCCL INFO Channel 23/0 : 3[9e000] -> 1[b8000] via P2P/IPC comm 0x563efe489500 nRanks 04
VM-0-4-tencentos:146:3865 [5] NCCL INFO Channel 24/0 : 1[b8000] -> 2[bf000] via P2P/IPC comm 0x5610dcba6340 nRanks 04
VM-0-4-tencentos:148:3866 [7] NCCL INFO Channel 24/0 : 3[9e000] -> 1[b8000] via P2P/IPC comm 0x563efe489500 nRanks 04
VM-0-4-tencentos:146:3865 [5] NCCL INFO Channel 25/0 : 1[b8000] -> 2[bf000] via P2P/IPC comm 0x5610dcba6340 nRanks 04
VM-0-4-tencentos:148:3866 [7] NCCL INFO Channel 25/0 : 3[9e000] -> 1[b8000] via P2P/IPC comm 0x563efe489500 nRanks 04
VM-0-4-tencentos:146:3865 [5] NCCL INFO Channel 26/0 : 1[b8000] -> 2[bf000] via P2P/IPC comm 0x5610dcba6340 nRanks 04
VM-0-4-tencentos:148:3866 [7] NCCL INFO Channel 26/0 : 3[9e000] -> 1[b8000] via P2P/IPC comm 0x563efe489500 nRanks 04
VM-0-4-tencentos:146:3865 [5] NCCL INFO Channel 27/0 : 1[b8000] -> 2[bf000] via P2P/IPC comm 0x5610dcba6340 nRanks 04
VM-0-4-tencentos:148:3866 [7] NCCL INFO Channel 27/0 : 3[9e000] -> 1[b8000] via P2P/IPC comm 0x563efe489500 nRanks 04
VM-0-4-tencentos:146:3865 [5] NCCL INFO Channel 28/0 : 1[b8000] -> 2[bf000] via P2P/IPC comm 0x5610dcba6340 nRanks 04
VM-0-4-tencentos:148:3866 [7] NCCL INFO Channel 28/0 : 3[9e000] -> 1[b8000] via P2P/IPC comm 0x563efe489500 nRanks 04
VM-0-4-tencentos:146:3865 [5] NCCL INFO Channel 29/0 : 1[b8000] -> 2[bf000] via P2P/IPC comm 0x5610dcba6340 nRanks 04
VM-0-4-tencentos:148:3866 [7] NCCL INFO Channel 29/0 : 3[9e000] -> 1[b8000] via P2P/IPC comm 0x563efe489500 nRanks 04
VM-0-4-tencentos:146:3865 [5] NCCL INFO Channel 30/0 : 1[b8000] -> 2[bf000] via P2P/IPC comm 0x5610dcba6340 nRanks 04
VM-0-4-tencentos:148:3866 [7] NCCL INFO Channel 30/0 : 3[9e000] -> 1[b8000] via P2P/IPC comm 0x563efe489500 nRanks 04
VM-0-4-tencentos:146:3865 [5] NCCL INFO Channel 31/0 : 1[b8000] -> 2[bf000] via P2P/IPC comm 0x5610dcba6340 nRanks 04
VM-0-4-tencentos:148:3866 [7] NCCL INFO Channel 31/0 : 3[9e000] -> 1[b8000] via P2P/IPC comm 0x563efe489500 nRanks 04
VM-0-4-tencentos:147:3867 [6] NCCL INFO Channel 00/0 : 2[bf000] -> 0[86000] via P2P/IPC comm 0x56087fa46340 nRanks 04
VM-0-4-tencentos:147:3867 [6] NCCL INFO Channel 01/0 : 2[bf000] -> 0[86000] via P2P/IPC comm 0x56087fa46340 nRanks 04
VM-0-4-tencentos:147:3867 [6] NCCL INFO Channel 02/0 : 2[bf000] -> 0[86000] via P2P/IPC comm 0x56087fa46340 nRanks 04
VM-0-4-tencentos:147:3867 [6] NCCL INFO Channel 03/0 : 2[bf000] -> 0[86000] via P2P/IPC comm 0x56087fa46340 nRanks 04
VM-0-4-tencentos:147:3867 [6] NCCL INFO Channel 04/0 : 2[bf000] -> 0[86000] via P2P/IPC comm 0x56087fa46340 nRanks 04
VM-0-4-tencentos:147:3867 [6] NCCL INFO Channel 05/0 : 2[bf000] -> 0[86000] via P2P/IPC comm 0x56087fa46340 nRanks 04
VM-0-4-tencentos:147:3867 [6] NCCL INFO Channel 06/0 : 2[bf000] -> 0[86000] via P2P/IPC comm 0x56087fa46340 nRanks 04
VM-0-4-tencentos:147:3867 [6] NCCL INFO Channel 07/0 : 2[bf000] -> 0[86000] via P2P/IPC comm 0x56087fa46340 nRanks 04
VM-0-4-tencentos:147:3867 [6] NCCL INFO Channel 08/0 : 2[bf000] -> 0[86000] via P2P/IPC comm 0x56087fa46340 nRanks 04
VM-0-4-tencentos:147:3867 [6] NCCL INFO Channel 09/0 : 2[bf000] -> 0[86000] via P2P/IPC comm 0x56087fa46340 nRanks 04
VM-0-4-tencentos:147:3867 [6] NCCL INFO Channel 10/0 : 2[bf000] -> 0[86000] via P2P/IPC comm 0x56087fa46340 nRanks 04
VM-0-4-tencentos:147:3867 [6] NCCL INFO Channel 11/0 : 2[bf000] -> 0[86000] via P2P/IPC comm 0x56087fa46340 nRanks 04
VM-0-4-tencentos:147:3867 [6] NCCL INFO Channel 12/0 : 2[bf000] -> 0[86000] via P2P/IPC comm 0x56087fa46340 nRanks 04
VM-0-4-tencentos:147:3867 [6] NCCL INFO Channel 13/0 : 2[bf000] -> 0[86000] via P2P/IPC comm 0x56087fa46340 nRanks 04
VM-0-4-tencentos:147:3867 [6] NCCL INFO Channel 14/0 : 2[bf000] -> 0[86000] via P2P/IPC comm 0x56087fa46340 nRanks 04
VM-0-4-tencentos:147:3867 [6] NCCL INFO Channel 15/0 : 2[bf000] -> 0[86000] via P2P/IPC comm 0x56087fa46340 nRanks 04
VM-0-4-tencentos:147:3867 [6] NCCL INFO Channel 16/0 : 2[bf000] -> 0[86000] via P2P/IPC comm 0x56087fa46340 nRanks 04
VM-0-4-tencentos:147:3867 [6] NCCL INFO Channel 17/0 : 2[bf000] -> 0[86000] via P2P/IPC comm 0x56087fa46340 nRanks 04
VM-0-4-tencentos:147:3867 [6] NCCL INFO Channel 18/0 : 2[bf000] -> 0[86000] via P2P/IPC comm 0x56087fa46340 nRanks 04
VM-0-4-tencentos:147:3867 [6] NCCL INFO Channel 19/0 : 2[bf000] -> 0[86000] via P2P/IPC comm 0x56087fa46340 nRanks 04
VM-0-4-tencentos:147:3867 [6] NCCL INFO Channel 20/0 : 2[bf000] -> 0[86000] via P2P/IPC comm 0x56087fa46340 nRanks 04
VM-0-4-tencentos:147:3867 [6] NCCL INFO Channel 21/0 : 2[bf000] -> 0[86000] via P2P/IPC comm 0x56087fa46340 nRanks 04
VM-0-4-tencentos:147:3867 [6] NCCL INFO Channel 22/0 : 2[bf000] -> 0[86000] via P2P/IPC comm 0x56087fa46340 nRanks 04
VM-0-4-tencentos:147:3867 [6] NCCL INFO Channel 23/0 : 2[bf000] -> 0[86000] via P2P/IPC comm 0x56087fa46340 nRanks 04
VM-0-4-tencentos:147:3867 [6] NCCL INFO Channel 24/0 : 2[bf000] -> 0[86000] via P2P/IPC comm 0x56087fa46340 nRanks 04
VM-0-4-tencentos:147:3867 [6] NCCL INFO Channel 25/0 : 2[bf000] -> 0[86000] via P2P/IPC comm 0x56087fa46340 nRanks 04
VM-0-4-tencentos:147:3867 [6] NCCL INFO Channel 26/0 : 2[bf000] -> 0[86000] via P2P/IPC comm 0x56087fa46340 nRanks 04
VM-0-4-tencentos:147:3867 [6] NCCL INFO Channel 27/0 : 2[bf000] -> 0[86000] via P2P/IPC comm 0x56087fa46340 nRanks 04
VM-0-4-tencentos:147:3867 [6] NCCL INFO Channel 28/0 : 2[bf000] -> 0[86000] via P2P/IPC comm 0x56087fa46340 nRanks 04
VM-0-4-tencentos:147:3867 [6] NCCL INFO Channel 29/0 : 2[bf000] -> 0[86000] via P2P/IPC comm 0x56087fa46340 nRanks 04
VM-0-4-tencentos:147:3867 [6] NCCL INFO Channel 30/0 : 2[bf000] -> 0[86000] via P2P/IPC comm 0x56087fa46340 nRanks 04
VM-0-4-tencentos:147:3867 [6] NCCL INFO Channel 31/0 : 2[bf000] -> 0[86000] via P2P/IPC comm 0x56087fa46340 nRanks 04
VM-0-4-tencentos:145:3870 [4] NCCL INFO Connected all trees
VM-0-4-tencentos:147:3867 [6] NCCL INFO Connected all trees
VM-0-4-tencentos:145:3870 [4] NCCL INFO NCCL_ALGO set by environment to Ring
VM-0-4-tencentos:147:3867 [6] NCCL INFO NCCL_ALGO set by environment to Ring
VM-0-4-tencentos:147:3867 [6] NCCL INFO threadThresholds 8/8/64 | 32/8/64 | 256 | 256
VM-0-4-tencentos:147:3867 [6] NCCL INFO 32 coll channels, 32 collnet channels, 0 nvls channels, 32 p2p channels, 16 p2p channels per peer
VM-0-4-tencentos:145:3870 [4] NCCL INFO threadThresholds 8/8/64 | 32/8/64 | 256 | 256
VM-0-4-tencentos:145:3870 [4] NCCL INFO 32 coll channels, 32 collnet channels, 0 nvls channels, 32 p2p channels, 16 p2p channels per peer
VM-0-4-tencentos:145:3870 [4] NCCL INFO CC Off, Multi-GPU CC Off, workFifoBytes 1048576
VM-0-4-tencentos:148:3866 [7] NCCL INFO Connected all trees
VM-0-4-tencentos:148:3866 [7] NCCL INFO NCCL_ALGO set by environment to Ring
VM-0-4-tencentos:148:3866 [7] NCCL INFO threadThresholds 8/8/64 | 32/8/64 | 256 | 256
VM-0-4-tencentos:148:3866 [7] NCCL INFO 32 coll channels, 32 collnet channels, 0 nvls channels, 32 p2p channels, 16 p2p channels per peer
VM-0-4-tencentos:146:3865 [5] NCCL INFO Connected all trees
VM-0-4-tencentos:146:3865 [5] NCCL INFO NCCL_ALGO set by environment to Ring
VM-0-4-tencentos:146:3865 [5] NCCL INFO threadThresholds 8/8/64 | 32/8/64 | 256 | 256
VM-0-4-tencentos:146:3865 [5] NCCL INFO 32 coll channels, 32 collnet channels, 0 nvls channels, 32 p2p channels, 16 p2p channels per peer
VM-0-4-tencentos:145:3870 [4] NCCL INFO ncclCommInitRank comm 0x55ec85aa5410 rank 0 nranks 4 cudaDev 4 nvmlDev 4 busId 86000 commId 0x666a4dfd7dee3c6c localSize 688 used 496994528 bytes on core 331 - Init COMPLETE
VM-0-4-tencentos:145:3870 [4] NCCL INFO Init timings: rank 0 nranks 4 total 4.33 (kernels 0.00, bootstrap 0.30, allgathers 0.29, topo 1.11, graphs 0.12, connections 2.52, rest 0.00)
VM-0-4-tencentos:148:3866 [7] NCCL INFO ncclCommInitRank comm 0x563efe489500 rank 3 nranks 4 cudaDev 7 nvmlDev 7 busId 9e000 commId 0x666a4dfd7dee3c6c localSize 688 used 450595040 bytes on core 132 - Init COMPLETE
VM-0-4-tencentos:147:3867 [6] NCCL INFO ncclCommInitRank comm 0x56087fa46340 rank 2 nranks 4 cudaDev 6 nvmlDev 6 busId bf000 commId 0x666a4dfd7dee3c6c localSize 688 used 564103392 bytes on core 330 - Init COMPLETE
VM-0-4-tencentos:147:3867 [6] NCCL INFO Init timings: rank 2 nranks 4 total 4.36 (kernels 0.00, bootstrap 0.32, allgathers 0.42, topo 0.98, graphs 0.12, connections 2.52, rest 0.00)
VM-0-4-tencentos:148:3866 [7] NCCL INFO Init timings: rank 3 nranks 4 total 4.36 (kernels 0.00, bootstrap 0.32, allgathers 0.39, topo 1.01, graphs 0.12, connections 2.52, rest 0.00)
VM-0-4-tencentos:146:3865 [5] NCCL INFO ncclCommInitRank comm 0x5610dcba6340 rank 1 nranks 4 cudaDev 5 nvmlDev 5 busId b8000 commId 0x666a4dfd7dee3c6c localSize 688 used 564103392 bytes on core 361 - Init COMPLETE
VM-0-4-tencentos:146:3865 [5] NCCL INFO Init timings: rank 1 nranks 4 total 4.36 (kernels 0.00, bootstrap 0.32, allgathers 0.40, topo 0.99, graphs 0.12, connections 2.52, rest 0.00)
I0428 14:55:49.414103   146 ProcessGroupNCCL.cpp:2330] [PG ID 5 PG GUID 32(TENSOR_MODEL_PARALLEL_GROUP) Rank 1] ProcessGroupNCCL created ncclComm_ 0x5610dcba6340 on CUDA device: 
I0428 14:55:49.414103   147 ProcessGroupNCCL.cpp:2330] [PG ID 5 PG GUID 32(TENSOR_MODEL_PARALLEL_GROUP) Rank 2] ProcessGroupNCCL created ncclComm_ 0x56087fa46340 on CUDA device: 
I0428 14:55:49.414103   148 ProcessGroupNCCL.cpp:2330] [PG ID 5 PG GUID 32(TENSOR_MODEL_PARALLEL_GROUP) Rank 3] ProcessGroupNCCL created ncclComm_ 0x563efe489500 on CUDA device: 
I0428 14:55:49.414116   145 ProcessGroupNCCL.cpp:2330] [PG ID 5 PG GUID 32(TENSOR_MODEL_PARALLEL_GROUP) Rank 0] ProcessGroupNCCL created ncclComm_ 0x55ec85aa5410 on CUDA device: 
I0428 14:55:49.414140   148 ProcessGroupNCCL.cpp:2335] [PG ID 5 PG GUID 32(TENSOR_MODEL_PARALLEL_GROUP) Rank 3] NCCL_DEBUG: Info
I0428 14:55:49.414141   147 ProcessGroupNCCL.cpp:2335] [PG ID 5 PG GUID 32(TENSOR_MODEL_PARALLEL_GROUP) Rank 2] NCCL_DEBUG: Info
I0428 14:55:49.414141   146 ProcessGroupNCCL.cpp:2335] [PG ID 5 PG GUID 32(TENSOR_MODEL_PARALLEL_GROUP) Rank 1] NCCL_DEBUG: Info
I0428 14:55:49.414141   145 ProcessGroupNCCL.cpp:2335] [PG ID 5 PG GUID 32(TENSOR_MODEL_PARALLEL_GROUP) Rank 0] NCCL_DEBUG: Info
VM-0-4-tencentos:142:142 [1] NCCL INFO Kernel version: 5.4.119-19.0009.56
I0428 14:55:51.144397   142 ProcessGroupNCCL.cpp:2291] [PG ID 3 PG GUID 26(CONTEXT_PARALLEL_GROUP) Rank 0] ProcessGroupNCCL broadcast unique ID through store took 0.053219 ms
VM-0-4-tencentos:142:142 [1] NCCL INFO Kernel version: 5.4.119-19.0009.56
VM-0-4-tencentos:142:8237 [1] NCCL INFO Using network IB
VM-0-4-tencentos:142:8237 [1] NCCL INFO rocm_smi_lib: version 7.6.0.0
VM-0-4-tencentos:144:144 [3] NCCL INFO Kernel version: 5.4.119-19.0009.56
I0428 14:55:51.201918   144 ProcessGroupNCCL.cpp:2291] [PG ID 3 PG GUID 28(CONTEXT_PARALLEL_GROUP) Rank 0] ProcessGroupNCCL broadcast unique ID through store took 0.053349 ms
VM-0-4-tencentos:144:144 [3] NCCL INFO Kernel version: 5.4.119-19.0009.56
VM-0-4-tencentos:144:8287 [3] NCCL INFO Using network IB
VM-0-4-tencentos:144:8287 [3] NCCL INFO rocm_smi_lib: version 7.6.0.0
VM-0-4-tencentos:143:143 [2] NCCL INFO Kernel version: 5.4.119-19.0009.56
I0428 14:55:51.271246   143 ProcessGroupNCCL.cpp:2291] [PG ID 3 PG GUID 27(CONTEXT_PARALLEL_GROUP) Rank 0] ProcessGroupNCCL broadcast unique ID through store took 0.054109 ms
VM-0-4-tencentos:143:143 [2] NCCL INFO Kernel version: 5.4.119-19.0009.56
VM-0-4-tencentos:143:8345 [2] NCCL INFO Using network IB
VM-0-4-tencentos:143:8345 [2] NCCL INFO rocm_smi_lib: version 7.6.0.0
VM-0-4-tencentos:141:141 [0] NCCL INFO Kernel version: 5.4.119-19.0009.56
I0428 14:55:51.555524   141 ProcessGroupNCCL.cpp:2291] [PG ID 3 PG GUID 25(CONTEXT_PARALLEL_GROUP) Rank 0] ProcessGroupNCCL broadcast unique ID through store took 0.058739 ms
VM-0-4-tencentos:141:141 [0] NCCL INFO Kernel version: 5.4.119-19.0009.56
VM-0-4-tencentos:141:8603 [0] NCCL INFO Using network IB
VM-0-4-tencentos:141:8603 [0] NCCL INFO rocm_smi_lib: version 7.6.0.0
I0428 14:55:52.815807   147 ProcessGroupNCCL.cpp:2291] [PG ID 3 PG GUID 27(CONTEXT_PARALLEL_GROUP) Rank 1] ProcessGroupNCCL broadcast unique ID through store took 0.218506 ms
VM-0-4-tencentos:147:147 [6] NCCL INFO Kernel version: 5.4.119-19.0009.56
VM-0-4-tencentos:147:11108 [6] NCCL INFO Using network IB
VM-0-4-tencentos:147:11108 [6] NCCL INFO rocm_smi_lib: version 7.6.0.0
I0428 14:55:52.819926   148 ProcessGroupNCCL.cpp:2291] [PG ID 3 PG GUID 28(CONTEXT_PARALLEL_GROUP) Rank 1] ProcessGroupNCCL broadcast unique ID through store took 0.106808 ms
VM-0-4-tencentos:148:148 [7] NCCL INFO Kernel version: 5.4.119-19.0009.56
VM-0-4-tencentos:148:11109 [7] NCCL INFO Using network IB
VM-0-4-tencentos:148:11109 [7] NCCL INFO rocm_smi_lib: version 7.6.0.0
VM-0-4-tencentos:147:11108 [6] NCCL INFO ncclCommInitRank comm 0x5608a021bdb0 rank 1 nranks 2 cudaDev 6 nvmlDev 6 busId bf000 commId 0xe4f1254acf3e2d5e - Init START
VM-0-4-tencentos:147:11108 [6] NCCL INFO rank:1 get match hsa dev domain:0x0 bdf:0xbf00 rank busId:0x782336
VM-0-4-tencentos:143:8345 [2] NCCL INFO ncclCommInitRank comm 0x55f2d99f4480 rank 0 nranks 2 cudaDev 2 nvmlDev 2 busId 14000 commId 0xe4f1254acf3e2d5e - Init START
VM-0-4-tencentos:143:8345 [2] NCCL INFO rank:0 get match hsa dev domain:0x0 bdf:0x1400 rank busId:0x81920
VM-0-4-tencentos:147:11108 [6] NCCL INFO XDP Switch is off with xdp_size : 0
VM-0-4-tencentos:143:8345 [2] NCCL INFO XDP Switch is off with xdp_size : 0
VM-0-4-tencentos:147:11108 [6] NCCL INFO rocm_smi_lib: version 7.6.0.0
VM-0-4-tencentos:143:8345 [2] NCCL INFO rocm_smi_lib: version 7.6.0.0
VM-0-4-tencentos:148:11109 [7] NCCL INFO ncclCommInitRank comm 0x563f6cc5d2e0 rank 1 nranks 2 cudaDev 7 nvmlDev 7 busId 9e000 commId 0x5e71d0bbc9c78216 - Init START
VM-0-4-tencentos:144:8287 [3] NCCL INFO ncclCommInitRank comm 0x55f7fbcee6d0 rank 0 nranks 2 cudaDev 3 nvmlDev 3 busId 1c000 commId 0x5e71d0bbc9c78216 - Init START
VM-0-4-tencentos:148:11109 [7] NCCL INFO rank:1 get match hsa dev domain:0x0 bdf:0x9e00 rank busId:0x647168
VM-0-4-tencentos:144:8287 [3] NCCL INFO rank:0 get match hsa dev domain:0x0 bdf:0x1c00 rank busId:0x114688
VM-0-4-tencentos:148:11109 [7] NCCL INFO XDP Switch is off with xdp_size : 0
VM-0-4-tencentos:144:8287 [3] NCCL INFO XDP Switch is off with xdp_size : 0
VM-0-4-tencentos:148:11109 [7] NCCL INFO rocm_smi_lib: version 7.6.0.0
VM-0-4-tencentos:144:8287 [3] NCCL INFO rocm_smi_lib: version 7.6.0.0
I0428 14:55:52.853422   146 ProcessGroupNCCL.cpp:2291] [PG ID 3 PG GUID 26(CONTEXT_PARALLEL_GROUP) Rank 1] ProcessGroupNCCL broadcast unique ID through store took 0.119498 ms
VM-0-4-tencentos:146:146 [5] NCCL INFO Kernel version: 5.4.119-19.0009.56
VM-0-4-tencentos:146:11110 [5] NCCL INFO Using network IB
VM-0-4-tencentos:146:11110 [5] NCCL INFO rocm_smi_lib: version 7.6.0.0
VM-0-4-tencentos:146:11110 [5] NCCL INFO ncclCommInitRank comm 0x56114bd4bbb0 rank 1 nranks 2 cudaDev 5 nvmlDev 5 busId b8000 commId 0xbf46c0007b1fe82 - Init START
VM-0-4-tencentos:146:11110 [5] NCCL INFO rank:1 get match hsa dev domain:0x0 bdf:0xb800 rank busId:0x753664
VM-0-4-tencentos:142:8237 [1] NCCL INFO ncclCommInitRank comm 0x5579fd0507e0 rank 0 nranks 2 cudaDev 1 nvmlDev 1 busId 2b000 commId 0xbf46c0007b1fe82 - Init START
VM-0-4-tencentos:142:8237 [1] NCCL INFO rank:0 get match hsa dev domain:0x0 bdf:0x2b00 rank busId:0x176128
VM-0-4-tencentos:146:11110 [5] NCCL INFO XDP Switch is off with xdp_size : 0
VM-0-4-tencentos:142:8237 [1] NCCL INFO XDP Switch is off with xdp_size : 0
VM-0-4-tencentos:146:11110 [5] NCCL INFO rocm_smi_lib: version 7.6.0.0
VM-0-4-tencentos:142:8237 [1] NCCL INFO rocm_smi_lib: version 7.6.0.0
VM-0-4-tencentos:144:8287 [3] NCCL INFO Setting affinity for GPU 3 to ffffffff,ffffffff,ffffffff,00000000,00000000,00000000,ffffffff,ffffffff,ffffffff
VM-0-4-tencentos:144:8287 [3] NCCL INFO Rank:0 Get link topo from rocmDev:0 linkNum:8 link:0 linkState:1 remote type:1 bdf:0x4900 topoType:2
VM-0-4-tencentos:144:8287 [3] NCCL INFO Transport init rank 0 useXdp 0 linkTopoType 2
VM-0-4-tencentos:148:11109 [7] NCCL INFO Setting affinity for GPU 7 to ffffffff,ffffffff,ffffffff,00000000,00000000,00000000,ffffffff,ffffffff,ffffffff,00000000,00000000,00000000
VM-0-4-tencentos:148:11109 [7] NCCL INFO Rank:1 Get link topo from rocmDev:0 linkNum:8 link:0 linkState:1 remote type:1 bdf:0x4900 topoType:2
VM-0-4-tencentos:148:11109 [7] NCCL INFO Transport init rank 1 useXdp 0 linkTopoType 2
VM-0-4-tencentos:143:8345 [2] NCCL INFO Setting affinity for GPU 2 to ffffffff,ffffffff,ffffffff,00000000,00000000,00000000,ffffffff,ffffffff,ffffffff
VM-0-4-tencentos:143:8345 [2] NCCL INFO Rank:0 Get link topo from rocmDev:0 linkNum:8 link:0 linkState:1 remote type:1 bdf:0x4900 topoType:2
VM-0-4-tencentos:143:8345 [2] NCCL INFO Transport init rank 0 useXdp 0 linkTopoType 2
VM-0-4-tencentos:147:11108 [6] NCCL INFO Setting affinity for GPU 6 to ffffffff,ffffffff,ffffffff,00000000,00000000,00000000,ffffffff,ffffffff,ffffffff,00000000,00000000,00000000
VM-0-4-tencentos:147:11108 [6] NCCL INFO Rank:1 Get link topo from rocmDev:0 linkNum:8 link:0 linkState:1 remote type:1 bdf:0x4900 topoType:2
VM-0-4-tencentos:147:11108 [6] NCCL INFO Transport init rank 1 useXdp 0 linkTopoType 2
VM-0-4-tencentos:146:11110 [5] NCCL INFO Setting affinity for GPU 5 to ffffffff,ffffffff,ffffffff,00000000,00000000,00000000,ffffffff,ffffffff,ffffffff,00000000,00000000,00000000
VM-0-4-tencentos:146:11110 [5] NCCL INFO Rank:1 Get link topo from rocmDev:0 linkNum:8 link:0 linkState:1 remote type:1 bdf:0x4900 topoType:2
VM-0-4-tencentos:146:11110 [5] NCCL INFO Transport init rank 1 useXdp 0 linkTopoType 2
VM-0-4-tencentos:142:8237 [1] NCCL INFO Setting affinity for GPU 1 to ffffffff,ffffffff,ffffffff,00000000,00000000,00000000,ffffffff,ffffffff,ffffffff
VM-0-4-tencentos:142:8237 [1] NCCL INFO Rank:0 Get link topo from rocmDev:0 linkNum:8 link:0 linkState:1 remote type:1 bdf:0x4900 topoType:2
VM-0-4-tencentos:142:8237 [1] NCCL INFO Transport init rank 0 useXdp 0 linkTopoType 2

VM-0-4-tencentos:144:8287 [3] /data/jenkins_workspace/workspace/rccl_release_bakup-25.04.2/build/hipify/src/graph/search.cc:1187 NCCL WARN Could not find a path for pattern 4, falling back to simple order

VM-0-4-tencentos:144:8287 [3] /data/jenkins_workspace/workspace/rccl_release_bakup-25.04.2/build/hipify/src/graph/search.cc:1187 NCCL WARN Could not find a path for pattern 1, falling back to simple order

VM-0-4-tencentos:148:11109 [7] /data/jenkins_workspace/workspace/rccl_release_bakup-25.04.2/build/hipify/src/graph/search.cc:1187 NCCL WARN Could not find a path for pattern 4, falling back to simple order

VM-0-4-tencentos:148:11109 [7] /data/jenkins_workspace/workspace/rccl_release_bakup-25.04.2/build/hipify/src/graph/search.cc:1187 NCCL WARN Could not find a path for pattern 1, falling back to simple order
VM-0-4-tencentos:148:11109 [7] NCCL INFO comm 0x563f6cc5d2e0 rank 1 nRanks 2 nNodes 1 localRanks 2 localRank 1 MNNVL 0
VM-0-4-tencentos:144:8287 [3] NCCL INFO comm 0x55f7fbcee6d0 rank 0 nRanks 2 nNodes 1 localRanks 2 localRank 0 MNNVL 0
VM-0-4-tencentos:144:8287 [3] NCCL INFO Channel 00/32 :    0   1
VM-0-4-tencentos:144:8287 [3] NCCL INFO Channel 01/32 :    0   1
VM-0-4-tencentos:144:8287 [3] NCCL INFO Channel 02/32 :    0   1
VM-0-4-tencentos:144:8287 [3] NCCL INFO Channel 03/32 :    0   1
VM-0-4-tencentos:144:8287 [3] NCCL INFO Channel 04/32 :    0   1
VM-0-4-tencentos:144:8287 [3] NCCL INFO Channel 05/32 :    0   1
VM-0-4-tencentos:144:8287 [3] NCCL INFO Channel 06/32 :    0   1
VM-0-4-tencentos:144:8287 [3] NCCL INFO Channel 07/32 :    0   1
VM-0-4-tencentos:144:8287 [3] NCCL INFO Channel 08/32 :    0   1
VM-0-4-tencentos:144:8287 [3] NCCL INFO Channel 09/32 :    0   1
VM-0-4-tencentos:144:8287 [3] NCCL INFO Channel 10/32 :    0   1
VM-0-4-tencentos:144:8287 [3] NCCL INFO Channel 11/32 :    0   1
VM-0-4-tencentos:148:11109 [7] NCCL INFO Trees [0] -1/-1/-1->1->0 [1] -1/-1/-1->1->0 [2] -1/-1/-1->1->0 [3] -1/-1/-1->1->0 [4] -1/-1/-1->1->0 [5] -1/-1/-1->1->0 [6] -1/-1/-1->1->0 [7] -1/-1/-1->1->0 [8] -1/-1/-1->1->0 [9] -1/-1/-1->1->0 [10] -1/-1/-1->1->0 [11] -1/-1/-1->1->0 [12] -1/-1/-1->1->0 [13] -1/-1/-1->1->0 [14] -1/-1/-1->1->0 [15] -1/-1/-1->1->0 [16] -1/-1/-1->1->0 [17] -1/-1/-1->1->0 [18] -1/-1/-1->1->0 [19] -1/-1/-1->1->0 [20] -1/-1/-1->1->0 [21] -1/-1/-1->1->0 [22] -1/-1/-1->1->0 [23] -1/-1/-1->1->0 [24] -1/-1/-1->1->0 [25] -1/-1/-1->1->0 [26] -1/-1/-1->1->0 [27] -1/-1/-1->1->0 [28] -1/-1/-1->1->0 [29] -1/-1/-1->1->0 [30] -1/-1/-1->1->0 [31] -1/-1/-1->1->0 comm 0x563f6cc5d2e0 nRanks 02 busId 9e000
VM-0-4-tencentos:144:8287 [3] NCCL INFO Channel 12/32 :    0   1
VM-0-4-tencentos:144:8287 [3] NCCL INFO Channel 13/32 :    0   1
VM-0-4-tencentos:148:11109 [7] NCCL INFO P2P Chunksize set to 262144
VM-0-4-tencentos:144:8287 [3] NCCL INFO Channel 14/32 :    0   1
VM-0-4-tencentos:144:8287 [3] NCCL INFO Channel 15/32 :    0   1
VM-0-4-tencentos:144:8287 [3] NCCL INFO Channel 16/32 :    0   1
VM-0-4-tencentos:144:8287 [3] NCCL INFO Channel 17/32 :    0   1
VM-0-4-tencentos:144:8287 [3] NCCL INFO Channel 18/32 :    0   1
VM-0-4-tencentos:144:8287 [3] NCCL INFO Channel 19/32 :    0   1
VM-0-4-tencentos:144:8287 [3] NCCL INFO Channel 20/32 :    0   1
VM-0-4-tencentos:144:8287 [3] NCCL INFO Channel 21/32 :    0   1
VM-0-4-tencentos:144:8287 [3] NCCL INFO Channel 22/32 :    0   1
VM-0-4-tencentos:144:8287 [3] NCCL INFO Channel 23/32 :    0   1
VM-0-4-tencentos:144:8287 [3] NCCL INFO Channel 24/32 :    0   1
VM-0-4-tencentos:144:8287 [3] NCCL INFO Channel 25/32 :    0   1
VM-0-4-tencentos:144:8287 [3] NCCL INFO Channel 26/32 :    0   1
VM-0-4-tencentos:144:8287 [3] NCCL INFO Channel 27/32 :    0   1
VM-0-4-tencentos:144:8287 [3] NCCL INFO Channel 28/32 :    0   1
VM-0-4-tencentos:144:8287 [3] NCCL INFO Channel 29/32 :    0   1
VM-0-4-tencentos:144:8287 [3] NCCL INFO Channel 30/32 :    0   1
VM-0-4-tencentos:144:8287 [3] NCCL INFO Channel 31/32 :    0   1
VM-0-4-tencentos:144:8287 [3] NCCL INFO Trees [0] 1/-1/-1->0->-1 [1] 1/-1/-1->0->-1 [2] 1/-1/-1->0->-1 [3] 1/-1/-1->0->-1 [4] 1/-1/-1->0->-1 [5] 1/-1/-1->0->-1 [6] 1/-1/-1->0->-1 [7] 1/-1/-1->0->-1 [8] 1/-1/-1->0->-1 [9] 1/-1/-1->0->-1 [10] 1/-1/-1->0->-1 [11] 1/-1/-1->0->-1 [12] 1/-1/-1->0->-1 [13] 1/-1/-1->0->-1 [14] 1/-1/-1->0->-1 [15] 1/-1/-1->0->-1 [16] 1/-1/-1->0->-1 [17] 1/-1/-1->0->-1 [18] 1/-1/-1->0->-1 [19] 1/-1/-1->0->-1 [20] 1/-1/-1->0->-1 [21] 1/-1/-1->0->-1 [22] 1/-1/-1->0->-1 [23] 1/-1/-1->0->-1 [24] 1/-1/-1->0->-1 [25] 1/-1/-1->0->-1 [26] 1/-1/-1->0->-1 [27] 1/-1/-1->0->-1 [28] 1/-1/-1->0->-1 [29] 1/-1/-1->0->-1 [30] 1/-1/-1->0->-1 [31] 1/-1/-1->0->-1 comm 0x55f7fbcee6d0 nRanks 02 busId 1c000
VM-0-4-tencentos:144:8287 [3] NCCL INFO P2P Chunksize set to 262144

VM-0-4-tencentos:143:8345 [2] /data/jenkins_workspace/workspace/rccl_release_bakup-25.04.2/build/hipify/src/graph/search.cc:1187 NCCL WARN Could not find a path for pattern 4, falling back to simple order

VM-0-4-tencentos:143:8345 [2] /data/jenkins_workspace/workspace/rccl_release_bakup-25.04.2/build/hipify/src/graph/search.cc:1187 NCCL WARN Could not find a path for pattern 1, falling back to simple order

VM-0-4-tencentos:147:11108 [6] /data/jenkins_workspace/workspace/rccl_release_bakup-25.04.2/build/hipify/src/graph/search.cc:1187 NCCL WARN Could not find a path for pattern 4, falling back to simple order

VM-0-4-tencentos:147:11108 [6] /data/jenkins_workspace/workspace/rccl_release_bakup-25.04.2/build/hipify/src/graph/search.cc:1187 NCCL WARN Could not find a path for pattern 1, falling back to simple order
VM-0-4-tencentos:143:8345 [2] NCCL INFO comm 0x55f2d99f4480 rank 0 nRanks 2 nNodes 1 localRanks 2 localRank 0 MNNVL 0
VM-0-4-tencentos:147:11108 [6] NCCL INFO comm 0x5608a021bdb0 rank 1 nRanks 2 nNodes 1 localRanks 2 localRank 1 MNNVL 0
VM-0-4-tencentos:143:8345 [2] NCCL INFO Channel 00/32 :    0   1
VM-0-4-tencentos:143:8345 [2] NCCL INFO Channel 01/32 :    0   1
VM-0-4-tencentos:143:8345 [2] NCCL INFO Channel 02/32 :    0   1
VM-0-4-tencentos:143:8345 [2] NCCL INFO Channel 03/32 :    0   1
VM-0-4-tencentos:143:8345 [2] NCCL INFO Channel 04/32 :    0   1
VM-0-4-tencentos:143:8345 [2] NCCL INFO Channel 05/32 :    0   1
VM-0-4-tencentos:143:8345 [2] NCCL INFO Channel 06/32 :    0   1
VM-0-4-tencentos:143:8345 [2] NCCL INFO Channel 07/32 :    0   1
VM-0-4-tencentos:143:8345 [2] NCCL INFO Channel 08/32 :    0   1
VM-0-4-tencentos:143:8345 [2] NCCL INFO Channel 09/32 :    0   1
VM-0-4-tencentos:143:8345 [2] NCCL INFO Channel 10/32 :    0   1
VM-0-4-tencentos:143:8345 [2] NCCL INFO Channel 11/32 :    0   1
VM-0-4-tencentos:143:8345 [2] NCCL INFO Channel 12/32 :    0   1
VM-0-4-tencentos:143:8345 [2] NCCL INFO Channel 13/32 :    0   1
VM-0-4-tencentos:143:8345 [2] NCCL INFO Channel 14/32 :    0   1
VM-0-4-tencentos:147:11108 [6] NCCL INFO Trees [0] -1/-1/-1->1->0 [1] -1/-1/-1->1->0 [2] -1/-1/-1->1->0 [3] -1/-1/-1->1->0 [4] -1/-1/-1->1->0 [5] -1/-1/-1->1->0 [6] -1/-1/-1->1->0 [7] -1/-1/-1->1->0 [8] -1/-1/-1->1->0 [9] -1/-1/-1->1->0 [10] -1/-1/-1->1->0 [11] -1/-1/-1->1->0 [12] -1/-1/-1->1->0 [13] -1/-1/-1->1->0 [14] -1/-1/-1->1->0 [15] -1/-1/-1->1->0 [16] -1/-1/-1->1->0 [17] -1/-1/-1->1->0 [18] -1/-1/-1->1->0 [19] -1/-1/-1->1->0 [20] -1/-1/-1->1->0 [21] -1/-1/-1->1->0 [22] -1/-1/-1->1->0 [23] -1/-1/-1->1->0 [24] -1/-1/-1->1->0 [25] -1/-1/-1->1->0 [26] -1/-1/-1->1->0 [27] -1/-1/-1->1->0 [28] -1/-1/-1->1->0 [29] -1/-1/-1->1->0 [30] -1/-1/-1->1->0 [31] -1/-1/-1->1->0 comm 0x5608a021bdb0 nRanks 02 busId bf000
VM-0-4-tencentos:143:8345 [2] NCCL INFO Channel 15/32 :    0   1
VM-0-4-tencentos:143:8345 [2] NCCL INFO Channel 16/32 :    0   1
VM-0-4-tencentos:147:11108 [6] NCCL INFO P2P Chunksize set to 262144
VM-0-4-tencentos:143:8345 [2] NCCL INFO Channel 17/32 :    0   1
VM-0-4-tencentos:143:8345 [2] NCCL INFO Channel 18/32 :    0   1
VM-0-4-tencentos:143:8345 [2] NCCL INFO Channel 19/32 :    0   1
VM-0-4-tencentos:143:8345 [2] NCCL INFO Channel 20/32 :    0   1
VM-0-4-tencentos:143:8345 [2] NCCL INFO Channel 21/32 :    0   1
VM-0-4-tencentos:143:8345 [2] NCCL INFO Channel 22/32 :    0   1
VM-0-4-tencentos:143:8345 [2] NCCL INFO Channel 23/32 :    0   1
VM-0-4-tencentos:143:8345 [2] NCCL INFO Channel 24/32 :    0   1
VM-0-4-tencentos:143:8345 [2] NCCL INFO Channel 25/32 :    0   1
VM-0-4-tencentos:143:8345 [2] NCCL INFO Channel 26/32 :    0   1
VM-0-4-tencentos:143:8345 [2] NCCL INFO Channel 27/32 :    0   1
VM-0-4-tencentos:143:8345 [2] NCCL INFO Channel 28/32 :    0   1
VM-0-4-tencentos:143:8345 [2] NCCL INFO Channel 29/32 :    0   1
VM-0-4-tencentos:143:8345 [2] NCCL INFO Channel 30/32 :    0   1
VM-0-4-tencentos:143:8345 [2] NCCL INFO Channel 31/32 :    0   1
VM-0-4-tencentos:143:8345 [2] NCCL INFO Trees [0] 1/-1/-1->0->-1 [1] 1/-1/-1->0->-1 [2] 1/-1/-1->0->-1 [3] 1/-1/-1->0->-1 [4] 1/-1/-1->0->-1 [5] 1/-1/-1->0->-1 [6] 1/-1/-1->0->-1 [7] 1/-1/-1->0->-1 [8] 1/-1/-1->0->-1 [9] 1/-1/-1->0->-1 [10] 1/-1/-1->0->-1 [11] 1/-1/-1->0->-1 [12] 1/-1/-1->0->-1 [13] 1/-1/-1->0->-1 [14] 1/-1/-1->0->-1 [15] 1/-1/-1->0->-1 [16] 1/-1/-1->0->-1 [17] 1/-1/-1->0->-1 [18] 1/-1/-1->0->-1 [19] 1/-1/-1->0->-1 [20] 1/-1/-1->0->-1 [21] 1/-1/-1->0->-1 [22] 1/-1/-1->0->-1 [23] 1/-1/-1->0->-1 [24] 1/-1/-1->0->-1 [25] 1/-1/-1->0->-1 [26] 1/-1/-1->0->-1 [27] 1/-1/-1->0->-1 [28] 1/-1/-1->0->-1 [29] 1/-1/-1->0->-1 [30] 1/-1/-1->0->-1 [31] 1/-1/-1->0->-1 comm 0x55f2d99f4480 nRanks 02 busId 14000
VM-0-4-tencentos:143:8345 [2] NCCL INFO P2P Chunksize set to 262144

VM-0-4-tencentos:146:11110 [5] /data/jenkins_workspace/workspace/rccl_release_bakup-25.04.2/build/hipify/src/graph/search.cc:1187 NCCL WARN Could not find a path for pattern 4, falling back to simple order

VM-0-4-tencentos:146:11110 [5] /data/jenkins_workspace/workspace/rccl_release_bakup-25.04.2/build/hipify/src/graph/search.cc:1187 NCCL WARN Could not find a path for pattern 1, falling back to simple order

VM-0-4-tencentos:142:8237 [1] /data/jenkins_workspace/workspace/rccl_release_bakup-25.04.2/build/hipify/src/graph/search.cc:1187 NCCL WARN Could not find a path for pattern 4, falling back to simple order

VM-0-4-tencentos:142:8237 [1] /data/jenkins_workspace/workspace/rccl_release_bakup-25.04.2/build/hipify/src/graph/search.cc:1187 NCCL WARN Could not find a path for pattern 1, falling back to simple order
VM-0-4-tencentos:142:8237 [1] NCCL INFO comm 0x5579fd0507e0 rank 0 nRanks 2 nNodes 1 localRanks 2 localRank 0 MNNVL 0
VM-0-4-tencentos:146:11110 [5] NCCL INFO comm 0x56114bd4bbb0 rank 1 nRanks 2 nNodes 1 localRanks 2 localRank 1 MNNVL 0
VM-0-4-tencentos:142:8237 [1] NCCL INFO Channel 00/32 :    0   1
VM-0-4-tencentos:142:8237 [1] NCCL INFO Channel 01/32 :    0   1
VM-0-4-tencentos:142:8237 [1] NCCL INFO Channel 02/32 :    0   1
VM-0-4-tencentos:142:8237 [1] NCCL INFO Channel 03/32 :    0   1
VM-0-4-tencentos:142:8237 [1] NCCL INFO Channel 04/32 :    0   1
VM-0-4-tencentos:142:8237 [1] NCCL INFO Channel 05/32 :    0   1
VM-0-4-tencentos:142:8237 [1] NCCL INFO Channel 06/32 :    0   1
VM-0-4-tencentos:142:8237 [1] NCCL INFO Channel 07/32 :    0   1
VM-0-4-tencentos:142:8237 [1] NCCL INFO Channel 08/32 :    0   1
VM-0-4-tencentos:142:8237 [1] NCCL INFO Channel 09/32 :    0   1
VM-0-4-tencentos:142:8237 [1] NCCL INFO Channel 10/32 :    0   1
VM-0-4-tencentos:146:11110 [5] NCCL INFO Trees [0] -1/-1/-1->1->0 [1] -1/-1/-1->1->0 [2] -1/-1/-1->1->0 [3] -1/-1/-1->1->0 [4] -1/-1/-1->1->0 [5] -1/-1/-1->1->0 [6] -1/-1/-1->1->0 [7] -1/-1/-1->1->0 [8] -1/-1/-1->1->0 [9] -1/-1/-1->1->0 [10] -1/-1/-1->1->0 [11] -1/-1/-1->1->0 [12] -1/-1/-1->1->0 [13] -1/-1/-1->1->0 [14] -1/-1/-1->1->0 [15] -1/-1/-1->1->0 [16] -1/-1/-1->1->0 [17] -1/-1/-1->1->0 [18] -1/-1/-1->1->0 [19] -1/-1/-1->1->0 [20] -1/-1/-1->1->0 [21] -1/-1/-1->1->0 [22] -1/-1/-1->1->0 [23] -1/-1/-1->1->0 [24] -1/-1/-1->1->0 [25] -1/-1/-1->1->0 [26] -1/-1/-1->1->0 [27] -1/-1/-1->1->0 [28] -1/-1/-1->1->0 [29] -1/-1/-1->1->0 [30] -1/-1/-1->1->0 [31] -1/-1/-1->1->0 comm 0x56114bd4bbb0 nRanks 02 busId b8000
VM-0-4-tencentos:142:8237 [1] NCCL INFO Channel 11/32 :    0   1
VM-0-4-tencentos:146:11110 [5] NCCL INFO P2P Chunksize set to 262144
VM-0-4-tencentos:142:8237 [1] NCCL INFO Channel 12/32 :    0   1
VM-0-4-tencentos:142:8237 [1] NCCL INFO Channel 13/32 :    0   1
VM-0-4-tencentos:142:8237 [1] NCCL INFO Channel 14/32 :    0   1
VM-0-4-tencentos:142:8237 [1] NCCL INFO Channel 15/32 :    0   1
VM-0-4-tencentos:142:8237 [1] NCCL INFO Channel 16/32 :    0   1
VM-0-4-tencentos:142:8237 [1] NCCL INFO Channel 17/32 :    0   1
VM-0-4-tencentos:142:8237 [1] NCCL INFO Channel 18/32 :    0   1
VM-0-4-tencentos:142:8237 [1] NCCL INFO Channel 19/32 :    0   1
VM-0-4-tencentos:142:8237 [1] NCCL INFO Channel 20/32 :    0   1
VM-0-4-tencentos:142:8237 [1] NCCL INFO Channel 21/32 :    0   1
VM-0-4-tencentos:142:8237 [1] NCCL INFO Channel 22/32 :    0   1
VM-0-4-tencentos:142:8237 [1] NCCL INFO Channel 23/32 :    0   1
VM-0-4-tencentos:142:8237 [1] NCCL INFO Channel 24/32 :    0   1
VM-0-4-tencentos:142:8237 [1] NCCL INFO Channel 25/32 :    0   1
VM-0-4-tencentos:142:8237 [1] NCCL INFO Channel 26/32 :    0   1
VM-0-4-tencentos:142:8237 [1] NCCL INFO Channel 27/32 :    0   1
VM-0-4-tencentos:142:8237 [1] NCCL INFO Channel 28/32 :    0   1
VM-0-4-tencentos:142:8237 [1] NCCL INFO Channel 29/32 :    0   1
VM-0-4-tencentos:142:8237 [1] NCCL INFO Channel 30/32 :    0   1
VM-0-4-tencentos:142:8237 [1] NCCL INFO Channel 31/32 :    0   1
VM-0-4-tencentos:142:8237 [1] NCCL INFO Trees [0] 1/-1/-1->0->-1 [1] 1/-1/-1->0->-1 [2] 1/-1/-1->0->-1 [3] 1/-1/-1->0->-1 [4] 1/-1/-1->0->-1 [5] 1/-1/-1->0->-1 [6] 1/-1/-1->0->-1 [7] 1/-1/-1->0->-1 [8] 1/-1/-1->0->-1 [9] 1/-1/-1->0->-1 [10] 1/-1/-1->0->-1 [11] 1/-1/-1->0->-1 [12] 1/-1/-1->0->-1 [13] 1/-1/-1->0->-1 [14] 1/-1/-1->0->-1 [15] 1/-1/-1->0->-1 [16] 1/-1/-1->0->-1 [17] 1/-1/-1->0->-1 [18] 1/-1/-1->0->-1 [19] 1/-1/-1->0->-1 [20] 1/-1/-1->0->-1 [21] 1/-1/-1->0->-1 [22] 1/-1/-1->0->-1 [23] 1/-1/-1->0->-1 [24] 1/-1/-1->0->-1 [25] 1/-1/-1->0->-1 [26] 1/-1/-1->0->-1 [27] 1/-1/-1->0->-1 [28] 1/-1/-1->0->-1 [29] 1/-1/-1->0->-1 [30] 1/-1/-1->0->-1 [31] 1/-1/-1->0->-1 comm 0x5579fd0507e0 nRanks 02 busId 2b000
VM-0-4-tencentos:142:8237 [1] NCCL INFO P2P Chunksize set to 262144
VM-0-4-tencentos:144:8287 [3] NCCL INFO Channel 00/0 : 0[1c000] -> 1[9e000] via P2P/IPC comm 0x55f7fbcee6d0 nRanks 02
VM-0-4-tencentos:144:8287 [3] NCCL INFO Channel 01/0 : 0[1c000] -> 1[9e000] via P2P/IPC comm 0x55f7fbcee6d0 nRanks 02
VM-0-4-tencentos:148:11109 [7] NCCL INFO Channel 00/0 : 1[9e000] -> 0[1c000] via P2P/IPC comm 0x563f6cc5d2e0 nRanks 02
VM-0-4-tencentos:144:8287 [3] NCCL INFO Channel 02/0 : 0[1c000] -> 1[9e000] via P2P/IPC comm 0x55f7fbcee6d0 nRanks 02
VM-0-4-tencentos:148:11109 [7] NCCL INFO Channel 01/0 : 1[9e000] -> 0[1c000] via P2P/IPC comm 0x563f6cc5d2e0 nRanks 02
VM-0-4-tencentos:144:8287 [3] NCCL INFO Channel 03/0 : 0[1c000] -> 1[9e000] via P2P/IPC comm 0x55f7fbcee6d0 nRanks 02
VM-0-4-tencentos:148:11109 [7] NCCL INFO Channel 02/0 : 1[9e000] -> 0[1c000] via P2P/IPC comm 0x563f6cc5d2e0 nRanks 02
VM-0-4-tencentos:144:8287 [3] NCCL INFO Channel 04/0 : 0[1c000] -> 1[9e000] via P2P/IPC comm 0x55f7fbcee6d0 nRanks 02
VM-0-4-tencentos:143:8345 [2] NCCL INFO Channel 00/0 : 0[14000] -> 1[bf000] via P2P/IPC comm 0x55f2d99f4480 nRanks 02
