VM-0-4-tencentos:141:3863 [0] NCCL INFO comm 0x561873f10a20 rank 0 nRanks 4 nNodes 1 localRanks 4 localRank 0 MNNVL 0
VM-0-4-tencentos:141:3863 [0] NCCL INFO Channel 00/32 :    0   3   1   2
VM-0-4-tencentos:143:3860 [2] NCCL INFO Trees [0] -1/-1/-1->2->1 [1] -1/-1/-1->2->1 [2] -1/-1/-1->2->1 [3] -1/-1/-1->2->1 [4] -1/-1/-1->2->1 [5] -1/-1/-1->2->1 [6] -1/-1/-1->2->1 [7] -1/-1/-1->2->1 [8] -1/-1/-1->2->1 [9] -1/-1/-1->2->1 [10] -1/-1/-1->2->1 [11] -1/-1/-1->2->1 [12] -1/-1/-1->2->1 [13] -1/-1/-1->2->1 [14] -1/-1/-1->2->1 [15] -1/-1/-1->2->1 [16] -1/-1/-1->2->1 [17] -1/-1/-1->2->1 [18] -1/-1/-1->2->1 [19] -1/-1/-1->2->1 [20] -1/-1/-1->2->1 [21] -1/-1/-1->2->1 [22] -1/-1/-1->2->1 [23] -1/-1/-1->2->1 [24] -1/-1/-1->2->1 [25] -1/-1/-1->2->1 [26] -1/-1/-1->2->1 [27] -1/-1/-1->2->1 [28] -1/-1/-1->2->1 [29] -1/-1/-1->2->1 [30] -1/-1/-1->2->1 [31] -1/-1/-1->2->1 comm 0x55f1f27a9e60 nRanks 04 busId 14000
VM-0-4-tencentos:143:3860 [2] NCCL INFO P2P Chunksize set to 262144
VM-0-4-tencentos:141:3863 [0] NCCL INFO Channel 01/32 :    0   3   1   2
VM-0-4-tencentos:141:3863 [0] NCCL INFO Channel 02/32 :    0   3   1   2
VM-0-4-tencentos:142:3862 [1] NCCL INFO Trees [0] 2/-1/-1->1->3 [1] 2/-1/-1->1->3 [2] 2/-1/-1->1->3 [3] 2/-1/-1->1->3 [4] 2/-1/-1->1->3 [5] 2/-1/-1->1->3 [6] 2/-1/-1->1->3 [7] 2/-1/-1->1->3 [8] 2/-1/-1->1->3 [9] 2/-1/-1->1->3 [10] 2/-1/-1->1->3 [11] 2/-1/-1->1->3 [12] 2/-1/-1->1->3 [13] 2/-1/-1->1->3 [14] 2/-1/-1->1->3 [15] 2/-1/-1->1->3 [16] 2/-1/-1->1->3 [17] 2/-1/-1->1->3 [18] 2/-1/-1->1->3 [19] 2/-1/-1->1->3 [20] 2/-1/-1->1->3 [21] 2/-1/-1->1->3 [22] 2/-1/-1->1->3 [23] 2/-1/-1->1->3 [24] 2/-1/-1->1->3 [25] 2/-1/-1->1->3 [26] 2/-1/-1->1->3 [27] 2/-1/-1->1->3 [28] 2/-1/-1->1->3 [29] 2/-1/-1->1->3 [30] 2/-1/-1->1->3 [31] 2/-1/-1->1->3 comm 0x557a48bd50f0 nRanks 04 busId 2b000
VM-0-4-tencentos:141:3863 [0] NCCL INFO Channel 03/32 :    0   3   1   2
VM-0-4-tencentos:142:3862 [1] NCCL INFO P2P Chunksize set to 262144
VM-0-4-tencentos:144:3861 [3] NCCL INFO Trees [0] 1/-1/-1->3->0 [1] 1/-1/-1->3->0 [2] 1/-1/-1->3->0 [3] 1/-1/-1->3->0 [4] 1/-1/-1->3->0 [5] 1/-1/-1->3->0 [6] 1/-1/-1->3->0 [7] 1/-1/-1->3->0 [8] 1/-1/-1->3->0 [9] 1/-1/-1->3->0 [10] 1/-1/-1->3->0 [11] 1/-1/-1->3->0 [12] 1/-1/-1->3->0 [13] 1/-1/-1->3->0 [14] 1/-1/-1->3->0 [15] 1/-1/-1->3->0 [16] 1/-1/-1->3->0 [17] 1/-1/-1->3->0 [18] 1/-1/-1->3->0 [19] 1/-1/-1->3->0 [20] 1/-1/-1->3->0 [21] 1/-1/-1->3->0 [22] 1/-1/-1->3->0 [23] 1/-1/-1->3->0 [24] 1/-1/-1->3->0 [25] 1/-1/-1->3->0 [26] 1/-1/-1->3->0 [27] 1/-1/-1->3->0 [28] 1/-1/-1->3->0 [29] 1/-1/-1->3->0 [30] 1/-1/-1->3->0 [31] 1/-1/-1->3->0 comm 0x55f71528c1c0 nRanks 04 busId 1c000
VM-0-4-tencentos:141:3863 [0] NCCL INFO Channel 04/32 :    0   3   1   2
VM-0-4-tencentos:141:3863 [0] NCCL INFO Channel 05/32 :    0   3   1   2
VM-0-4-tencentos:144:3861 [3] NCCL INFO P2P Chunksize set to 262144
VM-0-4-tencentos:141:3863 [0] NCCL INFO Channel 06/32 :    0   3   1   2
VM-0-4-tencentos:141:3863 [0] NCCL INFO Channel 07/32 :    0   3   1   2
VM-0-4-tencentos:141:3863 [0] NCCL INFO Channel 08/32 :    0   3   1   2
VM-0-4-tencentos:141:3863 [0] NCCL INFO Channel 09/32 :    0   3   1   2
VM-0-4-tencentos:141:3863 [0] NCCL INFO Channel 10/32 :    0   3   1   2
VM-0-4-tencentos:141:3863 [0] NCCL INFO Channel 11/32 :    0   3   1   2
VM-0-4-tencentos:141:3863 [0] NCCL INFO Channel 12/32 :    0   3   1   2
VM-0-4-tencentos:141:3863 [0] NCCL INFO Channel 13/32 :    0   3   1   2
VM-0-4-tencentos:141:3863 [0] NCCL INFO Channel 14/32 :    0   3   1   2
VM-0-4-tencentos:141:3863 [0] NCCL INFO Channel 15/32 :    0   3   1   2
VM-0-4-tencentos:141:3863 [0] NCCL INFO Channel 16/32 :    0   3   1   2
VM-0-4-tencentos:141:3863 [0] NCCL INFO Channel 17/32 :    0   3   1   2
VM-0-4-tencentos:141:3863 [0] NCCL INFO Channel 18/32 :    0   3   1   2
VM-0-4-tencentos:141:3863 [0] NCCL INFO Channel 19/32 :    0   3   1   2
VM-0-4-tencentos:141:3863 [0] NCCL INFO Channel 20/32 :    0   3   1   2
VM-0-4-tencentos:141:3863 [0] NCCL INFO Channel 21/32 :    0   3   1   2
VM-0-4-tencentos:141:3863 [0] NCCL INFO Channel 22/32 :    0   3   1   2
VM-0-4-tencentos:141:3863 [0] NCCL INFO Channel 23/32 :    0   3   1   2
VM-0-4-tencentos:141:3863 [0] NCCL INFO Channel 24/32 :    0   3   1   2
VM-0-4-tencentos:141:3863 [0] NCCL INFO Channel 25/32 :    0   3   1   2
VM-0-4-tencentos:141:3863 [0] NCCL INFO Channel 26/32 :    0   3   1   2
VM-0-4-tencentos:141:3863 [0] NCCL INFO Channel 27/32 :    0   3   1   2
VM-0-4-tencentos:141:3863 [0] NCCL INFO Channel 28/32 :    0   3   1   2
VM-0-4-tencentos:141:3863 [0] NCCL INFO Channel 29/32 :    0   3   1   2
VM-0-4-tencentos:141:3863 [0] NCCL INFO Channel 30/32 :    0   3   1   2
VM-0-4-tencentos:141:3863 [0] NCCL INFO Channel 31/32 :    0   3   1   2
VM-0-4-tencentos:141:3863 [0] NCCL INFO Trees [0] 3/-1/-1->0->-1 [1] 3/-1/-1->0->-1 [2] 3/-1/-1->0->-1 [3] 3/-1/-1->0->-1 [4] 3/-1/-1->0->-1 [5] 3/-1/-1->0->-1 [6] 3/-1/-1->0->-1 [7] 3/-1/-1->0->-1 [8] 3/-1/-1->0->-1 [9] 3/-1/-1->0->-1 [10] 3/-1/-1->0->-1 [11] 3/-1/-1->0->-1 [12] 3/-1/-1->0->-1 [13] 3/-1/-1->0->-1 [14] 3/-1/-1->0->-1 [15] 3/-1/-1->0->-1 [16] 3/-1/-1->0->-1 [17] 3/-1/-1->0->-1 [18] 3/-1/-1->0->-1 [19] 3/-1/-1->0->-1 [20] 3/-1/-1->0->-1 [21] 3/-1/-1->0->-1 [22] 3/-1/-1->0->-1 [23] 3/-1/-1->0->-1 [24] 3/-1/-1->0->-1 [25] 3/-1/-1->0->-1 [26] 3/-1/-1->0->-1 [27] 3/-1/-1->0->-1 [28] 3/-1/-1->0->-1 [29] 3/-1/-1->0->-1 [30] 3/-1/-1->0->-1 [31] 3/-1/-1->0->-1 comm 0x561873f10a20 nRanks 04 busId 5000
VM-0-4-tencentos:141:3863 [0] NCCL INFO P2P Chunksize set to 262144
VM-0-4-tencentos:142:3862 [1] NCCL INFO Channel 00/0 : 1[2b000] -> 2[14000] via P2P/IPC comm 0x557a48bd50f0 nRanks 04
VM-0-4-tencentos:144:3861 [3] NCCL INFO Channel 00/0 : 3[1c000] -> 1[2b000] via P2P/IPC comm 0x55f71528c1c0 nRanks 04
VM-0-4-tencentos:142:3862 [1] NCCL INFO Channel 01/0 : 1[2b000] -> 2[14000] via P2P/IPC comm 0x557a48bd50f0 nRanks 04
VM-0-4-tencentos:142:3862 [1] NCCL INFO Channel 02/0 : 1[2b000] -> 2[14000] via P2P/IPC comm 0x557a48bd50f0 nRanks 04
VM-0-4-tencentos:144:3861 [3] NCCL INFO Channel 01/0 : 3[1c000] -> 1[2b000] via P2P/IPC comm 0x55f71528c1c0 nRanks 04
VM-0-4-tencentos:142:3862 [1] NCCL INFO Channel 03/0 : 1[2b000] -> 2[14000] via P2P/IPC comm 0x557a48bd50f0 nRanks 04
VM-0-4-tencentos:144:3861 [3] NCCL INFO Channel 02/0 : 3[1c000] -> 1[2b000] via P2P/IPC comm 0x55f71528c1c0 nRanks 04
VM-0-4-tencentos:142:3862 [1] NCCL INFO Channel 04/0 : 1[2b000] -> 2[14000] via P2P/IPC comm 0x557a48bd50f0 nRanks 04
VM-0-4-tencentos:144:3861 [3] NCCL INFO Channel 03/0 : 3[1c000] -> 1[2b000] via P2P/IPC comm 0x55f71528c1c0 nRanks 04
VM-0-4-tencentos:142:3862 [1] NCCL INFO Channel 05/0 : 1[2b000] -> 2[14000] via P2P/IPC comm 0x557a48bd50f0 nRanks 04
VM-0-4-tencentos:144:3861 [3] NCCL INFO Channel 04/0 : 3[1c000] -> 1[2b000] via P2P/IPC comm 0x55f71528c1c0 nRanks 04
VM-0-4-tencentos:142:3862 [1] NCCL INFO Channel 06/0 : 1[2b000] -> 2[14000] via P2P/IPC comm 0x557a48bd50f0 nRanks 04
VM-0-4-tencentos:144:3861 [3] NCCL INFO Channel 05/0 : 3[1c000] -> 1[2b000] via P2P/IPC comm 0x55f71528c1c0 nRanks 04
VM-0-4-tencentos:142:3862 [1] NCCL INFO Channel 07/0 : 1[2b000] -> 2[14000] via P2P/IPC comm 0x557a48bd50f0 nRanks 04
VM-0-4-tencentos:144:3861 [3] NCCL INFO Channel 06/0 : 3[1c000] -> 1[2b000] via P2P/IPC comm 0x55f71528c1c0 nRanks 04
VM-0-4-tencentos:142:3862 [1] NCCL INFO Channel 08/0 : 1[2b000] -> 2[14000] via P2P/IPC comm 0x557a48bd50f0 nRanks 04
VM-0-4-tencentos:144:3861 [3] NCCL INFO Channel 07/0 : 3[1c000] -> 1[2b000] via P2P/IPC comm 0x55f71528c1c0 nRanks 04
VM-0-4-tencentos:142:3862 [1] NCCL INFO Channel 09/0 : 1[2b000] -> 2[14000] via P2P/IPC comm 0x557a48bd50f0 nRanks 04
VM-0-4-tencentos:144:3861 [3] NCCL INFO Channel 08/0 : 3[1c000] -> 1[2b000] via P2P/IPC comm 0x55f71528c1c0 nRanks 04
VM-0-4-tencentos:142:3862 [1] NCCL INFO Channel 10/0 : 1[2b000] -> 2[14000] via P2P/IPC comm 0x557a48bd50f0 nRanks 04
VM-0-4-tencentos:144:3861 [3] NCCL INFO Channel 09/0 : 3[1c000] -> 1[2b000] via P2P/IPC comm 0x55f71528c1c0 nRanks 04
VM-0-4-tencentos:142:3862 [1] NCCL INFO Channel 11/0 : 1[2b000] -> 2[14000] via P2P/IPC comm 0x557a48bd50f0 nRanks 04
VM-0-4-tencentos:144:3861 [3] NCCL INFO Channel 10/0 : 3[1c000] -> 1[2b000] via P2P/IPC comm 0x55f71528c1c0 nRanks 04
VM-0-4-tencentos:142:3862 [1] NCCL INFO Channel 12/0 : 1[2b000] -> 2[14000] via P2P/IPC comm 0x557a48bd50f0 nRanks 04
VM-0-4-tencentos:144:3861 [3] NCCL INFO Channel 11/0 : 3[1c000] -> 1[2b000] via P2P/IPC comm 0x55f71528c1c0 nRanks 04
VM-0-4-tencentos:142:3862 [1] NCCL INFO Channel 13/0 : 1[2b000] -> 2[14000] via P2P/IPC comm 0x557a48bd50f0 nRanks 04
VM-0-4-tencentos:144:3861 [3] NCCL INFO Channel 12/0 : 3[1c000] -> 1[2b000] via P2P/IPC comm 0x55f71528c1c0 nRanks 04
VM-0-4-tencentos:142:3862 [1] NCCL INFO Channel 14/0 : 1[2b000] -> 2[14000] via P2P/IPC comm 0x557a48bd50f0 nRanks 04
VM-0-4-tencentos:144:3861 [3] NCCL INFO Channel 13/0 : 3[1c000] -> 1[2b000] via P2P/IPC comm 0x55f71528c1c0 nRanks 04
VM-0-4-tencentos:142:3862 [1] NCCL INFO Channel 15/0 : 1[2b000] -> 2[14000] via P2P/IPC comm 0x557a48bd50f0 nRanks 04
VM-0-4-tencentos:144:3861 [3] NCCL INFO Channel 14/0 : 3[1c000] -> 1[2b000] via P2P/IPC comm 0x55f71528c1c0 nRanks 04
VM-0-4-tencentos:142:3862 [1] NCCL INFO Channel 16/0 : 1[2b000] -> 2[14000] via P2P/IPC comm 0x557a48bd50f0 nRanks 04
VM-0-4-tencentos:144:3861 [3] NCCL INFO Channel 15/0 : 3[1c000] -> 1[2b000] via P2P/IPC comm 0x55f71528c1c0 nRanks 04
VM-0-4-tencentos:142:3862 [1] NCCL INFO Channel 17/0 : 1[2b000] -> 2[14000] via P2P/IPC comm 0x557a48bd50f0 nRanks 04
VM-0-4-tencentos:144:3861 [3] NCCL INFO Channel 16/0 : 3[1c000] -> 1[2b000] via P2P/IPC comm 0x55f71528c1c0 nRanks 04
VM-0-4-tencentos:142:3862 [1] NCCL INFO Channel 18/0 : 1[2b000] -> 2[14000] via P2P/IPC comm 0x557a48bd50f0 nRanks 04
VM-0-4-tencentos:144:3861 [3] NCCL INFO Channel 17/0 : 3[1c000] -> 1[2b000] via P2P/IPC comm 0x55f71528c1c0 nRanks 04
VM-0-4-tencentos:142:3862 [1] NCCL INFO Channel 19/0 : 1[2b000] -> 2[14000] via P2P/IPC comm 0x557a48bd50f0 nRanks 04
VM-0-4-tencentos:144:3861 [3] NCCL INFO Channel 18/0 : 3[1c000] -> 1[2b000] via P2P/IPC comm 0x55f71528c1c0 nRanks 04
VM-0-4-tencentos:142:3862 [1] NCCL INFO Channel 20/0 : 1[2b000] -> 2[14000] via P2P/IPC comm 0x557a48bd50f0 nRanks 04
VM-0-4-tencentos:144:3861 [3] NCCL INFO Channel 19/0 : 3[1c000] -> 1[2b000] via P2P/IPC comm 0x55f71528c1c0 nRanks 04
VM-0-4-tencentos:142:3862 [1] NCCL INFO Channel 21/0 : 1[2b000] -> 2[14000] via P2P/IPC comm 0x557a48bd50f0 nRanks 04
VM-0-4-tencentos:144:3861 [3] NCCL INFO Channel 20/0 : 3[1c000] -> 1[2b000] via P2P/IPC comm 0x55f71528c1c0 nRanks 04
VM-0-4-tencentos:142:3862 [1] NCCL INFO Channel 22/0 : 1[2b000] -> 2[14000] via P2P/IPC comm 0x557a48bd50f0 nRanks 04
VM-0-4-tencentos:144:3861 [3] NCCL INFO Channel 21/0 : 3[1c000] -> 1[2b000] via P2P/IPC comm 0x55f71528c1c0 nRanks 04
VM-0-4-tencentos:142:3862 [1] NCCL INFO Channel 23/0 : 1[2b000] -> 2[14000] via P2P/IPC comm 0x557a48bd50f0 nRanks 04
VM-0-4-tencentos:144:3861 [3] NCCL INFO Channel 22/0 : 3[1c000] -> 1[2b000] via P2P/IPC comm 0x55f71528c1c0 nRanks 04
VM-0-4-tencentos:142:3862 [1] NCCL INFO Channel 24/0 : 1[2b000] -> 2[14000] via P2P/IPC comm 0x557a48bd50f0 nRanks 04
VM-0-4-tencentos:144:3861 [3] NCCL INFO Channel 23/0 : 3[1c000] -> 1[2b000] via P2P/IPC comm 0x55f71528c1c0 nRanks 04
VM-0-4-tencentos:142:3862 [1] NCCL INFO Channel 25/0 : 1[2b000] -> 2[14000] via P2P/IPC comm 0x557a48bd50f0 nRanks 04
VM-0-4-tencentos:144:3861 [3] NCCL INFO Channel 24/0 : 3[1c000] -> 1[2b000] via P2P/IPC comm 0x55f71528c1c0 nRanks 04
VM-0-4-tencentos:142:3862 [1] NCCL INFO Channel 26/0 : 1[2b000] -> 2[14000] via P2P/IPC comm 0x557a48bd50f0 nRanks 04
VM-0-4-tencentos:144:3861 [3] NCCL INFO Channel 25/0 : 3[1c000] -> 1[2b000] via P2P/IPC comm 0x55f71528c1c0 nRanks 04
VM-0-4-tencentos:142:3862 [1] NCCL INFO Channel 27/0 : 1[2b000] -> 2[14000] via P2P/IPC comm 0x557a48bd50f0 nRanks 04
VM-0-4-tencentos:142:3862 [1] NCCL INFO Channel 28/0 : 1[2b000] -> 2[14000] via P2P/IPC comm 0x557a48bd50f0 nRanks 04
VM-0-4-tencentos:144:3861 [3] NCCL INFO Channel 26/0 : 3[1c000] -> 1[2b000] via P2P/IPC comm 0x55f71528c1c0 nRanks 04
VM-0-4-tencentos:142:3862 [1] NCCL INFO Channel 29/0 : 1[2b000] -> 2[14000] via P2P/IPC comm 0x557a48bd50f0 nRanks 04
VM-0-4-tencentos:144:3861 [3] NCCL INFO Channel 27/0 : 3[1c000] -> 1[2b000] via P2P/IPC comm 0x55f71528c1c0 nRanks 04
VM-0-4-tencentos:142:3862 [1] NCCL INFO Channel 30/0 : 1[2b000] -> 2[14000] via P2P/IPC comm 0x557a48bd50f0 nRanks 04
VM-0-4-tencentos:144:3861 [3] NCCL INFO Channel 28/0 : 3[1c000] -> 1[2b000] via P2P/IPC comm 0x55f71528c1c0 nRanks 04
VM-0-4-tencentos:142:3862 [1] NCCL INFO Channel 31/0 : 1[2b000] -> 2[14000] via P2P/IPC comm 0x557a48bd50f0 nRanks 04
VM-0-4-tencentos:144:3861 [3] NCCL INFO Channel 29/0 : 3[1c000] -> 1[2b000] via P2P/IPC comm 0x55f71528c1c0 nRanks 04
VM-0-4-tencentos:143:3860 [2] NCCL INFO Channel 00/0 : 2[14000] -> 0[5000] via P2P/IPC comm 0x55f1f27a9e60 nRanks 04
VM-0-4-tencentos:144:3861 [3] NCCL INFO Channel 30/0 : 3[1c000] -> 1[2b000] via P2P/IPC comm 0x55f71528c1c0 nRanks 04
VM-0-4-tencentos:143:3860 [2] NCCL INFO Channel 01/0 : 2[14000] -> 0[5000] via P2P/IPC comm 0x55f1f27a9e60 nRanks 04
VM-0-4-tencentos:144:3861 [3] NCCL INFO Channel 31/0 : 3[1c000] -> 1[2b000] via P2P/IPC comm 0x55f71528c1c0 nRanks 04
VM-0-4-tencentos:143:3860 [2] NCCL INFO Channel 02/0 : 2[14000] -> 0[5000] via P2P/IPC comm 0x55f1f27a9e60 nRanks 04
VM-0-4-tencentos:143:3860 [2] NCCL INFO Channel 03/0 : 2[14000] -> 0[5000] via P2P/IPC comm 0x55f1f27a9e60 nRanks 04
VM-0-4-tencentos:143:3860 [2] NCCL INFO Channel 04/0 : 2[14000] -> 0[5000] via P2P/IPC comm 0x55f1f27a9e60 nRanks 04
VM-0-4-tencentos:143:3860 [2] NCCL INFO Channel 05/0 : 2[14000] -> 0[5000] via P2P/IPC comm 0x55f1f27a9e60 nRanks 04
VM-0-4-tencentos:143:3860 [2] NCCL INFO Channel 06/0 : 2[14000] -> 0[5000] via P2P/IPC comm 0x55f1f27a9e60 nRanks 04
VM-0-4-tencentos:143:3860 [2] NCCL INFO Channel 07/0 : 2[14000] -> 0[5000] via P2P/IPC comm 0x55f1f27a9e60 nRanks 04
VM-0-4-tencentos:143:3860 [2] NCCL INFO Channel 08/0 : 2[14000] -> 0[5000] via P2P/IPC comm 0x55f1f27a9e60 nRanks 04
VM-0-4-tencentos:143:3860 [2] NCCL INFO Channel 09/0 : 2[14000] -> 0[5000] via P2P/IPC comm 0x55f1f27a9e60 nRanks 04
VM-0-4-tencentos:143:3860 [2] NCCL INFO Channel 10/0 : 2[14000] -> 0[5000] via P2P/IPC comm 0x55f1f27a9e60 nRanks 04
VM-0-4-tencentos:143:3860 [2] NCCL INFO Channel 11/0 : 2[14000] -> 0[5000] via P2P/IPC comm 0x55f1f27a9e60 nRanks 04
VM-0-4-tencentos:143:3860 [2] NCCL INFO Channel 12/0 : 2[14000] -> 0[5000] via P2P/IPC comm 0x55f1f27a9e60 nRanks 04
VM-0-4-tencentos:143:3860 [2] NCCL INFO Channel 13/0 : 2[14000] -> 0[5000] via P2P/IPC comm 0x55f1f27a9e60 nRanks 04
VM-0-4-tencentos:143:3860 [2] NCCL INFO Channel 14/0 : 2[14000] -> 0[5000] via P2P/IPC comm 0x55f1f27a9e60 nRanks 04
VM-0-4-tencentos:143:3860 [2] NCCL INFO Channel 15/0 : 2[14000] -> 0[5000] via P2P/IPC comm 0x55f1f27a9e60 nRanks 04
VM-0-4-tencentos:143:3860 [2] NCCL INFO Channel 16/0 : 2[14000] -> 0[5000] via P2P/IPC comm 0x55f1f27a9e60 nRanks 04
VM-0-4-tencentos:143:3860 [2] NCCL INFO Channel 17/0 : 2[14000] -> 0[5000] via P2P/IPC comm 0x55f1f27a9e60 nRanks 04
VM-0-4-tencentos:143:3860 [2] NCCL INFO Channel 18/0 : 2[14000] -> 0[5000] via P2P/IPC comm 0x55f1f27a9e60 nRanks 04
VM-0-4-tencentos:143:3860 [2] NCCL INFO Channel 19/0 : 2[14000] -> 0[5000] via P2P/IPC comm 0x55f1f27a9e60 nRanks 04
VM-0-4-tencentos:143:3860 [2] NCCL INFO Channel 20/0 : 2[14000] -> 0[5000] via P2P/IPC comm 0x55f1f27a9e60 nRanks 04
VM-0-4-tencentos:143:3860 [2] NCCL INFO Channel 21/0 : 2[14000] -> 0[5000] via P2P/IPC comm 0x55f1f27a9e60 nRanks 04
VM-0-4-tencentos:143:3860 [2] NCCL INFO Channel 22/0 : 2[14000] -> 0[5000] via P2P/IPC comm 0x55f1f27a9e60 nRanks 04
VM-0-4-tencentos:143:3860 [2] NCCL INFO Channel 23/0 : 2[14000] -> 0[5000] via P2P/IPC comm 0x55f1f27a9e60 nRanks 04
VM-0-4-tencentos:143:3860 [2] NCCL INFO Channel 24/0 : 2[14000] -> 0[5000] via P2P/IPC comm 0x55f1f27a9e60 nRanks 04
VM-0-4-tencentos:143:3860 [2] NCCL INFO Channel 25/0 : 2[14000] -> 0[5000] via P2P/IPC comm 0x55f1f27a9e60 nRanks 04
VM-0-4-tencentos:143:3860 [2] NCCL INFO Channel 26/0 : 2[14000] -> 0[5000] via P2P/IPC comm 0x55f1f27a9e60 nRanks 04
VM-0-4-tencentos:143:3860 [2] NCCL INFO Channel 27/0 : 2[14000] -> 0[5000] via P2P/IPC comm 0x55f1f27a9e60 nRanks 04
VM-0-4-tencentos:143:3860 [2] NCCL INFO Channel 28/0 : 2[14000] -> 0[5000] via P2P/IPC comm 0x55f1f27a9e60 nRanks 04
VM-0-4-tencentos:143:3860 [2] NCCL INFO Channel 29/0 : 2[14000] -> 0[5000] via P2P/IPC comm 0x55f1f27a9e60 nRanks 04
VM-0-4-tencentos:143:3860 [2] NCCL INFO Channel 30/0 : 2[14000] -> 0[5000] via P2P/IPC comm 0x55f1f27a9e60 nRanks 04
VM-0-4-tencentos:143:3860 [2] NCCL INFO Channel 31/0 : 2[14000] -> 0[5000] via P2P/IPC comm 0x55f1f27a9e60 nRanks 04
VM-0-4-tencentos:148:3866 [7] NCCL INFO rocm_smi_lib: version 7.6.0.0
VM-0-4-tencentos:147:3867 [6] NCCL INFO rocm_smi_lib: version 7.6.0.0
VM-0-4-tencentos:146:3865 [5] NCCL INFO rocm_smi_lib: version 7.6.0.0
VM-0-4-tencentos:145:3870 [4] NCCL INFO rocm_smi_lib: version 7.6.0.0
VM-0-4-tencentos:147:3867 [6] NCCL INFO Setting affinity for GPU 6 to ffffffff,ffffffff,ffffffff,00000000,00000000,00000000,ffffffff,ffffffff,ffffffff,00000000,00000000,00000000
VM-0-4-tencentos:147:3867 [6] NCCL INFO Rank:2 Get link topo from rocmDev:0 linkNum:8 link:0 linkState:1 remote type:1 bdf:0x4900 topoType:2
VM-0-4-tencentos:147:3867 [6] NCCL INFO Transport init rank 2 useXdp 0 linkTopoType 2
VM-0-4-tencentos:146:3865 [5] NCCL INFO Setting affinity for GPU 5 to ffffffff,ffffffff,ffffffff,00000000,00000000,00000000,ffffffff,ffffffff,ffffffff,00000000,00000000,00000000
VM-0-4-tencentos:146:3865 [5] NCCL INFO Rank:1 Get link topo from rocmDev:0 linkNum:8 link:0 linkState:1 remote type:1 bdf:0x4900 topoType:2
VM-0-4-tencentos:146:3865 [5] NCCL INFO Transport init rank 1 useXdp 0 linkTopoType 2
VM-0-4-tencentos:148:3866 [7] NCCL INFO Setting affinity for GPU 7 to ffffffff,ffffffff,ffffffff,00000000,00000000,00000000,ffffffff,ffffffff,ffffffff,00000000,00000000,00000000
VM-0-4-tencentos:148:3866 [7] NCCL INFO Rank:3 Get link topo from rocmDev:0 linkNum:8 link:0 linkState:1 remote type:1 bdf:0x4900 topoType:2
VM-0-4-tencentos:148:3866 [7] NCCL INFO Transport init rank 3 useXdp 0 linkTopoType 2

VM-0-4-tencentos:147:3867 [6] /data/jenkins_workspace/workspace/rccl_release_bakup-25.04.2/build/hipify/src/graph/search.cc:1187 NCCL WARN Could not find a path for pattern 4, falling back to simple order

VM-0-4-tencentos:147:3867 [6] /data/jenkins_workspace/workspace/rccl_release_bakup-25.04.2/build/hipify/src/graph/search.cc:1187 NCCL WARN Could not find a path for pattern 1, falling back to simple order
VM-0-4-tencentos:145:3870 [4] NCCL INFO Setting affinity for GPU 4 to ffffffff,ffffffff,ffffffff,00000000,00000000,00000000,ffffffff,ffffffff,ffffffff,00000000,00000000,00000000
VM-0-4-tencentos:145:3870 [4] NCCL INFO Rank:0 Get link topo from rocmDev:0 linkNum:8 link:0 linkState:1 remote type:1 bdf:0x4900 topoType:2
VM-0-4-tencentos:145:3870 [4] NCCL INFO Transport init rank 0 useXdp 0 linkTopoType 2

VM-0-4-tencentos:146:3865 [5] /data/jenkins_workspace/workspace/rccl_release_bakup-25.04.2/build/hipify/src/graph/search.cc:1187 NCCL WARN Could not find a path for pattern 4, falling back to simple order

VM-0-4-tencentos:146:3865 [5] /data/jenkins_workspace/workspace/rccl_release_bakup-25.04.2/build/hipify/src/graph/search.cc:1187 NCCL WARN Could not find a path for pattern 1, falling back to simple order

VM-0-4-tencentos:148:3866 [7] /data/jenkins_workspace/workspace/rccl_release_bakup-25.04.2/build/hipify/src/graph/search.cc:1187 NCCL WARN Could not find a path for pattern 4, falling back to simple order

VM-0-4-tencentos:148:3866 [7] /data/jenkins_workspace/workspace/rccl_release_bakup-25.04.2/build/hipify/src/graph/search.cc:1187 NCCL WARN Could not find a path for pattern 1, falling back to simple order

VM-0-4-tencentos:145:3870 [4] /data/jenkins_workspace/workspace/rccl_release_bakup-25.04.2/build/hipify/src/graph/search.cc:1187 NCCL WARN Could not find a path for pattern 4, falling back to simple order

VM-0-4-tencentos:145:3870 [4] /data/jenkins_workspace/workspace/rccl_release_bakup-25.04.2/build/hipify/src/graph/search.cc:1187 NCCL WARN Could not find a path for pattern 1, falling back to simple order
VM-0-4-tencentos:145:3870 [4] NCCL INFO comm 0x55ec85aa5410 rank 0 nRanks 4 nNodes 1 localRanks 4 localRank 0 MNNVL 0
VM-0-4-tencentos:147:3867 [6] NCCL INFO comm 0x56087fa46340 rank 2 nRanks 4 nNodes 1 localRanks 4 localRank 2 MNNVL 0
VM-0-4-tencentos:148:3866 [7] NCCL INFO comm 0x563efe489500 rank 3 nRanks 4 nNodes 1 localRanks 4 localRank 3 MNNVL 0
VM-0-4-tencentos:145:3870 [4] NCCL INFO Channel 00/32 :    0   2   1   3
VM-0-4-tencentos:146:3865 [5] NCCL INFO comm 0x5610dcba6340 rank 1 nRanks 4 nNodes 1 localRanks 4 localRank 1 MNNVL 0
VM-0-4-tencentos:145:3870 [4] NCCL INFO Channel 01/32 :    0   2   1   3
VM-0-4-tencentos:145:3870 [4] NCCL INFO Channel 02/32 :    0   2   1   3
VM-0-4-tencentos:145:3870 [4] NCCL INFO Channel 03/32 :    0   2   1   3
VM-0-4-tencentos:145:3870 [4] NCCL INFO Channel 04/32 :    0   2   1   3
VM-0-4-tencentos:145:3870 [4] NCCL INFO Channel 05/32 :    0   2   1   3
VM-0-4-tencentos:145:3870 [4] NCCL INFO Channel 06/32 :    0   2   1   3
VM-0-4-tencentos:145:3870 [4] NCCL INFO Channel 07/32 :    0   2   1   3
VM-0-4-tencentos:145:3870 [4] NCCL INFO Channel 08/32 :    0   2   1   3
VM-0-4-tencentos:145:3870 [4] NCCL INFO Channel 09/32 :    0   2   1   3
VM-0-4-tencentos:145:3870 [4] NCCL INFO Channel 10/32 :    0   2   1   3
VM-0-4-tencentos:145:3870 [4] NCCL INFO Channel 11/32 :    0   2   1   3
VM-0-4-tencentos:145:3870 [4] NCCL INFO Channel 12/32 :    0   2   1   3
VM-0-4-tencentos:145:3870 [4] NCCL INFO Channel 13/32 :    0   2   1   3
VM-0-4-tencentos:145:3870 [4] NCCL INFO Channel 14/32 :    0   2   1   3
VM-0-4-tencentos:145:3870 [4] NCCL INFO Channel 15/32 :    0   2   1   3
VM-0-4-tencentos:145:3870 [4] NCCL INFO Channel 16/32 :    0   2   1   3
VM-0-4-tencentos:145:3870 [4] NCCL INFO Channel 17/32 :    0   2   1   3
VM-0-4-tencentos:145:3870 [4] NCCL INFO Channel 18/32 :    0   2   1   3
VM-0-4-tencentos:145:3870 [4] NCCL INFO Channel 19/32 :    0   2   1   3
VM-0-4-tencentos:145:3870 [4] NCCL INFO Channel 20/32 :    0   2   1   3
VM-0-4-tencentos:147:3867 [6] NCCL INFO Trees [0] 1/-1/-1->2->0 [1] 1/-1/-1->2->0 [2] 1/-1/-1->2->0 [3] 1/-1/-1->2->0 [4] 1/-1/-1->2->0 [5] 1/-1/-1->2->0 [6] 1/-1/-1->2->0 [7] 1/-1/-1->2->0 [8] 1/-1/-1->2->0 [9] 1/-1/-1->2->0 [10] 1/-1/-1->2->0 [11] 1/-1/-1->2->0 [12] 1/-1/-1->2->0 [13] 1/-1/-1->2->0 [14] 1/-1/-1->2->0 [15] 1/-1/-1->2->0 [16] 1/-1/-1->2->0 [17] 1/-1/-1->2->0 [18] 1/-1/-1->2->0 [19] 1/-1/-1->2->0 [20] 1/-1/-1->2->0 [21] 1/-1/-1->2->0 [22] 1/-1/-1->2->0 [23] 1/-1/-1->2->0 [24] 1/-1/-1->2->0 [25] 1/-1/-1->2->0 [26] 1/-1/-1->2->0 [27] 1/-1/-1->2->0 [28] 1/-1/-1->2->0 [29] 1/-1/-1->2->0 [30] 1/-1/-1->2->0 [31] 1/-1/-1->2->0 comm 0x56087fa46340 nRanks 04 busId bf000
VM-0-4-tencentos:145:3870 [4] NCCL INFO Channel 21/32 :    0   2   1   3
VM-0-4-tencentos:145:3870 [4] NCCL INFO Channel 22/32 :    0   2   1   3
VM-0-4-tencentos:147:3867 [6] NCCL INFO P2P Chunksize set to 262144
VM-0-4-tencentos:145:3870 [4] NCCL INFO Channel 23/32 :    0   2   1   3
VM-0-4-tencentos:148:3866 [7] NCCL INFO Trees [0] -1/-1/-1->3->1 [1] -1/-1/-1->3->1 [2] -1/-1/-1->3->1 [3] -1/-1/-1->3->1 [4] -1/-1/-1->3->1 [5] -1/-1/-1->3->1 [6] -1/-1/-1->3->1 [7] -1/-1/-1->3->1 [8] -1/-1/-1->3->1 [9] -1/-1/-1->3->1 [10] -1/-1/-1->3->1 [11] -1/-1/-1->3->1 [12] -1/-1/-1->3->1 [13] -1/-1/-1->3->1 [14] -1/-1/-1->3->1 [15] -1/-1/-1->3->1 [16] -1/-1/-1->3->1 [17] -1/-1/-1->3->1 [18] -1/-1/-1->3->1 [19] -1/-1/-1->3->1 [20] -1/-1/-1->3->1 [21] -1/-1/-1->3->1 [22] -1/-1/-1->3->1 [23] -1/-1/-1->3->1 [24] -1/-1/-1->3->1 [25] -1/-1/-1->3->1 [26] -1/-1/-1->3->1 [27] -1/-1/-1->3->1 [28] -1/-1/-1->3->1 [29] -1/-1/-1->3->1 [30] -1/-1/-1->3->1 [31] -1/-1/-1->3->1 comm 0x563efe489500 nRanks 04 busId 9e000
VM-0-4-tencentos:145:3870 [4] NCCL INFO Channel 24/32 :    0   2   1   3
VM-0-4-tencentos:146:3865 [5] NCCL INFO Trees [0] 3/-1/-1->1->2 [1] 3/-1/-1->1->2 [2] 3/-1/-1->1->2 [3] 3/-1/-1->1->2 [4] 3/-1/-1->1->2 [5] 3/-1/-1->1->2 [6] 3/-1/-1->1->2 [7] 3/-1/-1->1->2 [8] 3/-1/-1->1->2 [9] 3/-1/-1->1->2 [10] 3/-1/-1->1->2 [11] 3/-1/-1->1->2 [12] 3/-1/-1->1->2 [13] 3/-1/-1->1->2 [14] 3/-1/-1->1->2 [15] 3/-1/-1->1->2 [16] 3/-1/-1->1->2 [17] 3/-1/-1->1->2 [18] 3/-1/-1->1->2 [19] 3/-1/-1->1->2 [20] 3/-1/-1->1->2 [21] 3/-1/-1->1->2 [22] 3/-1/-1->1->2 [23] 3/-1/-1->1->2 [24] 3/-1/-1->1->2 [25] 3/-1/-1->1->2 [26] 3/-1/-1->1->2 [27] 3/-1/-1->1->2 [28] 3/-1/-1->1->2 [29] 3/-1/-1->1->2 [30] 3/-1/-1->1->2 [31] 3/-1/-1->1->2 comm 0x5610dcba6340 nRanks 04 busId b8000
VM-0-4-tencentos:145:3870 [4] NCCL INFO Channel 25/32 :    0   2   1   3
VM-0-4-tencentos:148:3866 [7] NCCL INFO P2P Chunksize set to 262144
VM-0-4-tencentos:145:3870 [4] NCCL INFO Channel 26/32 :    0   2   1   3
VM-0-4-tencentos:145:3870 [4] NCCL INFO Channel 27/32 :    0   2   1   3
VM-0-4-tencentos:145:3870 [4] NCCL INFO Channel 28/32 :    0   2   1   3
VM-0-4-tencentos:146:3865 [5] NCCL INFO P2P Chunksize set to 262144
VM-0-4-tencentos:145:3870 [4] NCCL INFO Channel 29/32 :    0   2   1   3
VM-0-4-tencentos:145:3870 [4] NCCL INFO Channel 30/32 :    0   2   1   3
VM-0-4-tencentos:145:3870 [4] NCCL INFO Channel 31/32 :    0   2   1   3
VM-0-4-tencentos:145:3870 [4] NCCL INFO Trees [0] 2/-1/-1->0->-1 [1] 2/-1/-1->0->-1 [2] 2/-1/-1->0->-1 [3] 2/-1/-1->0->-1 [4] 2/-1/-1->0->-1 [5] 2/-1/-1->0->-1 [6] 2/-1/-1->0->-1 [7] 2/-1/-1->0->-1 [8] 2/-1/-1->0->-1 [9] 2/-1/-1->0->-1 [10] 2/-1/-1->0->-1 [11] 2/-1/-1->0->-1 [12] 2/-1/-1->0->-1 [13] 2/-1/-1->0->-1 [14] 2/-1/-1->0->-1 [15] 2/-1/-1->0->-1 [16] 2/-1/-1->0->-1 [17] 2/-1/-1->0->-1 [18] 2/-1/-1->0->-1 [19] 2/-1/-1->0->-1 [20] 2/-1/-1->0->-1 [21] 2/-1/-1->0->-1 [22] 2/-1/-1->0->-1 [23] 2/-1/-1->0->-1 [24] 2/-1/-1->0->-1 [25] 2/-1/-1->0->-1 [26] 2/-1/-1->0->-1 [27] 2/-1/-1->0->-1 [28] 2/-1/-1->0->-1 [29] 2/-1/-1->0->-1 [30] 2/-1/-1->0->-1 [31] 2/-1/-1->0->-1 comm 0x55ec85aa5410 nRanks 04 busId 86000
VM-0-4-tencentos:145:3870 [4] NCCL INFO P2P Chunksize set to 262144
VM-0-4-tencentos:148:3866 [7] NCCL INFO Channel 00/0 : 3[9e000] -> 0[86000] via P2P/IPC comm 0x563efe489500 nRanks 04
VM-0-4-tencentos:146:3865 [5] NCCL INFO Channel 00/0 : 1[b8000] -> 3[9e000] via P2P/IPC comm 0x5610dcba6340 nRanks 04
VM-0-4-tencentos:148:3866 [7] NCCL INFO Channel 01/0 : 3[9e000] -> 0[86000] via P2P/IPC comm 0x563efe489500 nRanks 04
VM-0-4-tencentos:146:3865 [5] NCCL INFO Channel 01/0 : 1[b8000] -> 3[9e000] via P2P/IPC comm 0x5610dcba6340 nRanks 04
VM-0-4-tencentos:148:3866 [7] NCCL INFO Channel 02/0 : 3[9e000] -> 0[86000] via P2P/IPC comm 0x563efe489500 nRanks 04
VM-0-4-tencentos:146:3865 [5] NCCL INFO Channel 02/0 : 1[b8000] -> 3[9e000] via P2P/IPC comm 0x5610dcba6340 nRanks 04
VM-0-4-tencentos:148:3866 [7] NCCL INFO Channel 03/0 : 3[9e000] -> 0[86000] via P2P/IPC comm 0x563efe489500 nRanks 04
VM-0-4-tencentos:146:3865 [5] NCCL INFO Channel 03/0 : 1[b8000] -> 3[9e000] via P2P/IPC comm 0x5610dcba6340 nRanks 04
VM-0-4-tencentos:148:3866 [7] NCCL INFO Channel 04/0 : 3[9e000] -> 0[86000] via P2P/IPC comm 0x563efe489500 nRanks 04
VM-0-4-tencentos:148:3866 [7] NCCL INFO Channel 05/0 : 3[9e000] -> 0[86000] via P2P/IPC comm 0x563efe489500 nRanks 04
VM-0-4-tencentos:146:3865 [5] NCCL INFO Channel 04/0 : 1[b8000] -> 3[9e000] via P2P/IPC comm 0x5610dcba6340 nRanks 04
VM-0-4-tencentos:148:3866 [7] NCCL INFO Channel 06/0 : 3[9e000] -> 0[86000] via P2P/IPC comm 0x563efe489500 nRanks 04
VM-0-4-tencentos:146:3865 [5] NCCL INFO Channel 05/0 : 1[b8000] -> 3[9e000] via P2P/IPC comm 0x5610dcba6340 nRanks 04
VM-0-4-tencentos:148:3866 [7] NCCL INFO Channel 07/0 : 3[9e000] -> 0[86000] via P2P/IPC comm 0x563efe489500 nRanks 04
VM-0-4-tencentos:146:3865 [5] NCCL INFO Channel 06/0 : 1[b8000] -> 3[9e000] via P2P/IPC comm 0x5610dcba6340 nRanks 04
VM-0-4-tencentos:148:3866 [7] NCCL INFO Channel 08/0 : 3[9e000] -> 0[86000] via P2P/IPC comm 0x563efe489500 nRanks 04
VM-0-4-tencentos:146:3865 [5] NCCL INFO Channel 07/0 : 1[b8000] -> 3[9e000] via P2P/IPC comm 0x5610dcba6340 nRanks 04
VM-0-4-tencentos:148:3866 [7] NCCL INFO Channel 09/0 : 3[9e000] -> 0[86000] via P2P/IPC comm 0x563efe489500 nRanks 04
VM-0-4-tencentos:146:3865 [5] NCCL INFO Channel 08/0 : 1[b8000] -> 3[9e000] via P2P/IPC comm 0x5610dcba6340 nRanks 04
VM-0-4-tencentos:148:3866 [7] NCCL INFO Channel 10/0 : 3[9e000] -> 0[86000] via P2P/IPC comm 0x563efe489500 nRanks 04
VM-0-4-tencentos:146:3865 [5] NCCL INFO Channel 09/0 : 1[b8000] -> 3[9e000] via P2P/IPC comm 0x5610dcba6340 nRanks 04
VM-0-4-tencentos:148:3866 [7] NCCL INFO Channel 11/0 : 3[9e000] -> 0[86000] via P2P/IPC comm 0x563efe489500 nRanks 04
VM-0-4-tencentos:146:3865 [5] NCCL INFO Channel 10/0 : 1[b8000] -> 3[9e000] via P2P/IPC comm 0x5610dcba6340 nRanks 04
VM-0-4-tencentos:148:3866 [7] NCCL INFO Channel 12/0 : 3[9e000] -> 0[86000] via P2P/IPC comm 0x563efe489500 nRanks 04
VM-0-4-tencentos:146:3865 [5] NCCL INFO Channel 11/0 : 1[b8000] -> 3[9e000] via P2P/IPC comm 0x5610dcba6340 nRanks 04
VM-0-4-tencentos:148:3866 [7] NCCL INFO Channel 13/0 : 3[9e000] -> 0[86000] via P2P/IPC comm 0x563efe489500 nRanks 04
VM-0-4-tencentos:146:3865 [5] NCCL INFO Channel 12/0 : 1[b8000] -> 3[9e000] via P2P/IPC comm 0x5610dcba6340 nRanks 04
VM-0-4-tencentos:148:3866 [7] NCCL INFO Channel 14/0 : 3[9e000] -> 0[86000] via P2P/IPC comm 0x563efe489500 nRanks 04
VM-0-4-tencentos:146:3865 [5] NCCL INFO Channel 13/0 : 1[b8000] -> 3[9e000] via P2P/IPC comm 0x5610dcba6340 nRanks 04
VM-0-4-tencentos:148:3866 [7] NCCL INFO Channel 15/0 : 3[9e000] -> 0[86000] via P2P/IPC comm 0x563efe489500 nRanks 04
VM-0-4-tencentos:146:3865 [5] NCCL INFO Channel 14/0 : 1[b8000] -> 3[9e000] via P2P/IPC comm 0x5610dcba6340 nRanks 04
VM-0-4-tencentos:148:3866 [7] NCCL INFO Channel 16/0 : 3[9e000] -> 0[86000] via P2P/IPC comm 0x563efe489500 nRanks 04
VM-0-4-tencentos:146:3865 [5] NCCL INFO Channel 15/0 : 1[b8000] -> 3[9e000] via P2P/IPC comm 0x5610dcba6340 nRanks 04
VM-0-4-tencentos:148:3866 [7] NCCL INFO Channel 17/0 : 3[9e000] -> 0[86000] via P2P/IPC comm 0x563efe489500 nRanks 04
VM-0-4-tencentos:146:3865 [5] NCCL INFO Channel 16/0 : 1[b8000] -> 3[9e000] via P2P/IPC comm 0x5610dcba6340 nRanks 04
VM-0-4-tencentos:148:3866 [7] NCCL INFO Channel 18/0 : 3[9e000] -> 0[86000] via P2P/IPC comm 0x563efe489500 nRanks 04
VM-0-4-tencentos:146:3865 [5] NCCL INFO Channel 17/0 : 1[b8000] -> 3[9e000] via P2P/IPC comm 0x5610dcba6340 nRanks 04
VM-0-4-tencentos:148:3866 [7] NCCL INFO Channel 19/0 : 3[9e000] -> 0[86000] via P2P/IPC comm 0x563efe489500 nRanks 04
VM-0-4-tencentos:146:3865 [5] NCCL INFO Channel 18/0 : 1[b8000] -> 3[9e000] via P2P/IPC comm 0x5610dcba6340 nRanks 04
VM-0-4-tencentos:148:3866 [7] NCCL INFO Channel 20/0 : 3[9e000] -> 0[86000] via P2P/IPC comm 0x563efe489500 nRanks 04
VM-0-4-tencentos:146:3865 [5] NCCL INFO Channel 19/0 : 1[b8000] -> 3[9e000] via P2P/IPC comm 0x5610dcba6340 nRanks 04
VM-0-4-tencentos:148:3866 [7] NCCL INFO Channel 21/0 : 3[9e000] -> 0[86000] via P2P/IPC comm 0x563efe489500 nRanks 04
VM-0-4-tencentos:146:3865 [5] NCCL INFO Channel 20/0 : 1[b8000] -> 3[9e000] via P2P/IPC comm 0x5610dcba6340 nRanks 04
VM-0-4-tencentos:148:3866 [7] NCCL INFO Channel 22/0 : 3[9e000] -> 0[86000] via P2P/IPC comm 0x563efe489500 nRanks 04
VM-0-4-tencentos:146:3865 [5] NCCL INFO Channel 21/0 : 1[b8000] -> 3[9e000] via P2P/IPC comm 0x5610dcba6340 nRanks 04
VM-0-4-tencentos:148:3866 [7] NCCL INFO Channel 23/0 : 3[9e000] -> 0[86000] via P2P/IPC comm 0x563efe489500 nRanks 04
VM-0-4-tencentos:146:3865 [5] NCCL INFO Channel 22/0 : 1[b8000] -> 3[9e000] via P2P/IPC comm 0x5610dcba6340 nRanks 04
VM-0-4-tencentos:148:3866 [7] NCCL INFO Channel 24/0 : 3[9e000] -> 0[86000] via P2P/IPC comm 0x563efe489500 nRanks 04
VM-0-4-tencentos:146:3865 [5] NCCL INFO Channel 23/0 : 1[b8000] -> 3[9e000] via P2P/IPC comm 0x5610dcba6340 nRanks 04
VM-0-4-tencentos:148:3866 [7] NCCL INFO Channel 25/0 : 3[9e000] -> 0[86000] via P2P/IPC comm 0x563efe489500 nRanks 04
VM-0-4-tencentos:146:3865 [5] NCCL INFO Channel 24/0 : 1[b8000] -> 3[9e000] via P2P/IPC comm 0x5610dcba6340 nRanks 04
VM-0-4-tencentos:148:3866 [7] NCCL INFO Channel 26/0 : 3[9e000] -> 0[86000] via P2P/IPC comm 0x563efe489500 nRanks 04
VM-0-4-tencentos:146:3865 [5] NCCL INFO Channel 25/0 : 1[b8000] -> 3[9e000] via P2P/IPC comm 0x5610dcba6340 nRanks 04
VM-0-4-tencentos:148:3866 [7] NCCL INFO Channel 27/0 : 3[9e000] -> 0[86000] via P2P/IPC comm 0x563efe489500 nRanks 04
VM-0-4-tencentos:146:3865 [5] NCCL INFO Channel 26/0 : 1[b8000] -> 3[9e000] via P2P/IPC comm 0x5610dcba6340 nRanks 04
VM-0-4-tencentos:148:3866 [7] NCCL INFO Channel 28/0 : 3[9e000] -> 0[86000] via P2P/IPC comm 0x563efe489500 nRanks 04
VM-0-4-tencentos:146:3865 [5] NCCL INFO Channel 27/0 : 1[b8000] -> 3[9e000] via P2P/IPC comm 0x5610dcba6340 nRanks 04
VM-0-4-tencentos:148:3866 [7] NCCL INFO Channel 29/0 : 3[9e000] -> 0[86000] via P2P/IPC comm 0x563efe489500 nRanks 04
VM-0-4-tencentos:146:3865 [5] NCCL INFO Channel 28/0 : 1[b8000] -> 3[9e000] via P2P/IPC comm 0x5610dcba6340 nRanks 04
VM-0-4-tencentos:148:3866 [7] NCCL INFO Channel 30/0 : 3[9e000] -> 0[86000] via P2P/IPC comm 0x563efe489500 nRanks 04
VM-0-4-tencentos:146:3865 [5] NCCL INFO Channel 29/0 : 1[b8000] -> 3[9e000] via P2P/IPC comm 0x5610dcba6340 nRanks 04
VM-0-4-tencentos:148:3866 [7] NCCL INFO Channel 31/0 : 3[9e000] -> 0[86000] via P2P/IPC comm 0x563efe489500 nRanks 04
VM-0-4-tencentos:146:3865 [5] NCCL INFO Channel 30/0 : 1[b8000] -> 3[9e000] via P2P/IPC comm 0x5610dcba6340 nRanks 04
VM-0-4-tencentos:146:3865 [5] NCCL INFO Channel 31/0 : 1[b8000] -> 3[9e000] via P2P/IPC comm 0x5610dcba6340 nRanks 04
VM-0-4-tencentos:141:3863 [0] NCCL INFO Channel 00/0 : 0[5000] -> 3[1c000] via P2P/IPC comm 0x561873f10a20 nRanks 04
VM-0-4-tencentos:141:3863 [0] NCCL INFO Channel 01/0 : 0[5000] -> 3[1c000] via P2P/IPC comm 0x561873f10a20 nRanks 04
VM-0-4-tencentos:141:3863 [0] NCCL INFO Channel 02/0 : 0[5000] -> 3[1c000] via P2P/IPC comm 0x561873f10a20 nRanks 04
VM-0-4-tencentos:141:3863 [0] NCCL INFO Channel 03/0 : 0[5000] -> 3[1c000] via P2P/IPC comm 0x561873f10a20 nRanks 04
VM-0-4-tencentos:141:3863 [0] NCCL INFO Channel 04/0 : 0[5000] -> 3[1c000] via P2P/IPC comm 0x561873f10a20 nRanks 04
VM-0-4-tencentos:141:3863 [0] NCCL INFO Channel 05/0 : 0[5000] -> 3[1c000] via P2P/IPC comm 0x561873f10a20 nRanks 04
VM-0-4-tencentos:141:3863 [0] NCCL INFO Channel 06/0 : 0[5000] -> 3[1c000] via P2P/IPC comm 0x561873f10a20 nRanks 04
VM-0-4-tencentos:141:3863 [0] NCCL INFO Channel 07/0 : 0[5000] -> 3[1c000] via P2P/IPC comm 0x561873f10a20 nRanks 04
VM-0-4-tencentos:141:3863 [0] NCCL INFO Channel 08/0 : 0[5000] -> 3[1c000] via P2P/IPC comm 0x561873f10a20 nRanks 04
VM-0-4-tencentos:141:3863 [0] NCCL INFO Channel 09/0 : 0[5000] -> 3[1c000] via P2P/IPC comm 0x561873f10a20 nRanks 04
VM-0-4-tencentos:141:3863 [0] NCCL INFO Channel 10/0 : 0[5000] -> 3[1c000] via P2P/IPC comm 0x561873f10a20 nRanks 04
VM-0-4-tencentos:141:3863 [0] NCCL INFO Channel 11/0 : 0[5000] -> 3[1c000] via P2P/IPC comm 0x561873f10a20 nRanks 04
VM-0-4-tencentos:141:3863 [0] NCCL INFO Channel 12/0 : 0[5000] -> 3[1c000] via P2P/IPC comm 0x561873f10a20 nRanks 04
VM-0-4-tencentos:141:3863 [0] NCCL INFO Channel 13/0 : 0[5000] -> 3[1c000] via P2P/IPC comm 0x561873f10a20 nRanks 04
VM-0-4-tencentos:141:3863 [0] NCCL INFO Channel 14/0 : 0[5000] -> 3[1c000] via P2P/IPC comm 0x561873f10a20 nRanks 04
VM-0-4-tencentos:141:3863 [0] NCCL INFO Channel 15/0 : 0[5000] -> 3[1c000] via P2P/IPC comm 0x561873f10a20 nRanks 04
VM-0-4-tencentos:141:3863 [0] NCCL INFO Channel 16/0 : 0[5000] -> 3[1c000] via P2P/IPC comm 0x561873f10a20 nRanks 04
VM-0-4-tencentos:141:3863 [0] NCCL INFO Channel 17/0 : 0[5000] -> 3[1c000] via P2P/IPC comm 0x561873f10a20 nRanks 04
VM-0-4-tencentos:141:3863 [0] NCCL INFO Channel 18/0 : 0[5000] -> 3[1c000] via P2P/IPC comm 0x561873f10a20 nRanks 04
VM-0-4-tencentos:141:3863 [0] NCCL INFO Channel 19/0 : 0[5000] -> 3[1c000] via P2P/IPC comm 0x561873f10a20 nRanks 04
VM-0-4-tencentos:141:3863 [0] NCCL INFO Channel 20/0 : 0[5000] -> 3[1c000] via P2P/IPC comm 0x561873f10a20 nRanks 04
VM-0-4-tencentos:141:3863 [0] NCCL INFO Channel 21/0 : 0[5000] -> 3[1c000] via P2P/IPC comm 0x561873f10a20 nRanks 04
VM-0-4-tencentos:141:3863 [0] NCCL INFO Channel 22/0 : 0[5000] -> 3[1c000] via P2P/IPC comm 0x561873f10a20 nRanks 04
VM-0-4-tencentos:141:3863 [0] NCCL INFO Channel 23/0 : 0[5000] -> 3[1c000] via P2P/IPC comm 0x561873f10a20 nRanks 04
VM-0-4-tencentos:141:3863 [0] NCCL INFO Channel 24/0 : 0[5000] -> 3[1c000] via P2P/IPC comm 0x561873f10a20 nRanks 04
VM-0-4-tencentos:141:3863 [0] NCCL INFO Channel 25/0 : 0[5000] -> 3[1c000] via P2P/IPC comm 0x561873f10a20 nRanks 04
VM-0-4-tencentos:141:3863 [0] NCCL INFO Channel 26/0 : 0[5000] -> 3[1c000] via P2P/IPC comm 0x561873f10a20 nRanks 04
VM-0-4-tencentos:141:3863 [0] NCCL INFO Channel 27/0 : 0[5000] -> 3[1c000] via P2P/IPC comm 0x561873f10a20 nRanks 04
VM-0-4-tencentos:141:3863 [0] NCCL INFO Channel 28/0 : 0[5000] -> 3[1c000] via P2P/IPC comm 0x561873f10a20 nRanks 04
VM-0-4-tencentos:141:3863 [0] NCCL INFO Channel 29/0 : 0[5000] -> 3[1c000] via P2P/IPC comm 0x561873f10a20 nRanks 04
VM-0-4-tencentos:141:3863 [0] NCCL INFO Channel 30/0 : 0[5000] -> 3[1c000] via P2P/IPC comm 0x561873f10a20 nRanks 04
VM-0-4-tencentos:141:3863 [0] NCCL INFO Channel 31/0 : 0[5000] -> 3[1c000] via P2P/IPC comm 0x561873f10a20 nRanks 04
VM-0-4-tencentos:143:3860 [2] NCCL INFO Connected all rings
VM-0-4-tencentos:142:3862 [1] NCCL INFO Connected all rings
VM-0-4-tencentos:141:3863 [0] NCCL INFO Connected all rings
VM-0-4-tencentos:144:3861 [3] NCCL INFO Connected all rings
VM-0-4-tencentos:143:3860 [2] NCCL INFO Channel 00/0 : 2[14000] -> 1[2b000] via P2P/IPC comm 0x55f1f27a9e60 nRanks 04
VM-0-4-tencentos:142:3862 [1] NCCL INFO Channel 00/0 : 1[2b000] -> 3[1c000] via P2P/IPC comm 0x557a48bd50f0 nRanks 04
VM-0-4-tencentos:144:3861 [3] NCCL INFO Channel 00/0 : 3[1c000] -> 0[5000] via P2P/IPC comm 0x55f71528c1c0 nRanks 04
VM-0-4-tencentos:144:3861 [3] NCCL INFO Channel 01/0 : 3[1c000] -> 0[5000] via P2P/IPC comm 0x55f71528c1c0 nRanks 04
VM-0-4-tencentos:143:3860 [2] NCCL INFO Channel 01/0 : 2[14000] -> 1[2b000] via P2P/IPC comm 0x55f1f27a9e60 nRanks 04
VM-0-4-tencentos:142:3862 [1] NCCL INFO Channel 01/0 : 1[2b000] -> 3[1c000] via P2P/IPC comm 0x557a48bd50f0 nRanks 04
VM-0-4-tencentos:144:3861 [3] NCCL INFO Channel 02/0 : 3[1c000] -> 0[5000] via P2P/IPC comm 0x55f71528c1c0 nRanks 04
VM-0-4-tencentos:142:3862 [1] NCCL INFO Channel 02/0 : 1[2b000] -> 3[1c000] via P2P/IPC comm 0x557a48bd50f0 nRanks 04
VM-0-4-tencentos:143:3860 [2] NCCL INFO Channel 02/0 : 2[14000] -> 1[2b000] via P2P/IPC comm 0x55f1f27a9e60 nRanks 04
VM-0-4-tencentos:144:3861 [3] NCCL INFO Channel 03/0 : 3[1c000] -> 0[5000] via P2P/IPC comm 0x55f71528c1c0 nRanks 04
VM-0-4-tencentos:142:3862 [1] NCCL INFO Channel 03/0 : 1[2b000] -> 3[1c000] via P2P/IPC comm 0x557a48bd50f0 nRanks 04
VM-0-4-tencentos:143:3860 [2] NCCL INFO Channel 03/0 : 2[14000] -> 1[2b000] via P2P/IPC comm 0x55f1f27a9e60 nRanks 04
VM-0-4-tencentos:142:3862 [1] NCCL INFO Channel 04/0 : 1[2b000] -> 3[1c000] via P2P/IPC comm 0x557a48bd50f0 nRanks 04
VM-0-4-tencentos:144:3861 [3] NCCL INFO Channel 04/0 : 3[1c000] -> 0[5000] via P2P/IPC comm 0x55f71528c1c0 nRanks 04
VM-0-4-tencentos:143:3860 [2] NCCL INFO Channel 04/0 : 2[14000] -> 1[2b000] via P2P/IPC comm 0x55f1f27a9e60 nRanks 04
VM-0-4-tencentos:142:3862 [1] NCCL INFO Channel 05/0 : 1[2b000] -> 3[1c000] via P2P/IPC comm 0x557a48bd50f0 nRanks 04
VM-0-4-tencentos:144:3861 [3] NCCL INFO Channel 05/0 : 3[1c000] -> 0[5000] via P2P/IPC comm 0x55f71528c1c0 nRanks 04
VM-0-4-tencentos:143:3860 [2] NCCL INFO Channel 05/0 : 2[14000] -> 1[2b000] via P2P/IPC comm 0x55f1f27a9e60 nRanks 04
VM-0-4-tencentos:142:3862 [1] NCCL INFO Channel 06/0 : 1[2b000] -> 3[1c000] via P2P/IPC comm 0x557a48bd50f0 nRanks 04
VM-0-4-tencentos:144:3861 [3] NCCL INFO Channel 06/0 : 3[1c000] -> 0[5000] via P2P/IPC comm 0x55f71528c1c0 nRanks 04
VM-0-4-tencentos:143:3860 [2] NCCL INFO Channel 06/0 : 2[14000] -> 1[2b000] via P2P/IPC comm 0x55f1f27a9e60 nRanks 04
VM-0-4-tencentos:142:3862 [1] NCCL INFO Channel 07/0 : 1[2b000] -> 3[1c000] via P2P/IPC comm 0x557a48bd50f0 nRanks 04
VM-0-4-tencentos:144:3861 [3] NCCL INFO Channel 07/0 : 3[1c000] -> 0[5000] via P2P/IPC comm 0x55f71528c1c0 nRanks 04
VM-0-4-tencentos:143:3860 [2] NCCL INFO Channel 07/0 : 2[14000] -> 1[2b000] via P2P/IPC comm 0x55f1f27a9e60 nRanks 04
VM-0-4-tencentos:142:3862 [1] NCCL INFO Channel 08/0 : 1[2b000] -> 3[1c000] via P2P/IPC comm 0x557a48bd50f0 nRanks 04
VM-0-4-tencentos:144:3861 [3] NCCL INFO Channel 08/0 : 3[1c000] -> 0[5000] via P2P/IPC comm 0x55f71528c1c0 nRanks 04
VM-0-4-tencentos:143:3860 [2] NCCL INFO Channel 08/0 : 2[14000] -> 1[2b000] via P2P/IPC comm 0x55f1f27a9e60 nRanks 04
VM-0-4-tencentos:142:3862 [1] NCCL INFO Channel 09/0 : 1[2b000] -> 3[1c000] via P2P/IPC comm 0x557a48bd50f0 nRanks 04
VM-0-4-tencentos:144:3861 [3] NCCL INFO Channel 09/0 : 3[1c000] -> 0[5000] via P2P/IPC comm 0x55f71528c1c0 nRanks 04
VM-0-4-tencentos:143:3860 [2] NCCL INFO Channel 09/0 : 2[14000] -> 1[2b000] via P2P/IPC comm 0x55f1f27a9e60 nRanks 04
VM-0-4-tencentos:142:3862 [1] NCCL INFO Channel 10/0 : 1[2b000] -> 3[1c000] via P2P/IPC comm 0x557a48bd50f0 nRanks 04
VM-0-4-tencentos:144:3861 [3] NCCL INFO Channel 10/0 : 3[1c000] -> 0[5000] via P2P/IPC comm 0x55f71528c1c0 nRanks 04
VM-0-4-tencentos:143:3860 [2] NCCL INFO Channel 10/0 : 2[14000] -> 1[2b000] via P2P/IPC comm 0x55f1f27a9e60 nRanks 04
VM-0-4-tencentos:142:3862 [1] NCCL INFO Channel 11/0 : 1[2b000] -> 3[1c000] via P2P/IPC comm 0x557a48bd50f0 nRanks 04
VM-0-4-tencentos:144:3861 [3] NCCL INFO Channel 11/0 : 3[1c000] -> 0[5000] via P2P/IPC comm 0x55f71528c1c0 nRanks 04
VM-0-4-tencentos:143:3860 [2] NCCL INFO Channel 11/0 : 2[14000] -> 1[2b000] via P2P/IPC comm 0x55f1f27a9e60 nRanks 04
VM-0-4-tencentos:142:3862 [1] NCCL INFO Channel 12/0 : 1[2b000] -> 3[1c000] via P2P/IPC comm 0x557a48bd50f0 nRanks 04
VM-0-4-tencentos:144:3861 [3] NCCL INFO Channel 12/0 : 3[1c000] -> 0[5000] via P2P/IPC comm 0x55f71528c1c0 nRanks 04
VM-0-4-tencentos:143:3860 [2] NCCL INFO Channel 12/0 : 2[14000] -> 1[2b000] via P2P/IPC comm 0x55f1f27a9e60 nRanks 04
VM-0-4-tencentos:142:3862 [1] NCCL INFO Channel 13/0 : 1[2b000] -> 3[1c000] via P2P/IPC comm 0x557a48bd50f0 nRanks 04
VM-0-4-tencentos:144:3861 [3] NCCL INFO Channel 13/0 : 3[1c000] -> 0[5000] via P2P/IPC comm 0x55f71528c1c0 nRanks 04
VM-0-4-tencentos:143:3860 [2] NCCL INFO Channel 13/0 : 2[14000] -> 1[2b000] via P2P/IPC comm 0x55f1f27a9e60 nRanks 04
VM-0-4-tencentos:142:3862 [1] NCCL INFO Channel 14/0 : 1[2b000] -> 3[1c000] via P2P/IPC comm 0x557a48bd50f0 nRanks 04
VM-0-4-tencentos:144:3861 [3] NCCL INFO Channel 14/0 : 3[1c000] -> 0[5000] via P2P/IPC comm 0x55f71528c1c0 nRanks 04
VM-0-4-tencentos:143:3860 [2] NCCL INFO Channel 14/0 : 2[14000] -> 1[2b000] via P2P/IPC comm 0x55f1f27a9e60 nRanks 04
VM-0-4-tencentos:142:3862 [1] NCCL INFO Channel 15/0 : 1[2b000] -> 3[1c000] via P2P/IPC comm 0x557a48bd50f0 nRanks 04
VM-0-4-tencentos:144:3861 [3] NCCL INFO Channel 15/0 : 3[1c000] -> 0[5000] via P2P/IPC comm 0x55f71528c1c0 nRanks 04
VM-0-4-tencentos:143:3860 [2] NCCL INFO Channel 15/0 : 2[14000] -> 1[2b000] via P2P/IPC comm 0x55f1f27a9e60 nRanks 04
VM-0-4-tencentos:142:3862 [1] NCCL INFO Channel 16/0 : 1[2b000] -> 3[1c000] via P2P/IPC comm 0x557a48bd50f0 nRanks 04
VM-0-4-tencentos:144:3861 [3] NCCL INFO Channel 16/0 : 3[1c000] -> 0[5000] via P2P/IPC comm 0x55f71528c1c0 nRanks 04
VM-0-4-tencentos:142:3862 [1] NCCL INFO Channel 17/0 : 1[2b000] -> 3[1c000] via P2P/IPC comm 0x557a48bd50f0 nRanks 04
VM-0-4-tencentos:143:3860 [2] NCCL INFO Channel 16/0 : 2[14000] -> 1[2b000] via P2P/IPC comm 0x55f1f27a9e60 nRanks 04
VM-0-4-tencentos:144:3861 [3] NCCL INFO Channel 17/0 : 3[1c000] -> 0[5000] via P2P/IPC comm 0x55f71528c1c0 nRanks 04
VM-0-4-tencentos:142:3862 [1] NCCL INFO Channel 18/0 : 1[2b000] -> 3[1c000] via P2P/IPC comm 0x557a48bd50f0 nRanks 04
VM-0-4-tencentos:143:3860 [2] NCCL INFO Channel 17/0 : 2[14000] -> 1[2b000] via P2P/IPC comm 0x55f1f27a9e60 nRanks 04
VM-0-4-tencentos:144:3861 [3] NCCL INFO Channel 18/0 : 3[1c000] -> 0[5000] via P2P/IPC comm 0x55f71528c1c0 nRanks 04
VM-0-4-tencentos:142:3862 [1] NCCL INFO Channel 19/0 : 1[2b000] -> 3[1c000] via P2P/IPC comm 0x557a48bd50f0 nRanks 04
VM-0-4-tencentos:143:3860 [2] NCCL INFO Channel 18/0 : 2[14000] -> 1[2b000] via P2P/IPC comm 0x55f1f27a9e60 nRanks 04
VM-0-4-tencentos:144:3861 [3] NCCL INFO Channel 19/0 : 3[1c000] -> 0[5000] via P2P/IPC comm 0x55f71528c1c0 nRanks 04
VM-0-4-tencentos:142:3862 [1] NCCL INFO Channel 20/0 : 1[2b000] -> 3[1c000] via P2P/IPC comm 0x557a48bd50f0 nRanks 04
VM-0-4-tencentos:143:3860 [2] NCCL INFO Channel 19/0 : 2[14000] -> 1[2b000] via P2P/IPC comm 0x55f1f27a9e60 nRanks 04
VM-0-4-tencentos:144:3861 [3] NCCL INFO Channel 20/0 : 3[1c000] -> 0[5000] via P2P/IPC comm 0x55f71528c1c0 nRanks 04
VM-0-4-tencentos:142:3862 [1] NCCL INFO Channel 21/0 : 1[2b000] -> 3[1c000] via P2P/IPC comm 0x557a48bd50f0 nRanks 04
VM-0-4-tencentos:143:3860 [2] NCCL INFO Channel 20/0 : 2[14000] -> 1[2b000] via P2P/IPC comm 0x55f1f27a9e60 nRanks 04
VM-0-4-tencentos:142:3862 [1] NCCL INFO Channel 22/0 : 1[2b000] -> 3[1c000] via P2P/IPC comm 0x557a48bd50f0 nRanks 04
VM-0-4-tencentos:144:3861 [3] NCCL INFO Channel 21/0 : 3[1c000] -> 0[5000] via P2P/IPC comm 0x55f71528c1c0 nRanks 04
VM-0-4-tencentos:143:3860 [2] NCCL INFO Channel 21/0 : 2[14000] -> 1[2b000] via P2P/IPC comm 0x55f1f27a9e60 nRanks 04
VM-0-4-tencentos:142:3862 [1] NCCL INFO Channel 23/0 : 1[2b000] -> 3[1c000] via P2P/IPC comm 0x557a48bd50f0 nRanks 04
VM-0-4-tencentos:144:3861 [3] NCCL INFO Channel 22/0 : 3[1c000] -> 0[5000] via P2P/IPC comm 0x55f71528c1c0 nRanks 04
VM-0-4-tencentos:143:3860 [2] NCCL INFO Channel 22/0 : 2[14000] -> 1[2b000] via P2P/IPC comm 0x55f1f27a9e60 nRanks 04
VM-0-4-tencentos:142:3862 [1] NCCL INFO Channel 24/0 : 1[2b000] -> 3[1c000] via P2P/IPC comm 0x557a48bd50f0 nRanks 04
VM-0-4-tencentos:143:3860 [2] NCCL INFO Channel 23/0 : 2[14000] -> 1[2b000] via P2P/IPC comm 0x55f1f27a9e60 nRanks 04
VM-0-4-tencentos:142:3862 [1] NCCL INFO Channel 25/0 : 1[2b000] -> 3[1c000] via P2P/IPC comm 0x557a48bd50f0 nRanks 04
VM-0-4-tencentos:143:3860 [2] NCCL INFO Channel 24/0 : 2[14000] -> 1[2b000] via P2P/IPC comm 0x55f1f27a9e60 nRanks 04
VM-0-4-tencentos:142:3862 [1] NCCL INFO Channel 26/0 : 1[2b000] -> 3[1c000] via P2P/IPC comm 0x557a48bd50f0 nRanks 04
VM-0-4-tencentos:143:3860 [2] NCCL INFO Channel 25/0 : 2[14000] -> 1[2b000] via P2P/IPC comm 0x55f1f27a9e60 nRanks 04
VM-0-4-tencentos:142:3862 [1] NCCL INFO Channel 27/0 : 1[2b000] -> 3[1c000] via P2P/IPC comm 0x557a48bd50f0 nRanks 04
VM-0-4-tencentos:143:3860 [2] NCCL INFO Channel 26/0 : 2[14000] -> 1[2b000] via P2P/IPC comm 0x55f1f27a9e60 nRanks 04
VM-0-4-tencentos:142:3862 [1] NCCL INFO Channel 28/0 : 1[2b000] -> 3[1c000] via P2P/IPC comm 0x557a48bd50f0 nRanks 04
VM-0-4-tencentos:143:3860 [2] NCCL INFO Channel 27/0 : 2[14000] -> 1[2b000] via P2P/IPC comm 0x55f1f27a9e60 nRanks 04
VM-0-4-tencentos:142:3862 [1] NCCL INFO Channel 29/0 : 1[2b000] -> 3[1c000] via P2P/IPC comm 0x557a48bd50f0 nRanks 04
VM-0-4-tencentos:143:3860 [2] NCCL INFO Channel 28/0 : 2[14000] -> 1[2b000] via P2P/IPC comm 0x55f1f27a9e60 nRanks 04
VM-0-4-tencentos:144:3861 [3] NCCL INFO Channel 23/0 : 3[1c000] -> 0[5000] via P2P/IPC comm 0x55f71528c1c0 nRanks 04
VM-0-4-tencentos:142:3862 [1] NCCL INFO Channel 30/0 : 1[2b000] -> 3[1c000] via P2P/IPC comm 0x557a48bd50f0 nRanks 04
VM-0-4-tencentos:143:3860 [2] NCCL INFO Channel 29/0 : 2[14000] -> 1[2b000] via P2P/IPC comm 0x55f1f27a9e60 nRanks 04
VM-0-4-tencentos:144:3861 [3] NCCL INFO Channel 24/0 : 3[1c000] -> 0[5000] via P2P/IPC comm 0x55f71528c1c0 nRanks 04
VM-0-4-tencentos:142:3862 [1] NCCL INFO Channel 31/0 : 1[2b000] -> 3[1c000] via P2P/IPC comm 0x557a48bd50f0 nRanks 04
VM-0-4-tencentos:143:3860 [2] NCCL INFO Channel 30/0 : 2[14000] -> 1[2b000] via P2P/IPC comm 0x55f1f27a9e60 nRanks 04
VM-0-4-tencentos:144:3861 [3] NCCL INFO Channel 25/0 : 3[1c000] -> 0[5000] via P2P/IPC comm 0x55f71528c1c0 nRanks 04
VM-0-4-tencentos:143:3860 [2] NCCL INFO Channel 31/0 : 2[14000] -> 1[2b000] via P2P/IPC comm 0x55f1f27a9e60 nRanks 04
VM-0-4-tencentos:144:3861 [3] NCCL INFO Channel 26/0 : 3[1c000] -> 0[5000] via P2P/IPC comm 0x55f71528c1c0 nRanks 04
VM-0-4-tencentos:144:3861 [3] NCCL INFO Channel 27/0 : 3[1c000] -> 0[5000] via P2P/IPC comm 0x55f71528c1c0 nRanks 04
VM-0-4-tencentos:144:3861 [3] NCCL INFO Channel 28/0 : 3[1c000] -> 0[5000] via P2P/IPC comm 0x55f71528c1c0 nRanks 04
VM-0-4-tencentos:144:3861 [3] NCCL INFO Channel 29/0 : 3[1c000] -> 0[5000] via P2P/IPC comm 0x55f71528c1c0 nRanks 04
VM-0-4-tencentos:144:3861 [3] NCCL INFO Channel 30/0 : 3[1c000] -> 0[5000] via P2P/IPC comm 0x55f71528c1c0 nRanks 04
VM-0-4-tencentos:144:3861 [3] NCCL INFO Channel 31/0 : 3[1c000] -> 0[5000] via P2P/IPC comm 0x55f71528c1c0 nRanks 04
VM-0-4-tencentos:141:3863 [0] NCCL INFO Connected all trees
VM-0-4-tencentos:141:3863 [0] NCCL INFO NCCL_ALGO set by environment to Ring
VM-0-4-tencentos:141:3863 [0] NCCL INFO threadThresholds 8/8/64 | 32/8/64 | 256 | 256
VM-0-4-tencentos:141:3863 [0] NCCL INFO 32 coll channels, 32 collnet channels, 0 nvls channels, 32 p2p channels, 16 p2p channels per peer
VM-0-4-tencentos:141:3863 [0] NCCL INFO CC Off, Multi-GPU CC Off, workFifoBytes 1048576
VM-0-4-tencentos:144:3861 [3] NCCL INFO Connected all trees
VM-0-4-tencentos:144:3861 [3] NCCL INFO NCCL_ALGO set by environment to Ring
VM-0-4-tencentos:144:3861 [3] NCCL INFO threadThresholds 8/8/64 | 32/8/64 | 256 | 256
VM-0-4-tencentos:144:3861 [3] NCCL INFO 32 coll channels, 32 collnet channels, 0 nvls channels, 32 p2p channels, 16 p2p channels per peer
VM-0-4-tencentos:143:3860 [2] NCCL INFO Connected all trees
